 dsogi_pll_3ph_sfun

 Timestamp is 66534c82 (Sun May 26 16:51:46 2024)

 Preferred load address is 0000000180000000

 Start         Length     Name                   Class
 0001:00000000 0002f3f0H .text$mn                CODE
 0001:0002f3f0 00000036H .text$mn$00             CODE
 0001:0002f426 00000092H .text$x                 CODE
 0002:00000000 00000490H .idata$5                DATA
 0002:00000490 00000038H .00cfg                  DATA
 0002:000004c8 00000008H .CRT$XCA                DATA
 0002:000004d0 00000008H .CRT$XCZ                DATA
 0002:000004d8 00000008H .CRT$XIA                DATA
 0002:000004e0 00000008H .CRT$XIZ                DATA
 0002:000004e8 00000008H .CRT$XPA                DATA
 0002:000004f0 00000008H .CRT$XPZ                DATA
 0002:000004f8 00000008H .CRT$XTA                DATA
 0002:00000500 00000010H .CRT$XTZ                DATA
 0002:00000508 00000000H .gehcont$y              DATA
 0002:00000508 00000000H .gfids$y                DATA
 0002:00000510 00000470H .rdata                  DATA
 0002:00000980 00000080H .rdata$CastGuardVftablesA DATA
 0002:00000a00 00000080H .rdata$CastGuardVftablesC DATA
 0002:00000a80 0000029cH .rdata$voltmd           DATA
 0002:00000d1c 0000027cH .rdata$zzzdbg           DATA
 0002:00000f98 00000008H .rtc$IAA                DATA
 0002:00000fa0 00000008H .rtc$IZZ                DATA
 0002:00000fa8 00000008H .rtc$TAA                DATA
 0002:00000fb0 00000008H .rtc$TZZ                DATA
 0002:00000fb8 00001a38H .xdata                  DATA
 0002:000029f0 0000007cH .edata                  DATA
 0002:00002a6c 00000118H .idata$2                DATA
 0002:00002b84 00000014H .idata$3                DATA
 0002:00002b98 00000490H .idata$4                DATA
 0002:00003028 00000c8aH .idata$6                DATA
 0003:00000000 0000ac40H .data                   DATA
 0003:0000ac40 000055d0H .bss                    DATA
 0004:00000000 000022bcH .pdata                  DATA

  Address         Publics by Value              Rva+Base               Lib:Object

 0000:00000000       __AbsoluteZero             0000000000000000     <absolute>
 0000:00000000       ___safe_se_handler_count   0000000000000000     <absolute>
 0000:00000000       ___safe_se_handler_table   0000000000000000     <absolute>
 0000:00000000       __arm64x_extra_rfe_table   0000000000000000     <absolute>
 0000:00000000       __arm64x_extra_rfe_table_size 0000000000000000     <absolute>
 0000:00000000       __arm64x_native_entrypoint 0000000000000000     <absolute>
 0000:00000000       __arm64x_redirection_metadata 0000000000000000     <absolute>
 0000:00000000       __arm64x_redirection_metadata_count 0000000000000000     <absolute>
 0000:00000000       __dynamic_value_reloc_table 0000000000000000     <absolute>
 0000:00000000       __enclave_config           0000000000000000     <absolute>
 0000:00000000       __guard_check_icall_a64n_fptr 0000000000000000     <absolute>
 0000:00000000       __guard_eh_cont_count      0000000000000000     <absolute>
 0000:00000000       __guard_eh_cont_table      0000000000000000     <absolute>
 0000:00000000       __guard_fids_count         0000000000000000     <absolute>
 0000:00000000       __guard_fids_table         0000000000000000     <absolute>
 0000:00000000       __guard_iat_count          0000000000000000     <absolute>
 0000:00000000       __guard_iat_table          0000000000000000     <absolute>
 0000:00000000       __guard_longjmp_count      0000000000000000     <absolute>
 0000:00000000       __guard_longjmp_table      0000000000000000     <absolute>
 0000:00000000       __hybrid_auxiliary_delayload_iat 0000000000000000     <absolute>
 0000:00000000       __hybrid_auxiliary_delayload_iat_copy 0000000000000000     <absolute>
 0000:00000000       __hybrid_auxiliary_iat     0000000000000000     <absolute>
 0000:00000000       __hybrid_auxiliary_iat_copy 0000000000000000     <absolute>
 0000:00000000       __hybrid_code_map          0000000000000000     <absolute>
 0000:00000000       __hybrid_code_map_count    0000000000000000     <absolute>
 0000:00000000       __x64_code_ranges_to_entry_points 0000000000000000     <absolute>
 0000:00000000       __x64_code_ranges_to_entry_points_count 0000000000000000     <absolute>
 0000:00000100       __guard_flags              0000000000000100     <absolute>
 0000:00000000       __ImageBase                0000000180000000     <linker-defined>
 0001:00000000       dsogi_pll_3ph_initializer  0000000180001000 f   dsogi_pll_3ph_sfun.obj
 0001:00000010       dsogi_pll_3ph_terminator   0000000180001010 f   dsogi_pll_3ph_sfun.obj
 0001:00000020       load_dsogi_pll_3ph_optimization_info 0000000180001020 f   dsogi_pll_3ph_sfun.obj
 0001:000000d0       unload_dsogi_pll_3ph_optimization_info 00000001800010d0 f   dsogi_pll_3ph_sfun.obj
 0001:00000100       sf_dsogi_pll_3ph_method_dispatcher 0000000180001100 f   dsogi_pll_3ph_sfun.obj
 0001:000002f0       sf_dsogi_pll_3ph_process_check_sum_call 00000001800012f0 f   dsogi_pll_3ph_sfun.obj
 0001:00000930       sf_dsogi_pll_3ph_get_eml_resolved_functions_info 0000000180001930 f   dsogi_pll_3ph_sfun.obj
 0001:00000f90       sf_dsogi_pll_3ph_third_party_uses_info 0000000180001f90 f   dsogi_pll_3ph_sfun.obj
 0001:00001450       sf_dsogi_pll_3ph_jit_fallback_info 0000000180002450 f   dsogi_pll_3ph_sfun.obj
 0001:00001910       sf_dsogi_pll_3ph_get_post_codegen_info 0000000180002910 f   dsogi_pll_3ph_sfun.obj
 0001:00001ee0       sf_dsogi_pll_3ph_updateBuildInfo_args_info 0000000180002ee0 f   dsogi_pll_3ph_sfun.obj
 0001:000023a0       dsogi_pll_3ph_register_exported_symbols 00000001800033a0 f   dsogi_pll_3ph_sfun.obj
 0001:000023b0       sf_c1_dsogi_pll_3ph_get_eml_resolved_functions_info 00000001800033b0 f   c1_dsogi_pll_3ph.obj
 0001:00002430       sf_c1_dsogi_pll_3ph_get_check_sum 0000000180003430 f   c1_dsogi_pll_3ph.obj
 0001:00002500       c1_dsogi_pll_3ph_method_dispatcher 0000000180003500 f   c1_dsogi_pll_3ph.obj
 0001:00005a70       sf_c1_dsogi_pll_3ph_third_party_uses_info 0000000180006a70 f   c1_dsogi_pll_3ph.obj
 0001:00005aa0       sf_c1_dsogi_pll_3ph_jit_fallback_info 0000000180006aa0 f   c1_dsogi_pll_3ph.obj
 0001:00005c30       sf_c1_dsogi_pll_3ph_updateBuildInfo_args_info 0000000180006c30 f   c1_dsogi_pll_3ph.obj
 0001:00005ff0       sf_c1_dsogi_pll_3ph_get_post_codegen_info 0000000180006ff0 f   c1_dsogi_pll_3ph.obj
 0001:000064f0       sf_c10_dsogi_pll_3ph_get_eml_resolved_functions_info 00000001800074f0 f   c10_dsogi_pll_3ph.obj
 0001:00006570       sf_c10_dsogi_pll_3ph_get_check_sum 0000000180007570 f   c10_dsogi_pll_3ph.obj
 0001:00006640       c10_dsogi_pll_3ph_method_dispatcher 0000000180007640 f   c10_dsogi_pll_3ph.obj
 0001:000082d0       sf_c10_dsogi_pll_3ph_third_party_uses_info 00000001800092d0 f   c10_dsogi_pll_3ph.obj
 0001:00008300       sf_c10_dsogi_pll_3ph_jit_fallback_info 0000000180009300 f   c10_dsogi_pll_3ph.obj
 0001:00008490       sf_c10_dsogi_pll_3ph_updateBuildInfo_args_info 0000000180009490 f   c10_dsogi_pll_3ph.obj
 0001:00008850       sf_c10_dsogi_pll_3ph_get_post_codegen_info 0000000180009850 f   c10_dsogi_pll_3ph.obj
 0001:00008d50       sf_c14_dsogi_pll_3ph_get_eml_resolved_functions_info 0000000180009d50 f   c14_dsogi_pll_3ph.obj
 0001:00008dd0       sf_c14_dsogi_pll_3ph_get_check_sum 0000000180009dd0 f   c14_dsogi_pll_3ph.obj
 0001:00008ea0       c14_dsogi_pll_3ph_method_dispatcher 0000000180009ea0 f   c14_dsogi_pll_3ph.obj
 0001:0000c410       sf_c14_dsogi_pll_3ph_third_party_uses_info 000000018000d410 f   c14_dsogi_pll_3ph.obj
 0001:0000c440       sf_c14_dsogi_pll_3ph_jit_fallback_info 000000018000d440 f   c14_dsogi_pll_3ph.obj
 0001:0000c5d0       sf_c14_dsogi_pll_3ph_updateBuildInfo_args_info 000000018000d5d0 f   c14_dsogi_pll_3ph.obj
 0001:0000c990       sf_c14_dsogi_pll_3ph_get_post_codegen_info 000000018000d990 f   c14_dsogi_pll_3ph.obj
 0001:0000ce90       sf_c17_dsogi_pll_3ph_get_eml_resolved_functions_info 000000018000de90 f   c17_dsogi_pll_3ph.obj
 0001:0000cf10       sf_c17_dsogi_pll_3ph_get_check_sum 000000018000df10 f   c17_dsogi_pll_3ph.obj
 0001:0000cfe0       c17_dsogi_pll_3ph_method_dispatcher 000000018000dfe0 f   c17_dsogi_pll_3ph.obj
 0001:0000e400       sf_c17_dsogi_pll_3ph_third_party_uses_info 000000018000f400 f   c17_dsogi_pll_3ph.obj
 0001:0000e430       sf_c17_dsogi_pll_3ph_jit_fallback_info 000000018000f430 f   c17_dsogi_pll_3ph.obj
 0001:0000e5c0       sf_c17_dsogi_pll_3ph_updateBuildInfo_args_info 000000018000f5c0 f   c17_dsogi_pll_3ph.obj
 0001:0000e980       sf_c17_dsogi_pll_3ph_get_post_codegen_info 000000018000f980 f   c17_dsogi_pll_3ph.obj
 0001:0000ee80       sf_c18_dsogi_pll_3ph_get_eml_resolved_functions_info 000000018000fe80 f   c18_dsogi_pll_3ph.obj
 0001:0000ef00       sf_c18_dsogi_pll_3ph_get_check_sum 000000018000ff00 f   c18_dsogi_pll_3ph.obj
 0001:0000efd0       c18_dsogi_pll_3ph_method_dispatcher 000000018000ffd0 f   c18_dsogi_pll_3ph.obj
 0001:000103f0       sf_c18_dsogi_pll_3ph_third_party_uses_info 00000001800113f0 f   c18_dsogi_pll_3ph.obj
 0001:00010420       sf_c18_dsogi_pll_3ph_jit_fallback_info 0000000180011420 f   c18_dsogi_pll_3ph.obj
 0001:000105b0       sf_c18_dsogi_pll_3ph_updateBuildInfo_args_info 00000001800115b0 f   c18_dsogi_pll_3ph.obj
 0001:00010970       sf_c18_dsogi_pll_3ph_get_post_codegen_info 0000000180011970 f   c18_dsogi_pll_3ph.obj
 0001:00010e70       sf_c19_dsogi_pll_3ph_get_eml_resolved_functions_info 0000000180011e70 f   c19_dsogi_pll_3ph.obj
 0001:00010ef0       sf_c19_dsogi_pll_3ph_get_check_sum 0000000180011ef0 f   c19_dsogi_pll_3ph.obj
 0001:00010fc0       c19_dsogi_pll_3ph_method_dispatcher 0000000180011fc0 f   c19_dsogi_pll_3ph.obj
 0001:000123e0       sf_c19_dsogi_pll_3ph_third_party_uses_info 00000001800133e0 f   c19_dsogi_pll_3ph.obj
 0001:00012410       sf_c19_dsogi_pll_3ph_jit_fallback_info 0000000180013410 f   c19_dsogi_pll_3ph.obj
 0001:000125a0       sf_c19_dsogi_pll_3ph_updateBuildInfo_args_info 00000001800135a0 f   c19_dsogi_pll_3ph.obj
 0001:00012960       sf_c19_dsogi_pll_3ph_get_post_codegen_info 0000000180013960 f   c19_dsogi_pll_3ph.obj
 0001:00012e60       sf_c20_dsogi_pll_3ph_get_eml_resolved_functions_info 0000000180013e60 f   c20_dsogi_pll_3ph.obj
 0001:00012ee0       sf_c20_dsogi_pll_3ph_get_check_sum 0000000180013ee0 f   c20_dsogi_pll_3ph.obj
 0001:00012fb0       c20_dsogi_pll_3ph_method_dispatcher 0000000180013fb0 f   c20_dsogi_pll_3ph.obj
 0001:000143d0       sf_c20_dsogi_pll_3ph_third_party_uses_info 00000001800153d0 f   c20_dsogi_pll_3ph.obj
 0001:00014400       sf_c20_dsogi_pll_3ph_jit_fallback_info 0000000180015400 f   c20_dsogi_pll_3ph.obj
 0001:00014590       sf_c20_dsogi_pll_3ph_updateBuildInfo_args_info 0000000180015590 f   c20_dsogi_pll_3ph.obj
 0001:00014950       sf_c20_dsogi_pll_3ph_get_post_codegen_info 0000000180015950 f   c20_dsogi_pll_3ph.obj
 0001:00014e50       sf_c21_dsogi_pll_3ph_get_eml_resolved_functions_info 0000000180015e50 f   c21_dsogi_pll_3ph.obj
 0001:00014ed0       sf_c21_dsogi_pll_3ph_get_check_sum 0000000180015ed0 f   c21_dsogi_pll_3ph.obj
 0001:00014fa0       c21_dsogi_pll_3ph_method_dispatcher 0000000180015fa0 f   c21_dsogi_pll_3ph.obj
 0001:00016340       sf_c21_dsogi_pll_3ph_third_party_uses_info 0000000180017340 f   c21_dsogi_pll_3ph.obj
 0001:00016370       sf_c21_dsogi_pll_3ph_jit_fallback_info 0000000180017370 f   c21_dsogi_pll_3ph.obj
 0001:00016500       sf_c21_dsogi_pll_3ph_updateBuildInfo_args_info 0000000180017500 f   c21_dsogi_pll_3ph.obj
 0001:000168c0       sf_c21_dsogi_pll_3ph_get_post_codegen_info 00000001800178c0 f   c21_dsogi_pll_3ph.obj
 0001:00016dc0       sf_c22_dsogi_pll_3ph_get_eml_resolved_functions_info 0000000180017dc0 f   c22_dsogi_pll_3ph.obj
 0001:00016e40       sf_c22_dsogi_pll_3ph_get_check_sum 0000000180017e40 f   c22_dsogi_pll_3ph.obj
 0001:00016f10       c22_dsogi_pll_3ph_method_dispatcher 0000000180017f10 f   c22_dsogi_pll_3ph.obj
 0001:000182b0       sf_c22_dsogi_pll_3ph_third_party_uses_info 00000001800192b0 f   c22_dsogi_pll_3ph.obj
 0001:000182e0       sf_c22_dsogi_pll_3ph_jit_fallback_info 00000001800192e0 f   c22_dsogi_pll_3ph.obj
 0001:00018470       sf_c22_dsogi_pll_3ph_updateBuildInfo_args_info 0000000180019470 f   c22_dsogi_pll_3ph.obj
 0001:00018830       sf_c22_dsogi_pll_3ph_get_post_codegen_info 0000000180019830 f   c22_dsogi_pll_3ph.obj
 0001:00018d30       sf_c23_dsogi_pll_3ph_get_eml_resolved_functions_info 0000000180019d30 f   c23_dsogi_pll_3ph.obj
 0001:00018db0       sf_c23_dsogi_pll_3ph_get_check_sum 0000000180019db0 f   c23_dsogi_pll_3ph.obj
 0001:00018e80       c23_dsogi_pll_3ph_method_dispatcher 0000000180019e80 f   c23_dsogi_pll_3ph.obj
 0001:0001b5d0       sf_c23_dsogi_pll_3ph_third_party_uses_info 000000018001c5d0 f   c23_dsogi_pll_3ph.obj
 0001:0001b600       sf_c23_dsogi_pll_3ph_jit_fallback_info 000000018001c600 f   c23_dsogi_pll_3ph.obj
 0001:0001b790       sf_c23_dsogi_pll_3ph_updateBuildInfo_args_info 000000018001c790 f   c23_dsogi_pll_3ph.obj
 0001:0001bb50       sf_c23_dsogi_pll_3ph_get_post_codegen_info 000000018001cb50 f   c23_dsogi_pll_3ph.obj
 0001:0001c050       sf_c24_dsogi_pll_3ph_get_eml_resolved_functions_info 000000018001d050 f   c24_dsogi_pll_3ph.obj
 0001:0001c0d0       sf_c24_dsogi_pll_3ph_get_check_sum 000000018001d0d0 f   c24_dsogi_pll_3ph.obj
 0001:0001c1a0       c24_dsogi_pll_3ph_method_dispatcher 000000018001d1a0 f   c24_dsogi_pll_3ph.obj
 0001:0001dbd0       sf_c24_dsogi_pll_3ph_third_party_uses_info 000000018001ebd0 f   c24_dsogi_pll_3ph.obj
 0001:0001dc00       sf_c24_dsogi_pll_3ph_jit_fallback_info 000000018001ec00 f   c24_dsogi_pll_3ph.obj
 0001:0001dd90       sf_c24_dsogi_pll_3ph_updateBuildInfo_args_info 000000018001ed90 f   c24_dsogi_pll_3ph.obj
 0001:0001e150       sf_c24_dsogi_pll_3ph_get_post_codegen_info 000000018001f150 f   c24_dsogi_pll_3ph.obj
 0001:0001e650       sf_c25_dsogi_pll_3ph_get_eml_resolved_functions_info 000000018001f650 f   c25_dsogi_pll_3ph.obj
 0001:0001e6d0       sf_c25_dsogi_pll_3ph_get_check_sum 000000018001f6d0 f   c25_dsogi_pll_3ph.obj
 0001:0001e7a0       c25_dsogi_pll_3ph_method_dispatcher 000000018001f7a0 f   c25_dsogi_pll_3ph.obj
 0001:00020490       sf_c25_dsogi_pll_3ph_third_party_uses_info 0000000180021490 f   c25_dsogi_pll_3ph.obj
 0001:000204c0       sf_c25_dsogi_pll_3ph_jit_fallback_info 00000001800214c0 f   c25_dsogi_pll_3ph.obj
 0001:00020650       sf_c25_dsogi_pll_3ph_updateBuildInfo_args_info 0000000180021650 f   c25_dsogi_pll_3ph.obj
 0001:00020a10       sf_c25_dsogi_pll_3ph_get_post_codegen_info 0000000180021a10 f   c25_dsogi_pll_3ph.obj
 0001:00020f10       sf_c26_dsogi_pll_3ph_get_eml_resolved_functions_info 0000000180021f10 f   c26_dsogi_pll_3ph.obj
 0001:00020f90       sf_c26_dsogi_pll_3ph_get_check_sum 0000000180021f90 f   c26_dsogi_pll_3ph.obj
 0001:00021060       c26_dsogi_pll_3ph_method_dispatcher 0000000180022060 f   c26_dsogi_pll_3ph.obj
 0001:00022400       sf_c26_dsogi_pll_3ph_third_party_uses_info 0000000180023400 f   c26_dsogi_pll_3ph.obj
 0001:00022430       sf_c26_dsogi_pll_3ph_jit_fallback_info 0000000180023430 f   c26_dsogi_pll_3ph.obj
 0001:000225c0       sf_c26_dsogi_pll_3ph_updateBuildInfo_args_info 00000001800235c0 f   c26_dsogi_pll_3ph.obj
 0001:00022980       sf_c26_dsogi_pll_3ph_get_post_codegen_info 0000000180023980 f   c26_dsogi_pll_3ph.obj
 0001:00022e80       mexFunction                0000000180023e80 f   dsogi_pll_3ph_sfun_registry.obj
 0001:00025750       _ssSetInputPortDirectFeedThroughFcn 0000000180026750 f   dsogi_pll_3ph_sfun_registry.obj
 0001:000258c0       _ssSetRWorkValueFcn        00000001800268c0 f   dsogi_pll_3ph_sfun_registry.obj
 0001:00025940       _ssGetRWorkValueFcn        0000000180026940 f   dsogi_pll_3ph_sfun_registry.obj
 0001:000259b0       _ssSetIWorkValueFcn        00000001800269b0 f   dsogi_pll_3ph_sfun_registry.obj
 0001:00025a30       _ssGetIWorkValueFcn        0000000180026a30 f   dsogi_pll_3ph_sfun_registry.obj
 0001:00025aa0       _ssSetPWorkValueFcn        0000000180026aa0 f   dsogi_pll_3ph_sfun_registry.obj
 0001:00025b20       _ssGetPWorkValueFcn        0000000180026b20 f   dsogi_pll_3ph_sfun_registry.obj
 0001:00025b90       _ssGetInputPortSignalFcn   0000000180026b90 f   dsogi_pll_3ph_sfun_registry.obj
 0001:00025f20       _ssGetInputPortBufferDstPortFcn 0000000180026f20 f   dsogi_pll_3ph_sfun_registry.obj
 0001:00025fa0       _ssGetInputPortSignalPtrsFcn 0000000180026fa0 f   dsogi_pll_3ph_sfun_registry.obj
 0001:00026330       ssGetParameterTuningCompliance 0000000180027330 f   dsogi_pll_3ph_sfun_registry.obj
 0001:000263a0       _ssReadInputStringFcn      00000001800273a0 f   dsogi_pll_3ph_sfun_registry.obj
 0001:00026410       ssGetDTypeIdFromMxArray    0000000180027410 f   dsogi_pll_3ph_sfun_registry.obj
 0001:00026530       ssWriteRTWMx2dMatParam     0000000180027530 f   dsogi_pll_3ph_sfun_registry.obj
 0001:000265c0       ssWriteRTWMxVectParam      00000001800275c0 f   dsogi_pll_3ph_sfun_registry.obj
 0001:00026640       ssWriteRTWParameters       0000000180027640 f   dsogi_pll_3ph_sfun_registry.obj
 0001:00026c00       ssWriteRTWParamSettings    0000000180027c00 f   dsogi_pll_3ph_sfun_registry.obj
 0001:000272f0       ssWriteRTWStr              00000001800282f0 f   dsogi_pll_3ph_sfun_registry.obj
 0001:00027350       ssWriteRTWWorkVect         0000000180028350 f   dsogi_pll_3ph_sfun_registry.obj
 0001:000278b0       ssWarning                  00000001800288b0 f   dsogi_pll_3ph_sfun_registry.obj
 0001:000279a0       ssGetRootSS                00000001800289a0 f   dsogi_pll_3ph_sfun_registry.obj
 0001:00027a60       ssGetParentSS              0000000180028a60 f   dsogi_pll_3ph_sfun_registry.obj
 0001:00027b20       ssWriteRTWNameValuePair    0000000180028b20 f   dsogi_pll_3ph_sfun_registry.obj
 0001:00028020       _ssSetInputPortMatrixDimensions 0000000180029020 f   dsogi_pll_3ph_sfun_registry.obj
 0001:00028170       _ssSetOutputPortMatrixDimensions 0000000180029170 f   dsogi_pll_3ph_sfun_registry.obj
 0001:000282c0       _ssSetInputPortVectorDimension 00000001800292c0 f   dsogi_pll_3ph_sfun_registry.obj
 0001:00028370       _ssSetOutputPortVectorDimension 0000000180029370 f   dsogi_pll_3ph_sfun_registry.obj
 0001:00028420       ssIsRunTimeParamTunable    0000000180029420 f   dsogi_pll_3ph_sfun_registry.obj
 0001:00028490       ssGetSFuncBlockHandle      0000000180029490 f   dsogi_pll_3ph_sfun_registry.obj
 0001:00028500       _ssGetCallSystemNumFcnCallDestinations 0000000180029500 f   dsogi_pll_3ph_sfun_registry.obj
 0001:00028570       _ssGetCurrentInputPortWidth 0000000180029570 f   dsogi_pll_3ph_sfun_registry.obj
 0001:000286b0       _ssGetCurrentOutputPortWidth 00000001800296b0 f   dsogi_pll_3ph_sfun_registry.obj
 0001:000287f0       ssGetIsZeroCrossControlDisabled 00000001800297f0 f   dsogi_pll_3ph_sfun_registry.obj
 0001:00028860       ssSetIsInputPortUsedForContZcSignal 0000000180029860 f   dsogi_pll_3ph_sfun_registry.obj
 0001:000288d0       ssSetZcSignalIsZcElementDisc 00000001800298d0 f   dsogi_pll_3ph_sfun_registry.obj
 0001:00028980       ssSetZcSignalName          0000000180029980 f   dsogi_pll_3ph_sfun_registry.obj
 0001:000289f0       ssSetZcSignalWidth         00000001800299f0 f   dsogi_pll_3ph_sfun_registry.obj
 0001:00028a60       ssSetZcSignalZcEventType   0000000180029a60 f   dsogi_pll_3ph_sfun_registry.obj
 0001:00028ad0       ssSetZcSignalType          0000000180029ad0 f   dsogi_pll_3ph_sfun_registry.obj
 0001:00028b40       ssSetZcSignalZcTol         0000000180029b40 f   dsogi_pll_3ph_sfun_registry.obj
 0001:00028bb0       ssSetZcSignalNeedsEventNotification 0000000180029bb0 f   dsogi_pll_3ph_sfun_registry.obj
 0001:00028c20       ssCreateAndAddZcSignalInfo 0000000180029c20 f   dsogi_pll_3ph_sfun_registry.obj
 0001:00028c90       ssCloneAndAddZcSignalInfo  0000000180029c90 f   dsogi_pll_3ph_sfun_registry.obj
 0001:00028d00       ssGetNumZcSignals          0000000180029d00 f   dsogi_pll_3ph_sfun_registry.obj
 0001:00028d70       ssGetZcSignalVector        0000000180029d70 f   dsogi_pll_3ph_sfun_registry.obj
 0001:00028de0       ssGetZcSignalName          0000000180029de0 f   dsogi_pll_3ph_sfun_registry.obj
 0001:00028e50       ssGetZcSignalWidth         0000000180029e50 f   dsogi_pll_3ph_sfun_registry.obj
 0001:00028ec0       ssGetZcSignalZcEventType   0000000180029ec0 f   dsogi_pll_3ph_sfun_registry.obj
 0001:00028f30       ssGetZcSignalZcEvents      0000000180029f30 f   dsogi_pll_3ph_sfun_registry.obj
 0001:00028fa0       ssGetZcSignalType          0000000180029fa0 f   dsogi_pll_3ph_sfun_registry.obj
 0001:00029010       ssGetZcSignalZcTol         000000018002a010 f   dsogi_pll_3ph_sfun_registry.obj
 0001:00029090       ssGetZcSignalNeedsEventNotification 000000018002a090 f   dsogi_pll_3ph_sfun_registry.obj
 0001:00029100       ssGetZcSignalIsZcElementDisc 000000018002a100 f   dsogi_pll_3ph_sfun_registry.obj
 0001:000291a0       ssGetIsInputPortElementContinuous 000000018002a1a0 f   dsogi_pll_3ph_sfun_registry.obj
 0001:00029240       _ssGetAbsTol               000000018002a240 f   dsogi_pll_3ph_sfun_registry.obj
 0001:000292b0       _ssSetStateAbsTol          000000018002a2b0 f   dsogi_pll_3ph_sfun_registry.obj
 0001:00029390       _ssSetInputPortReusableFcn 000000018002a390 f   dsogi_pll_3ph_sfun_registry.obj
 0001:00029490       _ssSetOutputPortReusableFcn 000000018002a490 f   dsogi_pll_3ph_sfun_registry.obj
 0001:00029590       _ssSetSymbolicDimsSupport  000000018002a590 f   dsogi_pll_3ph_sfun_registry.obj
 0001:00029600       _ssRegisterSymbolicDimsExpr 000000018002a600 f   dsogi_pll_3ph_sfun_registry.obj
 0001:00029680       _ssRegisterSymbolicDimsMATLABExpr 000000018002a680 f   dsogi_pll_3ph_sfun_registry.obj
 0001:00029710       _ssRegisterSymbolicDims    000000018002a710 f   dsogi_pll_3ph_sfun_registry.obj
 0001:000297b0       _ssRegisterSymbolicDimsString 000000018002a7b0 f   dsogi_pll_3ph_sfun_registry.obj
 0001:00029830       _ssRegisterSymbolicDimsIntValue 000000018002a830 f   dsogi_pll_3ph_sfun_registry.obj
 0001:000298a0       _ssRegisterSymbolicEqualRelation 000000018002a8a0 f   dsogi_pll_3ph_sfun_registry.obj
 0001:00029910       _ssRegisterSymbolicEqualValue 000000018002a910 f   dsogi_pll_3ph_sfun_registry.obj
 0001:00029980       _ssAmendLeadingSymbolicDims 000000018002a980 f   dsogi_pll_3ph_sfun_registry.obj
 0001:00029a00       _ssAmendTrailingSymbolicDims 000000018002aa00 f   dsogi_pll_3ph_sfun_registry.obj
 0001:00029a80       _ssRegisterSymbolicDimsPlus 000000018002aa80 f   dsogi_pll_3ph_sfun_registry.obj
 0001:00029b00       _ssRegisterSymbolicDimsMinus 000000018002ab00 f   dsogi_pll_3ph_sfun_registry.obj
 0001:00029b80       _ssRegisterSymbolicDimsMultiply 000000018002ab80 f   dsogi_pll_3ph_sfun_registry.obj
 0001:00029c00       _ssRegisterSymbolicDimsDivide 000000018002ac00 f   dsogi_pll_3ph_sfun_registry.obj
 0001:00029c80       _ssGetNumSymbolicDims      000000018002ac80 f   dsogi_pll_3ph_sfun_registry.obj
 0001:00029cf0       _ssGetSymbolicDim          000000018002acf0 f   dsogi_pll_3ph_sfun_registry.obj
 0001:00029d70       _ssSetInputPortSymbolicDimsId 000000018002ad70 f   dsogi_pll_3ph_sfun_registry.obj
 0001:00029de0       _ssGetCompInputPortSymbolicDimsId 000000018002ade0 f   dsogi_pll_3ph_sfun_registry.obj
 0001:00029e50       _ssSetCompInputPortSymbolicDimsId 000000018002ae50 f   dsogi_pll_3ph_sfun_registry.obj
 0001:00029ec0       _ssSetOutputPortSymbolicDimsId 000000018002aec0 f   dsogi_pll_3ph_sfun_registry.obj
 0001:00029f30       _ssGetCompOutputPortSymbolicDimsId 000000018002af30 f   dsogi_pll_3ph_sfun_registry.obj
 0001:00029fa0       _ssSetCompOutputPortSymbolicDimsId 000000018002afa0 f   dsogi_pll_3ph_sfun_registry.obj
 0001:0002a010       _ssGetDWorkSymbolicDimsId  000000018002b010 f   dsogi_pll_3ph_sfun_registry.obj
 0001:0002a080       _ssSetDWorkSymbolicDimsId  000000018002b080 f   dsogi_pll_3ph_sfun_registry.obj
 0001:0002a0f0       _ssGetCompDWorkSymbolicDimsId 000000018002b0f0 f   dsogi_pll_3ph_sfun_registry.obj
 0001:0002a160       _ssSetCompDWorkSymbolicDimsId 000000018002b160 f   dsogi_pll_3ph_sfun_registry.obj
 0001:0002a1d0       _ssCreateSLCGStringBuffer  000000018002b1d0 f   dsogi_pll_3ph_sfun_registry.obj
 0001:0002a240       _ssAddToSLCGStringBuffer   000000018002b240 f   dsogi_pll_3ph_sfun_registry.obj
 0001:0002a2b0       _ssGetPointerContainedData 000000018002b2b0 f   dsogi_pll_3ph_sfun_registry.obj
 0001:0002a340       _ssGetPointerContainedDataWidth 000000018002b340 f   dsogi_pll_3ph_sfun_registry.obj
 0001:0002a3d0       _ssRegisterDynamicArrayDataTypeFcn 000000018002b3d0 f   dsogi_pll_3ph_sfun_registry.obj
 0001:0002a470       _ssGetDynamicArrayContainedDataCurrentWidthFcn 000000018002b470 f   dsogi_pll_3ph_sfun_registry.obj
 0001:0002a540       _ssGetDynamicArrayContainedDataFcn 000000018002b540 f   dsogi_pll_3ph_sfun_registry.obj
 0001:0002a610       _ssGetInputPortDynamicArrayDataFcn 000000018002b610 f   dsogi_pll_3ph_sfun_registry.obj
 0001:0002a6d0       _ssGetOutputPortDynamicArrayDataFcn 000000018002b6d0 f   dsogi_pll_3ph_sfun_registry.obj
 0001:0002a790       _ssGetInputPortDynamicArrayContainedDataFcn 000000018002b790 f   dsogi_pll_3ph_sfun_registry.obj
 0001:0002a850       _ssGetOutputPortDynamicArrayContainedDataFcn 000000018002b850 f   dsogi_pll_3ph_sfun_registry.obj
 0001:0002a910       _ssGetDynamicArrayDWorkContainedDataFcn 000000018002b910 f   dsogi_pll_3ph_sfun_registry.obj
 0001:0002a9d0       sf_process_check_sum_call  000000018002b9d0 f   dsogi_pll_3ph_sfun_registry.obj
 0001:0002aa20       sf_process_get_third_party_uses_info_call 000000018002ba20 f   dsogi_pll_3ph_sfun_registry.obj
 0001:0002ac50       sf_process_get_jit_fallback_info_call 000000018002bc50 f   dsogi_pll_3ph_sfun_registry.obj
 0001:0002ae80       sf_process_get_post_codegen_info_call 000000018002be80 f   dsogi_pll_3ph_sfun_registry.obj
 0001:0002b0b0       sf_process_get_updateBuildInfo_args_info_call 000000018002c0b0 f   dsogi_pll_3ph_sfun_registry.obj
 0001:0002b2e0       sf_process_get_eml_resolved_functions_info_call 000000018002c2e0 f   dsogi_pll_3ph_sfun_registry.obj
 0001:0002b510       sf_mex_unlock_call         000000018002c510 f   dsogi_pll_3ph_sfun_registry.obj
 0001:0002b730       sf_machine_global_initializer_called 000000018002c730 f   dsogi_pll_3ph_sfun_registry.obj
 0001:0002b760       sf_machine_global_method_dispatcher 000000018002c760 f   dsogi_pll_3ph_sfun_registry.obj
 0001:0002b7c0       sf_machine_global_terminator 000000018002c7c0 f   dsogi_pll_3ph_sfun_registry.obj
 0001:0002b7f0       sf_register_machine_exported_symbols 000000018002c7f0 f   dsogi_pll_3ph_sfun_registry.obj
 0001:0002b810       callCustomFcn              000000018002c810 f   dsogi_pll_3ph_sfun_registry.obj
 0001:0002b820       sf_machine_global_initializer 000000018002c820 f   dsogi_pll_3ph_sfun_registry.obj
 0001:0002b890       mdlGetSimState             000000018002c890 f   dsogi_pll_3ph_sfun_registry.obj
 0001:0002b8d0       mdlSetSimState             000000018002c8d0 f   dsogi_pll_3ph_sfun_registry.obj
 0001:0002c240       ProcessMexSfunctionEveryCall 000000018002d240 f   dsogi_pll_3ph_sfun_registry.obj
 0001:0002d3c0       __local_stdio_printf_options 000000018002e3c0 f i dsogi_pll_3ph_sfun_registry.obj
 0001:0002d3d0       _vsnprintf_l               000000018002e3d0 f i dsogi_pll_3ph_sfun_registry.obj
 0001:0002d450       _vsprintf_l                000000018002e450 f i dsogi_pll_3ph_sfun_registry.obj
 0001:0002d4a0       sprintf                    000000018002e4a0 f i dsogi_pll_3ph_sfun_registry.obj
 0001:0002d4f0       mexfilerequiredapiversion  000000018002e4f0 f   c_mexapi_version.obj
 0001:0002d520       getBitfieldFromFloat       000000018002e520 f   half_type.obj
 0001:0002d550       getFloatFromBitfield       000000018002e550 f   half_type.obj
 0001:0002d580       getBitfieldFromHalf        000000018002e580 f   half_type.obj
 0001:0002d5a0       getHalfFromBitfield        000000018002e5a0 f   half_type.obj
 0001:0002d5d0       halfToFloat                000000018002e5d0 f   half_type.obj
 0001:0002d680       halfToDouble               000000018002e680 f   half_type.obj
 0001:0002d6b0       floatToHalf                000000018002e6b0 f   half_type.obj
 0001:0002d910       doubleToHalf               000000018002e910 f   half_type.obj
 0001:0002dbfc       sf_load_rtw_optimization_info 000000018002ebfc f   sf_runtime:sf_runtime.dll
 0001:0002dc02       sf_mex_decode              000000018002ec02 f   sf_runtime:sf_runtime.dll
 0001:0002dc08       sf_init_ChartRunTimeInfo   000000018002ec08 f   sf_runtime:sf_runtime.dll
 0001:0002dc0e       sf_free_ChartRunTimeInfo   000000018002ec0e f   sf_runtime:sf_runtime.dll
 0001:0002dc14       sf_reset_warnings_ChartRunTimeInfo 000000018002ec14 f   sf_runtime:sf_runtime.dll
 0001:0002dc1a       sfrtGetEmlrtCtx            000000018002ec1a f   sf_runtime:sf_runtime.dll
 0001:0002dc20       sfrtGetCovrtInstance       000000018002ec20 f   sf_runtime:sf_runtime.dll
 0001:0002dc26       sf_get_chart_instance_ptr  000000018002ec26 f   sf_runtime:sf_runtime.dll
 0001:0002dc2c       sim_mode_is_rtw_gen        000000018002ec2c f   sf_runtime:sf_runtime.dll
 0001:0002dc32       sim_mode_is_external       000000018002ec32 f   sf_runtime:sf_runtime.dll
 0001:0002dc38       sf_clear_rtw_identifier    000000018002ec38 f   sf_runtime:sf_runtime.dll
 0001:0002dc3e       sf_get_time                000000018002ec3e f   sf_runtime:sf_runtime.dll
 0001:0002dc44       sfDoAnimationWrapper       000000018002ec44 f   sf_runtime:sf_runtime.dll
 0001:0002dc4a       setDataBrowseFcn           000000018002ec4a f   sf_runtime:sf_runtime.dll
 0001:0002dc50       setDebuggerFlag            000000018002ec50 f   sf_runtime:sf_runtime.dll
 0001:0002dc56       sf_warn_if_symbolic_dimension_param_changed 000000018002ec56 f   sf_runtime:sf_runtime.dll
 0001:0002dc5c       sf_set_work_widths         000000018002ec5c f   sf_runtime:sf_runtime.dll
 0001:0002dc62       sfListenerCacheSimStruct   000000018002ec62 f   sf_runtime:sf_runtime.dll
 0001:0002dc68       sfListenerLightTerminate   000000018002ec68 f   sf_runtime:sf_runtime.dll
 0001:0002dc6e       sfListenerInitializeRuntimeVars 000000018002ec6e f   sf_runtime:sf_runtime.dll
 0001:0002dc74       sf_mex_error_message       000000018002ec74 f   sf_runtime:sf_runtime.dll
 0001:0002dc7a       sf_mex_create              000000018002ec7a f   sf_runtime:sf_runtime.dll
 0001:0002dc80       sf_mex_createcellmatrix    000000018002ec80 f   sf_runtime:sf_runtime.dll
 0001:0002dc86       sf_mex_setcell             000000018002ec86 f   sf_runtime:sf_runtime.dll
 0001:0002dc8c       sf_mex_getcell             000000018002ec8c f   sf_runtime:sf_runtime.dll
 0001:0002dc92       sf_mex_assign              000000018002ec92 f   sf_runtime:sf_runtime.dll
 0001:0002dc98       sf_mex_dup                 000000018002ec98 f   sf_runtime:sf_runtime.dll
 0001:0002dc9e       sf_mex_destroy             000000018002ec9e f   sf_runtime:sf_runtime.dll
 0001:0002dca4       sf_mex_import              000000018002eca4 f   sf_runtime:sf_runtime.dll
 0001:0002dcaa       ssGetInputPortSignal_wrapper 000000018002ecaa f   sf_runtime:sf_runtime.dll
 0001:0002dcb0       ssGetOutputPortSignal_wrapper 000000018002ecb0 f   sf_runtime:sf_runtime.dll
 0001:0002dcb6       sf_mex_printf              000000018002ecb6 f   sf_runtime:sf_runtime.dll
 0001:0002dcbc       sf_mex_call                000000018002ecbc f   sf_runtime:sf_runtime.dll
 0001:0002dcc2       sf_get_ChartInfoStruct_CodeGen 000000018002ecc2 f   sf_runtime:sf_runtime.dll
 0001:0002dcc8       sf_get_hasSeparateUpdateOutputs 000000018002ecc8 f   sf_runtime:sf_runtime.dll
 0001:0002dcce       callMdlMethodAndReportError 000000018002ecce f   sf_runtime:sf_runtime.dll
 0001:0002dcd4       call_sf_machine_global_method_dispatcher 000000018002ecd4 f   sf_runtime:sf_runtime.dll
 0001:0002dcda       getRuntimeInstanceInfoAsVoid 000000018002ecda f   sf_runtime:sf_runtime.dll
 0001:0002dce0       sf_mex_error_direct_call   000000018002ece0 f   sf_runtime:sf_runtime.dll
 0001:0002dce6       sf_clear_error_manager_info 000000018002ece6 f   sf_runtime:sf_runtime.dll
 0001:0002dcec       mxIsChar_800               000000018002ecec f   libmx:libmx.dll
 0001:0002dcf2       mxGetScalar_800            000000018002ecf2 f   libmx:libmx.dll
 0001:0002dcf8       mxGetPr_800                000000018002ecf8 f   libmx:libmx.dll
 0001:0002dcfe       mxDestroyArray_800         000000018002ecfe f   libmx:libmx.dll
 0001:0002dd04       mxCreateDoubleMatrix_800   000000018002ed04 f   libmx:libmx.dll
 0001:0002dd0a       mxGetString_800            000000018002ed0a f   libmx:libmx.dll
 0001:0002dd10       mxDuplicateArray_800       000000018002ed10 f   libmx:libmx.dll
 0001:0002dd16       mxSetField_800             000000018002ed16 f   libmx:libmx.dll
 0001:0002dd1c       mxCreateString_800         000000018002ed1c f   libmx:libmx.dll
 0001:0002dd22       mxCreateCellMatrix_800     000000018002ed22 f   libmx:libmx.dll
 0001:0002dd28       mxCreateStructMatrix_800   000000018002ed28 f   libmx:libmx.dll
 0001:0002dd2e       mxGetInf_800               000000018002ed2e f   libmx:libmx.dll
 0001:0002dd34       mxCalloc_800               000000018002ed34 f   libmx:libmx.dll
 0001:0002dd3a       mxGetM_800                 000000018002ed3a f   libmx:libmx.dll
 0001:0002dd40       mxGetClassID_800           000000018002ed40 f   libmx:libmx.dll
 0001:0002dd46       mxIsNumeric_800            000000018002ed46 f   libmx:libmx.dll
 0001:0002dd4c       mxIsComplex_800            000000018002ed4c f   libmx:libmx.dll
 0001:0002dd52       mxGetN_800                 000000018002ed52 f   libmx:libmx.dll
 0001:0002dd58       mxCreateDoubleScalar_800   000000018002ed58 f   libmx:libmx.dll
 0001:0002dd5e       mexMakeArrayPersistent_800 000000018002ed5e f   libmex:libmex.dll
 0001:0002dd64       mexErrMsgTxt_800           000000018002ed64 f   libmex:libmex.dll
 0001:0002dd6a       mexWarnMsgTxt_800          000000018002ed6a f   libmex:libmex.dll
 0001:0002dd70       mexCallMATLAB_800          000000018002ed70 f   libmex:libmex.dll
 0001:0002dd76       mexLock_800                000000018002ed76 f   libmex:libmex.dll
 0001:0002dd7c       mexUnlock_800              000000018002ed7c f   libmex:libmex.dll
 0001:0002dd82       mexIsLocked_800            000000018002ed82 f   libmex:libmex.dll
 0001:0002dd88       utMalloc                   000000018002ed88 f   libut:libut.dll
 0001:0002dd8e       utFree                     000000018002ed8e f   libut:libut.dll
 0001:0002dd94       muDoubleScalarFloor        000000018002ed94 f   libmwmathutil:libmwmathutil.dll
 0001:0002dd9a       muDoubleScalarIsNaN        000000018002ed9a f   libmwmathutil:libmwmathutil.dll
 0001:0002dda0       muDoubleScalarIsInf        000000018002eda0 f   libmwmathutil:libmwmathutil.dll
 0001:0002dda6       emlrtLocationLoggingPushLog 000000018002eda6 f   libemlrt:libemlrt.dll
 0001:0002ddac       emlrtLocationLoggingClearLog 000000018002edac f   libemlrt:libemlrt.dll
 0001:0002ddb2       addResultsToFPTRepository  000000018002edb2 f   libemlrt:libemlrt.dll
 0001:0002ddb8       covrtCreateStateflowInstanceData 000000018002edb8 f   libcovrt:libcovrt.dll
 0001:0002ddbe       covrtDeleteStateflowInstanceData 000000018002edbe f   libcovrt:libcovrt.dll
 0001:0002ddc4       covrtTransInitFcn          000000018002edc4 f   libcovrt:libcovrt.dll
 0001:0002ddca       covrtStateInitFcn          000000018002edca f   libcovrt:libcovrt.dll
 0001:0002ddd0       covrtChartInitFcn          000000018002edd0 f   libcovrt:libcovrt.dll
 0001:0002ddd6       covrtSigUpdateFcn          000000018002edd6 f   libcovrt:libcovrt.dll
 0001:0002dddc       covrtEmlInitFcn            000000018002eddc f   libcovrt:libcovrt.dll
 0001:0002dde2       covrtEmlFcnInitFcn         000000018002ede2 f   libcovrt:libcovrt.dll
 0001:0002dde8       covrtEmlFcnEval            000000018002ede8 f   libcovrt:libcovrt.dll
 0001:0002ddee       covrtRelationalopUpdateFcn 000000018002edee f   libcovrt:libcovrt.dll
 0001:0002ddf4       covrtEmlIfInitFcn          000000018002edf4 f   libcovrt:libcovrt.dll
 0001:0002ddfa       covrtEmlMCDCInitFcn        000000018002edfa f   libcovrt:libcovrt.dll
 0001:0002de00       covrtEmlRelationalInitFcn  000000018002ee00 f   libcovrt:libcovrt.dll
 0001:0002de06       covrtEmlIfEval             000000018002ee06 f   libcovrt:libcovrt.dll
 0001:0002de0c       covrtEmlCondEval           000000018002ee0c f   libcovrt:libcovrt.dll
 0001:0002de12       covrtEmlMcdcEval           000000018002ee12 f   libcovrt:libcovrt.dll
 0001:0002de18       __raise_securityfailure    000000018002ee18 f   MSVCRT:gs_report.obj
 0001:0002de4c       __report_gsfailure         000000018002ee4c f   MSVCRT:gs_report.obj
 0001:0002df20       __report_rangecheckfailure 000000018002ef20 f   MSVCRT:gs_report.obj
 0001:0002df34       __report_securityfailure   000000018002ef34 f   MSVCRT:gs_report.obj
 0001:0002dfd0       __report_securityfailureEx 000000018002efd0 f   MSVCRT:gs_report.obj
 0001:0002e1c4       __GSHandlerCheck           000000018002f1c4 f   MSVCRT:gshandler.obj
 0001:0002e1e4       __GSHandlerCheckCommon     000000018002f1e4 f   MSVCRT:gshandler.obj
 0001:0002e250       __security_check_cookie    000000018002f250 f   MSVCRT:amdsecgs.obj
 0001:0002e5ac       _CRT_INIT                  000000018002f5ac f   MSVCRT:dll_dllmain.obj
 0001:0002e5b4       _DllMainCRTStartup         000000018002f5b4 f   MSVCRT:dll_dllmain.obj
 0001:0002e660       __security_init_cookie     000000018002f660 f   MSVCRT:gs_support.obj
 0001:0002e70c       DllMain                    000000018002f70c f   MSVCRT:dll_dllmain_stub.obj
 0001:0002e730       ?__scrt_initialize_type_info@@YAXXZ 000000018002f730 f   MSVCRT:tncleanup.obj
 0001:0002e740       ?__scrt_uninitialize_type_info@@YAXXZ 000000018002f740 f   MSVCRT:tncleanup.obj
 0001:0002e74c       __local_stdio_scanf_options 000000018002f74c f i MSVCRT:default_local_stdio_options.obj
 0001:0002e754       __scrt_initialize_default_local_stdio_options 000000018002f754 f   MSVCRT:default_local_stdio_options.obj
 0001:0002e770       ?configure_argv@__scrt_narrow_argv_policy@@SAHXZ 000000018002f770 f i MSVCRT:utility.obj
 0001:0002e7d0       ?initialize_environment@__scrt_narrow_environment_policy@@SAHXZ 000000018002f7d0 f i MSVCRT:utility.obj
 0001:0002e808       NtCurrentTeb               000000018002f808 f i MSVCRT:utility.obj
 0001:0002e814       __scrt_acquire_startup_lock 000000018002f814 f   MSVCRT:utility.obj
 0001:0002e850       __scrt_dllmain_after_initialize_c 000000018002f850 f   MSVCRT:utility.obj
 0001:0002e884       __scrt_dllmain_before_initialize_c 000000018002f884 f   MSVCRT:utility.obj
 0001:0002e89c       __scrt_dllmain_crt_thread_attach 000000018002f89c f   MSVCRT:utility.obj
 0001:0002e8c4       __scrt_dllmain_crt_thread_detach 000000018002f8c4 f   MSVCRT:utility.obj
 0001:0002e8dc       __scrt_dllmain_exception_filter 000000018002f8dc f   MSVCRT:utility.obj
 0001:0002e93c       __scrt_dllmain_uninitialize_c 000000018002f93c f   MSVCRT:utility.obj
 0001:0002e96c       __scrt_dllmain_uninitialize_critical 000000018002f96c f   MSVCRT:utility.obj
 0001:0002e980       __scrt_initialize_crt      000000018002f980 f   MSVCRT:utility.obj
 0001:0002e9cc       __scrt_initialize_onexit_tables 000000018002f9cc f   MSVCRT:utility.obj
 0001:0002ea58       __scrt_is_nonwritable_in_current_image 000000018002fa58 f   MSVCRT:utility.obj
 0001:0002eaf0       __scrt_release_startup_lock 000000018002faf0 f   MSVCRT:utility.obj
 0001:0002eb14       __scrt_uninitialize_crt    000000018002fb14 f   MSVCRT:utility.obj
 0001:0002eb40       _onexit                    000000018002fb40 f   MSVCRT:utility.obj
 0001:0002eb7c       at_quick_exit              000000018002fb7c f   MSVCRT:utility.obj
 0001:0002eb9c       atexit                     000000018002fb9c f   MSVCRT:utility.obj
 0001:0002ebb4       __scrt_get_dyn_tls_init_callback 000000018002fbb4 f   MSVCRT:dyn_tls_init.obj
 0001:0002ebbc       __crt_debugger_hook        000000018002fbbc f   MSVCRT:utility_desktop.obj
 0001:0002ebc4       __scrt_fastfail            000000018002fbc4 f   MSVCRT:utility_desktop.obj
 0001:0002ed10       __scrt_get_show_window_mode 000000018002fd10 f   MSVCRT:utility_desktop.obj
 0001:0002ed4c       __scrt_initialize_mta      000000018002fd4c f   MSVCRT:utility_desktop.obj
 0001:0002ed54       __scrt_initialize_winrt    000000018002fd54 f   MSVCRT:utility_desktop.obj
 0001:0002ed58       __scrt_is_managed_app      000000018002fd58 f   MSVCRT:utility_desktop.obj
 0001:0002edac       __scrt_set_unhandled_exception_filter 000000018002fdac f   MSVCRT:utility_desktop.obj
 0001:0002edbc       __scrt_exe_initialize_mta  000000018002fdbc f   MSVCRT:utility_desktop.obj
 0001:0002edbc       __scrt_stub_for_initialize_mta 000000018002fdbc f   MSVCRT:utility_desktop.obj
 0001:0002edc0       __scrt_unhandled_exception_filter 000000018002fdc0 f   MSVCRT:utility_desktop.obj
 0001:0002ee1c       _RTC_Initialize            000000018002fe1c f   MSVCRT:initsect.obj
 0001:0002ee58       _RTC_Terminate             000000018002fe58 f   MSVCRT:initsect.obj
 0001:0002ee94       _guard_check_icall_nop     000000018002fe94 f i MSVCRT:guard_support.obj
 0001:0002ee98       ReadNoFence64              000000018002fe98 f i MSVCRT:guard_support.obj
 0001:0002ee9c       ReadPointerNoFence         000000018002fe9c f i MSVCRT:guard_support.obj
 0001:0002eea0       __castguard_check_failure_debugbreak 000000018002fea0 f i MSVCRT:guard_support.obj
 0001:0002eebc       __castguard_check_failure_fastfail 000000018002febc f i MSVCRT:guard_support.obj
 0001:0002eee0       __castguard_check_failure_nop 000000018002fee0 f i MSVCRT:guard_support.obj
 0001:0002eee4       __castguard_check_failure_os_handled 000000018002fee4 f i MSVCRT:guard_support.obj
 0001:0002ef40       __castguard_check_failure_user_handled 000000018002ff40 f i MSVCRT:guard_support.obj
 0001:0002efb4       __castguard_set_user_handler 000000018002ffb4 f i MSVCRT:guard_support.obj
 0001:0002efc0       __castguard_slow_path_check_debugbreak 000000018002ffc0 f i MSVCRT:guard_support.obj
 0001:0002eff4       __castguard_slow_path_check_fastfail 000000018002fff4 f i MSVCRT:guard_support.obj
 0001:0002f030       __castguard_slow_path_check_nop 0000000180030030 f i MSVCRT:guard_support.obj
 0001:0002f034       __castguard_slow_path_check_os_handled 0000000180030034 f i MSVCRT:guard_support.obj
 0001:0002f088       __castguard_slow_path_check_user_handled 0000000180030088 f i MSVCRT:guard_support.obj
 0001:0002f0f4       _guard_icall_checks_enforced 00000001800300f4 f i MSVCRT:guard_support.obj
 0001:0002f10c       _guard_rf_checks_enforced  000000018003010c f i MSVCRT:guard_support.obj
 0001:0002f110       __isa_available_init       0000000180030110 f   MSVCRT:cpu_disp.obj
 0001:0002f2bc       _get_startup_argv_mode     00000001800302bc f   MSVCRT:argv_mode.obj
 0001:0002f2c4       __scrt_is_ucrt_dll_in_use  00000001800302c4 f   MSVCRT:ucrt_detection.obj
 0001:0002f2d0       RtlCaptureContext          00000001800302d0 f   kernel32:KERNEL32.dll
 0001:0002f2d6       RtlLookupFunctionEntry     00000001800302d6 f   kernel32:KERNEL32.dll
 0001:0002f2dc       RtlVirtualUnwind           00000001800302dc f   kernel32:KERNEL32.dll
 0001:0002f2e2       UnhandledExceptionFilter   00000001800302e2 f   kernel32:KERNEL32.dll
 0001:0002f2e8       SetUnhandledExceptionFilter 00000001800302e8 f   kernel32:KERNEL32.dll
 0001:0002f2ee       GetCurrentProcess          00000001800302ee f   kernel32:KERNEL32.dll
 0001:0002f2f4       TerminateProcess           00000001800302f4 f   kernel32:KERNEL32.dll
 0001:0002f2fa       IsProcessorFeaturePresent  00000001800302fa f   kernel32:KERNEL32.dll
 0001:0002f300       QueryPerformanceCounter    0000000180030300 f   kernel32:KERNEL32.dll
 0001:0002f306       GetCurrentProcessId        0000000180030306 f   kernel32:KERNEL32.dll
 0001:0002f30c       GetCurrentThreadId         000000018003030c f   kernel32:KERNEL32.dll
 0001:0002f312       GetSystemTimeAsFileTime    0000000180030312 f   kernel32:KERNEL32.dll
 0001:0002f318       DisableThreadLibraryCalls  0000000180030318 f   kernel32:KERNEL32.dll
 0001:0002f31e       InitializeSListHead        000000018003031e f   kernel32:KERNEL32.dll
 0001:0002f324       IsDebuggerPresent          0000000180030324 f   kernel32:KERNEL32.dll
 0001:0002f32a       GetStartupInfoW            000000018003032a f   kernel32:KERNEL32.dll
 0001:0002f330       GetModuleHandleW           0000000180030330 f   kernel32:KERNEL32.dll
 0001:0002f336       memset                     0000000180030336 f   vcruntime:VCRUNTIME140.dll
 0001:0002f33c       memcpy                     000000018003033c f   vcruntime:VCRUNTIME140.dll
 0001:0002f342       __C_specific_handler       0000000180030342 f   vcruntime:VCRUNTIME140.dll
 0001:0002f348       __std_type_info_destroy_list 0000000180030348 f   vcruntime:VCRUNTIME140.dll
 0001:0002f34e       __current_exception        000000018003034e f   vcruntime:VCRUNTIME140.dll
 0001:0002f354       __current_exception_context 0000000180030354 f   vcruntime:VCRUNTIME140.dll
 0001:0002f35a       strcmp                     000000018003035a f   ucrt:api-ms-win-crt-string-l1-1-0.dll
 0001:0002f360       strcat                     0000000180030360 f   ucrt:api-ms-win-crt-string-l1-1-0.dll
 0001:0002f366       frexp                      0000000180030366 f   ucrt:api-ms-win-crt-math-l1-1-0.dll
 0001:0002f36c       __stdio_common_vsprintf    000000018003036c f   ucrt:api-ms-win-crt-stdio-l1-1-0.dll
 0001:0002f372       free                       0000000180030372 f   ucrt:api-ms-win-crt-heap-l1-1-0.dll
 0001:0002f378       malloc                     0000000180030378 f   ucrt:api-ms-win-crt-heap-l1-1-0.dll
 0001:0002f37e       strlen                     000000018003037e f   ucrt:api-ms-win-crt-string-l1-1-0.dll
 0001:0002f384       _initterm                  0000000180030384 f   ucrt:api-ms-win-crt-runtime-l1-1-0.dll
 0001:0002f38a       _initterm_e                000000018003038a f   ucrt:api-ms-win-crt-runtime-l1-1-0.dll
 0001:0002f390       _seh_filter_dll            0000000180030390 f   ucrt:api-ms-win-crt-runtime-l1-1-0.dll
 0001:0002f396       _configure_narrow_argv     0000000180030396 f   ucrt:api-ms-win-crt-runtime-l1-1-0.dll
 0001:0002f39c       _initialize_narrow_environment 000000018003039c f   ucrt:api-ms-win-crt-runtime-l1-1-0.dll
 0001:0002f3a2       _initialize_onexit_table   00000001800303a2 f   ucrt:api-ms-win-crt-runtime-l1-1-0.dll
 0001:0002f3a8       _register_onexit_function  00000001800303a8 f   ucrt:api-ms-win-crt-runtime-l1-1-0.dll
 0001:0002f3ae       _execute_onexit_table      00000001800303ae f   ucrt:api-ms-win-crt-runtime-l1-1-0.dll
 0001:0002f3b4       _crt_atexit                00000001800303b4 f   ucrt:api-ms-win-crt-runtime-l1-1-0.dll
 0001:0002f3ba       _crt_at_quick_exit         00000001800303ba f   ucrt:api-ms-win-crt-runtime-l1-1-0.dll
 0001:0002f3c0       _cexit                     00000001800303c0 f   ucrt:api-ms-win-crt-runtime-l1-1-0.dll
 0001:0002f3c6       terminate                  00000001800303c6 f   ucrt:api-ms-win-crt-runtime-l1-1-0.dll
 0001:0002f3cc       __acrt_initialize          00000001800303cc f   MSVCRT:ucrt_stubs.obj
 0001:0002f3cc       __scrt_stub_for_acrt_initialize 00000001800303cc f   MSVCRT:ucrt_stubs.obj
 0001:0002f3cc       __vcrt_initialize          00000001800303cc f   MSVCRT:ucrt_stubs.obj
 0001:0002f3d0       __acrt_thread_attach       00000001800303d0 f   MSVCRT:ucrt_stubs.obj
 0001:0002f3d0       __scrt_stub_for_acrt_thread_attach 00000001800303d0 f   MSVCRT:ucrt_stubs.obj
 0001:0002f3d0       __vcrt_thread_attach       00000001800303d0 f   MSVCRT:ucrt_stubs.obj
 0001:0002f3d4       __acrt_thread_detach       00000001800303d4 f   MSVCRT:ucrt_stubs.obj
 0001:0002f3d4       __scrt_stub_for_acrt_thread_detach 00000001800303d4 f   MSVCRT:ucrt_stubs.obj
 0001:0002f3d4       __vcrt_thread_detach       00000001800303d4 f   MSVCRT:ucrt_stubs.obj
 0001:0002f3d8       __acrt_uninitialize        00000001800303d8 f   MSVCRT:ucrt_stubs.obj
 0001:0002f3d8       __scrt_stub_for_acrt_uninitialize 00000001800303d8 f   MSVCRT:ucrt_stubs.obj
 0001:0002f3d8       __vcrt_uninitialize        00000001800303d8 f   MSVCRT:ucrt_stubs.obj
 0001:0002f3dc       __acrt_uninitialize_critical 00000001800303dc f   MSVCRT:ucrt_stubs.obj
 0001:0002f3dc       __scrt_stub_for_acrt_uninitialize_critical 00000001800303dc f   MSVCRT:ucrt_stubs.obj
 0001:0002f3dc       __vcrt_uninitialize_critical 00000001800303dc f   MSVCRT:ucrt_stubs.obj
 0001:0002f3e0       __scrt_stub_for_is_c_termination_complete 00000001800303e0 f   MSVCRT:ucrt_stubs.obj
 0001:0002f3e0       _is_c_termination_complete 00000001800303e0 f   MSVCRT:ucrt_stubs.obj
 0001:0002f400       _guard_dispatch_icall_nop  0000000180030400 f   MSVCRT:guard_dispatch.obj
 0001:0002f420       _guard_xfg_dispatch_icall_nop 0000000180030420 f   MSVCRT:guard_xfg_dispatch.obj
 0002:00000000       __imp_QueryPerformanceCounter 0000000180031000     kernel32:KERNEL32.dll
 0002:00000008       __imp_IsProcessorFeaturePresent 0000000180031008     kernel32:KERNEL32.dll
 0002:00000010       __imp_RtlCaptureContext    0000000180031010     kernel32:KERNEL32.dll
 0002:00000018       __imp_GetCurrentProcessId  0000000180031018     kernel32:KERNEL32.dll
 0002:00000020       __imp_RtlLookupFunctionEntry 0000000180031020     kernel32:KERNEL32.dll
 0002:00000028       __imp_GetCurrentThreadId   0000000180031028     kernel32:KERNEL32.dll
 0002:00000030       __imp_GetSystemTimeAsFileTime 0000000180031030     kernel32:KERNEL32.dll
 0002:00000038       __imp_DisableThreadLibraryCalls 0000000180031038     kernel32:KERNEL32.dll
 0002:00000040       __imp_InitializeSListHead  0000000180031040     kernel32:KERNEL32.dll
 0002:00000048       __imp_IsDebuggerPresent    0000000180031048     kernel32:KERNEL32.dll
 0002:00000050       __imp_GetStartupInfoW      0000000180031050     kernel32:KERNEL32.dll
 0002:00000058       __imp_GetModuleHandleW     0000000180031058     kernel32:KERNEL32.dll
 0002:00000060       __imp_GetCurrentProcess    0000000180031060     kernel32:KERNEL32.dll
 0002:00000068       __imp_SetUnhandledExceptionFilter 0000000180031068     kernel32:KERNEL32.dll
 0002:00000070       __imp_TerminateProcess     0000000180031070     kernel32:KERNEL32.dll
 0002:00000078       __imp_UnhandledExceptionFilter 0000000180031078     kernel32:KERNEL32.dll
 0002:00000080       __imp_RtlVirtualUnwind     0000000180031080     kernel32:KERNEL32.dll
 0002:00000088       \177KERNEL32_NULL_THUNK_DATA 0000000180031088     kernel32:KERNEL32.dll
 0002:00000090       __imp___current_exception  0000000180031090     vcruntime:VCRUNTIME140.dll
 0002:00000098       __imp___current_exception_context 0000000180031098     vcruntime:VCRUNTIME140.dll
 0002:000000a0       __imp___std_type_info_destroy_list 00000001800310a0     vcruntime:VCRUNTIME140.dll
 0002:000000a8       __imp_memset               00000001800310a8     vcruntime:VCRUNTIME140.dll
 0002:000000b0       __imp_memcpy               00000001800310b0     vcruntime:VCRUNTIME140.dll
 0002:000000b8       __imp___C_specific_handler 00000001800310b8     vcruntime:VCRUNTIME140.dll
 0002:000000c0       \177VCRUNTIME140_NULL_THUNK_DATA 00000001800310c0     vcruntime:VCRUNTIME140.dll
 0002:000000c8       __imp_free                 00000001800310c8     ucrt:api-ms-win-crt-heap-l1-1-0.dll
 0002:000000d0       __imp_malloc               00000001800310d0     ucrt:api-ms-win-crt-heap-l1-1-0.dll
 0002:000000d8       \177api-ms-win-crt-heap-l1-1-0_NULL_THUNK_DATA 00000001800310d8     ucrt:api-ms-win-crt-heap-l1-1-0.dll
 0002:000000e0       __imp_frexp                00000001800310e0     ucrt:api-ms-win-crt-math-l1-1-0.dll
 0002:000000e8       \177api-ms-win-crt-math-l1-1-0_NULL_THUNK_DATA 00000001800310e8     ucrt:api-ms-win-crt-math-l1-1-0.dll
 0002:000000f0       __imp__configure_narrow_argv 00000001800310f0     ucrt:api-ms-win-crt-runtime-l1-1-0.dll
 0002:000000f8       __imp__seh_filter_dll      00000001800310f8     ucrt:api-ms-win-crt-runtime-l1-1-0.dll
 0002:00000100       __imp__initialize_onexit_table 0000000180031100     ucrt:api-ms-win-crt-runtime-l1-1-0.dll
 0002:00000108       __imp__register_onexit_function 0000000180031108     ucrt:api-ms-win-crt-runtime-l1-1-0.dll
 0002:00000110       __imp__execute_onexit_table 0000000180031110     ucrt:api-ms-win-crt-runtime-l1-1-0.dll
 0002:00000118       __imp__crt_atexit          0000000180031118     ucrt:api-ms-win-crt-runtime-l1-1-0.dll
 0002:00000120       __imp__crt_at_quick_exit   0000000180031120     ucrt:api-ms-win-crt-runtime-l1-1-0.dll
 0002:00000128       __imp__cexit               0000000180031128     ucrt:api-ms-win-crt-runtime-l1-1-0.dll
 0002:00000130       __imp_terminate            0000000180031130     ucrt:api-ms-win-crt-runtime-l1-1-0.dll
 0002:00000138       __imp__initialize_narrow_environment 0000000180031138     ucrt:api-ms-win-crt-runtime-l1-1-0.dll
 0002:00000140       __imp__initterm_e          0000000180031140     ucrt:api-ms-win-crt-runtime-l1-1-0.dll
 0002:00000148       __imp__initterm            0000000180031148     ucrt:api-ms-win-crt-runtime-l1-1-0.dll
 0002:00000150       \177api-ms-win-crt-runtime-l1-1-0_NULL_THUNK_DATA 0000000180031150     ucrt:api-ms-win-crt-runtime-l1-1-0.dll
 0002:00000158       __imp___stdio_common_vsprintf 0000000180031158     ucrt:api-ms-win-crt-stdio-l1-1-0.dll
 0002:00000160       \177api-ms-win-crt-stdio-l1-1-0_NULL_THUNK_DATA 0000000180031160     ucrt:api-ms-win-crt-stdio-l1-1-0.dll
 0002:00000168       __imp_strlen               0000000180031168     ucrt:api-ms-win-crt-string-l1-1-0.dll
 0002:00000170       __imp_strcat               0000000180031170     ucrt:api-ms-win-crt-string-l1-1-0.dll
 0002:00000178       __imp_strcmp               0000000180031178     ucrt:api-ms-win-crt-string-l1-1-0.dll
 0002:00000180       \177api-ms-win-crt-string-l1-1-0_NULL_THUNK_DATA 0000000180031180     ucrt:api-ms-win-crt-string-l1-1-0.dll
 0002:00000188       __imp_covrtDeleteStateflowInstanceData 0000000180031188     libcovrt:libcovrt.dll
 0002:00000190       __imp_covrtEmlMcdcEval     0000000180031190     libcovrt:libcovrt.dll
 0002:00000198       __imp_covrtEmlCondEval     0000000180031198     libcovrt:libcovrt.dll
 0002:000001a0       __imp_covrtEmlIfEval       00000001800311a0     libcovrt:libcovrt.dll
 0002:000001a8       __imp_covrtEmlRelationalInitFcn 00000001800311a8     libcovrt:libcovrt.dll
 0002:000001b0       __imp_covrtEmlMCDCInitFcn  00000001800311b0     libcovrt:libcovrt.dll
 0002:000001b8       __imp_covrtEmlIfInitFcn    00000001800311b8     libcovrt:libcovrt.dll
 0002:000001c0       __imp_covrtRelationalopUpdateFcn 00000001800311c0     libcovrt:libcovrt.dll
 0002:000001c8       __imp_covrtEmlFcnEval      00000001800311c8     libcovrt:libcovrt.dll
 0002:000001d0       __imp_covrtEmlFcnInitFcn   00000001800311d0     libcovrt:libcovrt.dll
 0002:000001d8       __imp_covrtEmlInitFcn      00000001800311d8     libcovrt:libcovrt.dll
 0002:000001e0       __imp_covrtSigUpdateFcn    00000001800311e0     libcovrt:libcovrt.dll
 0002:000001e8       __imp_covrtTransInitFcn    00000001800311e8     libcovrt:libcovrt.dll
 0002:000001f0       __imp_covrtCreateStateflowInstanceData 00000001800311f0     libcovrt:libcovrt.dll
 0002:000001f8       __imp_covrtStateInitFcn    00000001800311f8     libcovrt:libcovrt.dll
 0002:00000200       __imp_covrtChartInitFcn    0000000180031200     libcovrt:libcovrt.dll
 0002:00000208       \177libcovrt_NULL_THUNK_DATA 0000000180031208     libcovrt:libcovrt.dll
 0002:00000210       __imp_emlrtLocationLoggingClearLog 0000000180031210     libemlrt:libemlrt.dll
 0002:00000218       __imp_addResultsToFPTRepository 0000000180031218     libemlrt:libemlrt.dll
 0002:00000220       __imp_emlrtLocationLoggingPushLog 0000000180031220     libemlrt:libemlrt.dll
 0002:00000228       \177libemlrt_NULL_THUNK_DATA 0000000180031228     libemlrt:libemlrt.dll
 0002:00000230       __imp_mexMakeArrayPersistent_800 0000000180031230     libmex:libmex.dll
 0002:00000238       __imp_mexIsLocked_800      0000000180031238     libmex:libmex.dll
 0002:00000240       __imp_mexErrMsgTxt_800     0000000180031240     libmex:libmex.dll
 0002:00000248       __imp_mexUnlock_800        0000000180031248     libmex:libmex.dll
 0002:00000250       __imp_mexWarnMsgTxt_800    0000000180031250     libmex:libmex.dll
 0002:00000258       __imp_mexCallMATLAB_800    0000000180031258     libmex:libmex.dll
 0002:00000260       __imp_mexLock_800          0000000180031260     libmex:libmex.dll
 0002:00000268       \177libmex_NULL_THUNK_DATA 0000000180031268     libmex:libmex.dll
 0002:00000270       __imp_muDoubleScalarFloor  0000000180031270     libmwmathutil:libmwmathutil.dll
 0002:00000278       __imp_muDoubleScalarIsNaN  0000000180031278     libmwmathutil:libmwmathutil.dll
 0002:00000280       __imp_muDoubleScalarIsInf  0000000180031280     libmwmathutil:libmwmathutil.dll
 0002:00000288       \177libmwmathutil_NULL_THUNK_DATA 0000000180031288     libmwmathutil:libmwmathutil.dll
 0002:00000290       __imp_mxGetScalar_800      0000000180031290     libmx:libmx.dll
 0002:00000298       __imp_mxGetPr_800          0000000180031298     libmx:libmx.dll
 0002:000002a0       __imp_mxDestroyArray_800   00000001800312a0     libmx:libmx.dll
 0002:000002a8       __imp_mxCreateDoubleMatrix_800 00000001800312a8     libmx:libmx.dll
 0002:000002b0       __imp_mxCreateDoubleScalar_800 00000001800312b0     libmx:libmx.dll
 0002:000002b8       __imp_mxGetN_800           00000001800312b8     libmx:libmx.dll
 0002:000002c0       __imp_mxIsComplex_800      00000001800312c0     libmx:libmx.dll
 0002:000002c8       __imp_mxIsNumeric_800      00000001800312c8     libmx:libmx.dll
 0002:000002d0       __imp_mxGetClassID_800     00000001800312d0     libmx:libmx.dll
 0002:000002d8       __imp_mxGetM_800           00000001800312d8     libmx:libmx.dll
 0002:000002e0       __imp_mxCalloc_800         00000001800312e0     libmx:libmx.dll
 0002:000002e8       __imp_mxGetInf_800         00000001800312e8     libmx:libmx.dll
 0002:000002f0       __imp_mxCreateStructMatrix_800 00000001800312f0     libmx:libmx.dll
 0002:000002f8       __imp_mxCreateCellMatrix_800 00000001800312f8     libmx:libmx.dll
 0002:00000300       __imp_mxCreateString_800   0000000180031300     libmx:libmx.dll
 0002:00000308       __imp_mxSetField_800       0000000180031308     libmx:libmx.dll
 0002:00000310       __imp_mxDuplicateArray_800 0000000180031310     libmx:libmx.dll
 0002:00000318       __imp_mxGetString_800      0000000180031318     libmx:libmx.dll
 0002:00000320       __imp_mxIsChar_800         0000000180031320     libmx:libmx.dll
 0002:00000328       \177libmx_NULL_THUNK_DATA  0000000180031328     libmx:libmx.dll
 0002:00000330       __imp_utFree               0000000180031330     libut:libut.dll
 0002:00000338       __imp_utMalloc             0000000180031338     libut:libut.dll
 0002:00000340       \177libut_NULL_THUNK_DATA  0000000180031340     libut:libut.dll
 0002:00000348       __imp_sf_mex_decode        0000000180031348     sf_runtime:sf_runtime.dll
 0002:00000350       __imp_sf_clear_error_manager_info 0000000180031350     sf_runtime:sf_runtime.dll
 0002:00000358       __imp_sf_mex_error_direct_call 0000000180031358     sf_runtime:sf_runtime.dll
 0002:00000360       __imp_getRuntimeInstanceInfoAsVoid 0000000180031360     sf_runtime:sf_runtime.dll
 0002:00000368       __imp_call_sf_machine_global_method_dispatcher 0000000180031368     sf_runtime:sf_runtime.dll
 0002:00000370       __imp_callMdlMethodAndReportError 0000000180031370     sf_runtime:sf_runtime.dll
 0002:00000378       __imp_sf_get_hasSeparateUpdateOutputs 0000000180031378     sf_runtime:sf_runtime.dll
 0002:00000380       __imp_sf_get_ChartInfoStruct_CodeGen 0000000180031380     sf_runtime:sf_runtime.dll
 0002:00000388       __imp_sf_mex_call          0000000180031388     sf_runtime:sf_runtime.dll
 0002:00000390       __imp_sf_mex_printf        0000000180031390     sf_runtime:sf_runtime.dll
 0002:00000398       __imp_ssGetOutputPortSignal_wrapper 0000000180031398     sf_runtime:sf_runtime.dll
 0002:000003a0       __imp_ssGetInputPortSignal_wrapper 00000001800313a0     sf_runtime:sf_runtime.dll
 0002:000003a8       __imp_sf_mex_import        00000001800313a8     sf_runtime:sf_runtime.dll
 0002:000003b0       __imp_sf_mex_destroy       00000001800313b0     sf_runtime:sf_runtime.dll
 0002:000003b8       __imp_sf_mex_dup           00000001800313b8     sf_runtime:sf_runtime.dll
 0002:000003c0       __imp_sf_mex_assign        00000001800313c0     sf_runtime:sf_runtime.dll
 0002:000003c8       __imp_sf_mex_getcell       00000001800313c8     sf_runtime:sf_runtime.dll
 0002:000003d0       __imp_sf_mex_setcell       00000001800313d0     sf_runtime:sf_runtime.dll
 0002:000003d8       __imp_sf_mex_createcellmatrix 00000001800313d8     sf_runtime:sf_runtime.dll
 0002:000003e0       __imp_sf_mex_create        00000001800313e0     sf_runtime:sf_runtime.dll
 0002:000003e8       __imp_sf_mex_error_message 00000001800313e8     sf_runtime:sf_runtime.dll
 0002:000003f0       __imp_sfListenerInitializeRuntimeVars 00000001800313f0     sf_runtime:sf_runtime.dll
 0002:000003f8       __imp_sfListenerLightTerminate 00000001800313f8     sf_runtime:sf_runtime.dll
 0002:00000400       __imp_sfListenerCacheSimStruct 0000000180031400     sf_runtime:sf_runtime.dll
 0002:00000408       __imp_sf_set_work_widths   0000000180031408     sf_runtime:sf_runtime.dll
 0002:00000410       __imp_sf_warn_if_symbolic_dimension_param_changed 0000000180031410     sf_runtime:sf_runtime.dll
 0002:00000418       __imp_setDebuggerFlag      0000000180031418     sf_runtime:sf_runtime.dll
 0002:00000420       __imp_setDataBrowseFcn     0000000180031420     sf_runtime:sf_runtime.dll
 0002:00000428       __imp_sfDoAnimationWrapper 0000000180031428     sf_runtime:sf_runtime.dll
 0002:00000430       __imp_sf_get_time          0000000180031430     sf_runtime:sf_runtime.dll
 0002:00000438       __imp_sf_clear_rtw_identifier 0000000180031438     sf_runtime:sf_runtime.dll
 0002:00000440       __imp_sim_mode_is_external 0000000180031440     sf_runtime:sf_runtime.dll
 0002:00000448       __imp_sim_mode_is_rtw_gen  0000000180031448     sf_runtime:sf_runtime.dll
 0002:00000450       __imp_sf_get_chart_instance_ptr 0000000180031450     sf_runtime:sf_runtime.dll
 0002:00000458       __imp_sfrtGetCovrtInstance 0000000180031458     sf_runtime:sf_runtime.dll
 0002:00000460       __imp_sfrtGetEmlrtCtx      0000000180031460     sf_runtime:sf_runtime.dll
 0002:00000468       __imp_sf_reset_warnings_ChartRunTimeInfo 0000000180031468     sf_runtime:sf_runtime.dll
 0002:00000470       __imp_sf_free_ChartRunTimeInfo 0000000180031470     sf_runtime:sf_runtime.dll
 0002:00000478       __imp_sf_init_ChartRunTimeInfo 0000000180031478     sf_runtime:sf_runtime.dll
 0002:00000480       __imp_sf_load_rtw_optimization_info 0000000180031480     sf_runtime:sf_runtime.dll
 0002:00000488       \177sf_runtime_NULL_THUNK_DATA 0000000180031488     sf_runtime:sf_runtime.dll
 0002:00000490       __guard_check_icall_fptr   0000000180031490     MSVCRT:guard_support.obj
 0002:00000498       __guard_xfg_check_icall_fptr 0000000180031498     MSVCRT:guard_support.obj
 0002:000004a0       __guard_dispatch_icall_fptr 00000001800314a0     MSVCRT:guard_support.obj
 0002:000004a8       __guard_xfg_dispatch_icall_fptr 00000001800314a8     MSVCRT:guard_support.obj
 0002:000004b0       __guard_xfg_table_dispatch_icall_fptr 00000001800314b0     MSVCRT:guard_support.obj
 0002:000004b8       __castguard_check_failure_os_handled_fptr 00000001800314b8     MSVCRT:guard_support.obj
 0002:000004c0       __guard_memcpy_fptr        00000001800314c0     vcruntime:softmemtag.obj
 0002:000004c8       __xc_a                     00000001800314c8     MSVCRT:initializers.obj
 0002:000004d0       __xc_z                     00000001800314d0     MSVCRT:initializers.obj
 0002:000004d8       __xi_a                     00000001800314d8     MSVCRT:initializers.obj
 0002:000004e0       __xi_z                     00000001800314e0     MSVCRT:initializers.obj
 0002:000004e8       __xp_a                     00000001800314e8     MSVCRT:initializers.obj
 0002:000004f0       __xp_z                     00000001800314f0     MSVCRT:initializers.obj
 0002:000004f8       __xt_a                     00000001800314f8     MSVCRT:initializers.obj
 0002:00000500       __xt_z                     0000000180031500     MSVCRT:initializers.obj
 0002:00000510       __real@415d28c940000000    0000000180031510     dsogi_pll_3ph_sfun.obj
 0002:00000518       __real@41aaca5358000000    0000000180031518     dsogi_pll_3ph_sfun.obj
 0002:00000520       __real@41bbefe29c000000    0000000180031520     dsogi_pll_3ph_sfun.obj
 0002:00000528       __real@41c0db1590800000    0000000180031528     dsogi_pll_3ph_sfun.obj
 0002:00000530       __real@41ca467eda000000    0000000180031530     dsogi_pll_3ph_sfun.obj
 0002:00000538       __real@41d4e3ec76400000    0000000180031538     dsogi_pll_3ph_sfun.obj
 0002:00000540       __real@41d59d591cc00000    0000000180031540     dsogi_pll_3ph_sfun.obj
 0002:00000548       __real@41e023d7b7a00000    0000000180031548     dsogi_pll_3ph_sfun.obj
 0002:00000550       __real@41e1640767a00000    0000000180031550     dsogi_pll_3ph_sfun.obj
 0002:00000558       __real@41e1de9559c00000    0000000180031558     dsogi_pll_3ph_sfun.obj
 0002:00000560       __real@41e7150d7b000000    0000000180031560     dsogi_pll_3ph_sfun.obj
 0002:00000568       __real@41e9cf9d18e00000    0000000180031568     dsogi_pll_3ph_sfun.obj
 0002:00000578       __real@0000000000000000    0000000180031578     c1_dsogi_pll_3ph.obj
 0002:00000580       __real@3f1a36e2eb1c432d    0000000180031580     c1_dsogi_pll_3ph.obj
 0002:00000588       __real@3fe0000000000000    0000000180031588     c1_dsogi_pll_3ph.obj
 0002:00000590       __real@3ff0000000000000    0000000180031590     c1_dsogi_pll_3ph.obj
 0002:00000598       __real@4000000000000000    0000000180031598     c1_dsogi_pll_3ph.obj
 0002:000005a0       __real@4010000000000000    00000001800315a0     c1_dsogi_pll_3ph.obj
 0002:000005a8       __real@4020000000000000    00000001800315a8     c1_dsogi_pll_3ph.obj
 0002:000005b0       __real@4073a28c59d5433b    00000001800315b0     c1_dsogi_pll_3ph.obj
 0002:000005b8       __real@40c3880000000000    00000001800315b8     c1_dsogi_pll_3ph.obj
 0002:000005c0       __real@40d3b080ec80466a    00000001800315c0     c1_dsogi_pll_3ph.obj
 0002:000005c8       __real@41b808f560b295f5    00000001800315c8     c1_dsogi_pll_3ph.obj
 0002:000005d0       __real@41d2de25f2800000    00000001800315d0     c1_dsogi_pll_3ph.obj
 0002:000005d8       __real@41d545c86cc00000    00000001800315d8     c1_dsogi_pll_3ph.obj
 0002:000005e0       __real@41e3449ece600000    00000001800315e0     c1_dsogi_pll_3ph.obj
 0002:000005e8       __real@41ece5decf800000    00000001800315e8     c1_dsogi_pll_3ph.obj
 0002:000005f0       __xmm@80000000000000008000000000000000 00000001800315f0     c1_dsogi_pll_3ph.obj
 0002:00000608       __real@3fe5555555555555    0000000180031608     c10_dsogi_pll_3ph.obj
 0002:00000610       __real@3ffbb67ae8584caa    0000000180031610     c10_dsogi_pll_3ph.obj
 0002:00000618       __real@41d23f462a000000    0000000180031618     c10_dsogi_pll_3ph.obj
 0002:00000620       __real@41d881931b400000    0000000180031620     c10_dsogi_pll_3ph.obj
 0002:00000628       __real@41e085ff43600000    0000000180031628     c10_dsogi_pll_3ph.obj
 0002:00000630       __real@41e3c2b53d200000    0000000180031630     c10_dsogi_pll_3ph.obj
 0002:00000648       __real@4182de96d0000000    0000000180031648     c17_dsogi_pll_3ph.obj
 0002:00000650       __real@41b85785d1000000    0000000180031650     c17_dsogi_pll_3ph.obj
 0002:00000658       __real@41dac48b35000000    0000000180031658     c17_dsogi_pll_3ph.obj
 0002:00000660       __real@41eed0da62600000    0000000180031660     c17_dsogi_pll_3ph.obj
 0002:00000670       __real@41e11cc2ffa00000    0000000180031670     c18_dsogi_pll_3ph.obj
 0002:00000678       __real@41e3f16bcbc00000    0000000180031678     c18_dsogi_pll_3ph.obj
 0002:00000680       __real@41e80168c8600000    0000000180031680     c18_dsogi_pll_3ph.obj
 0002:00000688       __real@41ee0f8f0b400000    0000000180031688     c18_dsogi_pll_3ph.obj
 0002:000006a8       __real@41d1bb1d4b400000    00000001800316a8     c21_dsogi_pll_3ph.obj
 0002:000006b0       __real@41e1701cd2400000    00000001800316b0     c21_dsogi_pll_3ph.obj
 0002:000006b8       __real@41e7ea39a8800000    00000001800316b8     c21_dsogi_pll_3ph.obj
 0002:000006c0       __real@41ed6c39f8c00000    00000001800316c0     c21_dsogi_pll_3ph.obj
 0002:000006f8       __real@41c22c9838800000    00000001800316f8     c23_dsogi_pll_3ph.obj
 0002:00000700       __real@41ccb322b0800000    0000000180031700     c23_dsogi_pll_3ph.obj
 0002:00000708       __real@41d9abb950c00000    0000000180031708     c23_dsogi_pll_3ph.obj
 0002:00000710       __real@41e7ab4ee5e00000    0000000180031710     c23_dsogi_pll_3ph.obj
 0002:00000718       __real@bff0000000000000    0000000180031718     c23_dsogi_pll_3ph.obj
 0002:00000720       __real@c00921fb54442d18    0000000180031720     c23_dsogi_pll_3ph.obj
 0002:00000730       __real@41d120373ec00000    0000000180031730     c24_dsogi_pll_3ph.obj
 0002:00000738       __real@41d2958e43400000    0000000180031738     c24_dsogi_pll_3ph.obj
 0002:00000740       __real@41e58589d6600000    0000000180031740     c24_dsogi_pll_3ph.obj
 0002:00000748       __real@41ec859096a00000    0000000180031748     c24_dsogi_pll_3ph.obj
 0002:00000758       __real@3fefae147ae147ad    0000000180031758     c25_dsogi_pll_3ph.obj
 0002:00000760       __real@400921fb54442d18    0000000180031760     c25_dsogi_pll_3ph.obj
 0002:00000768       __real@4069000000000000    0000000180031768     c25_dsogi_pll_3ph.obj
 0002:00000770       __real@41c2b3b506800000    0000000180031770     c25_dsogi_pll_3ph.obj
 0002:00000778       __real@41c71ba090000000    0000000180031778     c25_dsogi_pll_3ph.obj
 0002:00000780       __real@41cac61613800000    0000000180031780     c25_dsogi_pll_3ph.obj
 0002:00000788       __real@41ed883e0f800000    0000000180031788     c25_dsogi_pll_3ph.obj
 0002:00000798       __real@41998dff50000000    0000000180031798     c26_dsogi_pll_3ph.obj
 0002:000007a0       __real@41e3a0fd60400000    00000001800317a0     c26_dsogi_pll_3ph.obj
 0002:000007a8       __real@41e3d30516a00000    00000001800317a8     c26_dsogi_pll_3ph.obj
 0002:000007b0       __real@41e68d7a3dc00000    00000001800317b0     c26_dsogi_pll_3ph.obj
 0002:000007b8       DYNAMIC_DIMENSION_DEF      00000001800317b8     dsogi_pll_3ph_sfun_registry.obj
 0002:000007d0       __real@41602cbca0000000    00000001800317d0     dsogi_pll_3ph_sfun_registry.obj
 0002:000007d8       __real@77800000            00000001800317d8     half_type.obj
 0002:000007f0       _pDefaultRawDllMain        00000001800317f0     MSVCRT:dll_dllmain.obj
 0002:000007f0       _pRawDllMain               00000001800317f0     MSVCRT:dll_dllmain.obj
 0002:00000800       __xmm@ffffffffffffffffffffffffffffffff 0000000180031800     MSVCRT:utility.obj
 0002:00000810       _load_config_used          0000000180031810     MSVCRT:loadcfg.obj
 0002:00000980       __CastGuardVftablesStart   0000000180031980     MSVCRT:guard_support.obj
 0002:00000a00       __CastGuardVftablesEnd     0000000180031a00     MSVCRT:guard_support.obj
 0002:00000a80       __volatile_metadata        0000000180031a80     <linker-defined>
 0002:00000f98       __rtc_iaa                  0000000180031f98     MSVCRT:initsect.obj
 0002:00000fa0       __rtc_izz                  0000000180031fa0     MSVCRT:initsect.obj
 0002:00000fa8       __rtc_taa                  0000000180031fa8     MSVCRT:initsect.obj
 0002:00000fb0       __rtc_tzz                  0000000180031fb0     MSVCRT:initsect.obj
 0002:00002a6c       __IMPORT_DESCRIPTOR_sf_runtime 0000000180033a6c     sf_runtime:sf_runtime.dll
 0002:00002a80       __IMPORT_DESCRIPTOR_libmx  0000000180033a80     libmx:libmx.dll
 0002:00002a94       __IMPORT_DESCRIPTOR_libmex 0000000180033a94     libmex:libmex.dll
 0002:00002aa8       __IMPORT_DESCRIPTOR_libut  0000000180033aa8     libut:libut.dll
 0002:00002abc       __IMPORT_DESCRIPTOR_libmwmathutil 0000000180033abc     libmwmathutil:libmwmathutil.dll
 0002:00002ad0       __IMPORT_DESCRIPTOR_libemlrt 0000000180033ad0     libemlrt:libemlrt.dll
 0002:00002ae4       __IMPORT_DESCRIPTOR_libcovrt 0000000180033ae4     libcovrt:libcovrt.dll
 0002:00002af8       __IMPORT_DESCRIPTOR_KERNEL32 0000000180033af8     kernel32:KERNEL32.dll
 0002:00002b0c       __IMPORT_DESCRIPTOR_VCRUNTIME140 0000000180033b0c     vcruntime:VCRUNTIME140.dll
 0002:00002b20       __IMPORT_DESCRIPTOR_api-ms-win-crt-string-l1-1-0 0000000180033b20     ucrt:api-ms-win-crt-string-l1-1-0.dll
 0002:00002b34       __IMPORT_DESCRIPTOR_api-ms-win-crt-math-l1-1-0 0000000180033b34     ucrt:api-ms-win-crt-math-l1-1-0.dll
 0002:00002b48       __IMPORT_DESCRIPTOR_api-ms-win-crt-stdio-l1-1-0 0000000180033b48     ucrt:api-ms-win-crt-stdio-l1-1-0.dll
 0002:00002b5c       __IMPORT_DESCRIPTOR_api-ms-win-crt-heap-l1-1-0 0000000180033b5c     ucrt:api-ms-win-crt-heap-l1-1-0.dll
 0002:00002b70       __IMPORT_DESCRIPTOR_api-ms-win-crt-runtime-l1-1-0 0000000180033b70     ucrt:api-ms-win-crt-runtime-l1-1-0.dll
 0002:00002b84       __NULL_IMPORT_DESCRIPTOR   0000000180033b84     sf_runtime:sf_runtime.dll
 0003:00008620       DYNAMIC_DIMENSION          000000018003d620     dsogi_pll_3ph_sfun_registry.obj
 0003:0000ac00       __security_cookie_complement 000000018003fc00     MSVCRT:gs_cookie.obj
 0003:0000ac08       __security_cookie          000000018003fc08     MSVCRT:gs_cookie.obj
 0003:0000ac10       _fltused                   000000018003fc10     MSVCRT:fltused.obj
 0003:0000ac14       __scrt_native_dllmain_reason 000000018003fc14     MSVCRT:utility.obj
 0003:0000ac18       __isa_available            000000018003fc18     MSVCRT:cpu_disp.obj
 0003:0000ac1c       __isa_enabled              000000018003fc1c     MSVCRT:cpu_disp.obj
 0003:0000ac20       __memset_fast_string_threshold 000000018003fc20     MSVCRT:cpu_disp.obj
 0003:0000ac28       __memset_nt_threshold      000000018003fc28     MSVCRT:cpu_disp.obj
 0003:0000ac30       __scrt_ucrt_dll_is_in_use  000000018003fc30     MSVCRT:ucrt_stubs.obj
 0003:00010180       ?__type_info_root_node@@3U__type_info_node@@A 0000000180045180     MSVCRT:tncleanup.obj
 0003:00010190       ?_OptionsStorage@?1??__local_stdio_printf_options@@9@4_KA 0000000180045190     MSVCRT:default_local_stdio_options.obj
 0003:00010198       ?_OptionsStorage@?1??__local_stdio_scanf_options@@9@4_KA 0000000180045198     MSVCRT:default_local_stdio_options.obj
 0003:000101a0       __scrt_current_native_startup_state 00000001800451a0     MSVCRT:utility.obj
 0003:000101a8       __scrt_native_startup_lock 00000001800451a8     MSVCRT:utility.obj
 0003:000101e8       __scrt_debugger_hook_flag  00000001800451e8     MSVCRT:utility_desktop.obj
 0003:000101f0       __castguard_check_failure_user_handled_fptr 00000001800451f0     MSVCRT:guard_support.obj
 0003:000101f8       __favor                    00000001800451f8     MSVCRT:cpu_disp.obj
 0003:00010200       ?_OptionsStorage@?1??__local_stdio_printf_options@@9@9 0000000180045200     <common>
 0003:00010208       __dyn_tls_init_callback    0000000180045208     <common>

 entry point at        0001:0002e5b4

 Static symbols

 0000:00000000       _volmd                     0000000180000000     c10_dsogi_pll_3ph.obj
 0000:00000000       _volmd                     0000000180000000     c14_dsogi_pll_3ph.obj
 0000:00000000       _volmd                     0000000180000000     c17_dsogi_pll_3ph.obj
 0000:00000000       _volmd                     0000000180000000     c18_dsogi_pll_3ph.obj
 0000:00000000       _volmd                     0000000180000000     c19_dsogi_pll_3ph.obj
 0000:00000000       _volmd                     0000000180000000     c1_dsogi_pll_3ph.obj
 0000:00000000       _volmd                     0000000180000000     c20_dsogi_pll_3ph.obj
 0000:00000000       _volmd                     0000000180000000     c21_dsogi_pll_3ph.obj
 0000:00000000       _volmd                     0000000180000000     c22_dsogi_pll_3ph.obj
 0000:00000000       _volmd                     0000000180000000     c23_dsogi_pll_3ph.obj
 0000:00000000       _volmd                     0000000180000000     c24_dsogi_pll_3ph.obj
 0000:00000000       _volmd                     0000000180000000     c25_dsogi_pll_3ph.obj
 0000:00000000       _volmd                     0000000180000000     c26_dsogi_pll_3ph.obj
 0000:00000000       .debug$S                   0000000180000000     dsogi_pll_3ph_sfun.exp
 0000:00000000       _volmd                     0000000180000000     dsogi_pll_3ph_sfun.obj
 0000:00000000       _volmd                     0000000180000000     dsogi_pll_3ph_sfun_registry.obj
 0000:00000000       .debug$S                   0000000180000000     ucrt:api-ms-win-crt-heap-l1-1-0.dll
 0000:00000000       .debug$S                   0000000180000000     ucrt:api-ms-win-crt-heap-l1-1-0.dll
 0000:00000000       .debug$S                   0000000180000000     ucrt:api-ms-win-crt-math-l1-1-0.dll
 0000:00000000       .debug$S                   0000000180000000     ucrt:api-ms-win-crt-runtime-l1-1-0.dll
 0000:00000000       .debug$S                   0000000180000000     ucrt:api-ms-win-crt-runtime-l1-1-0.dll
 0000:00000000       .debug$S                   0000000180000000     ucrt:api-ms-win-crt-runtime-l1-1-0.dll
 0000:00000000       .debug$S                   0000000180000000     ucrt:api-ms-win-crt-runtime-l1-1-0.dll
 0000:00000000       .debug$S                   0000000180000000     ucrt:api-ms-win-crt-runtime-l1-1-0.dll
 0000:00000000       .debug$S                   0000000180000000     ucrt:api-ms-win-crt-runtime-l1-1-0.dll
 0000:00000000       .debug$S                   0000000180000000     ucrt:api-ms-win-crt-runtime-l1-1-0.dll
 0000:00000000       .debug$S                   0000000180000000     ucrt:api-ms-win-crt-runtime-l1-1-0.dll
 0000:00000000       .debug$S                   0000000180000000     ucrt:api-ms-win-crt-runtime-l1-1-0.dll
 0000:00000000       .debug$S                   0000000180000000     ucrt:api-ms-win-crt-runtime-l1-1-0.dll
 0000:00000000       .debug$S                   0000000180000000     ucrt:api-ms-win-crt-runtime-l1-1-0.dll
 0000:00000000       .debug$S                   0000000180000000     ucrt:api-ms-win-crt-runtime-l1-1-0.dll
 0000:00000000       .debug$S                   0000000180000000     ucrt:api-ms-win-crt-stdio-l1-1-0.dll
 0000:00000000       .debug$S                   0000000180000000     ucrt:api-ms-win-crt-string-l1-1-0.dll
 0000:00000000       .debug$S                   0000000180000000     ucrt:api-ms-win-crt-string-l1-1-0.dll
 0000:00000000       .debug$S                   0000000180000000     ucrt:api-ms-win-crt-string-l1-1-0.dll
[...]
 0003:00009270       $SG29263                   000000018003e270     dsogi_pll_3ph_sfun_registry.obj
 0003:000092a8       $SG29264                   000000018003e2a8     dsogi_pll_3ph_sfun_registry.obj
 0003:000092b8       $SG29265                   000000018003e2b8     dsogi_pll_3ph_sfun_registry.obj
 0003:000092c0       $SG29268                   000000018003e2c0     dsogi_pll_3ph_sfun_registry.obj
 0003:000092f8       $SG29269                   000000018003e2f8     dsogi_pll_3ph_sfun_registry.obj
 0003:00009308       $SG29270                   000000018003e308     dsogi_pll_3ph_sfun_registry.obj
 0003:00009310       $SG29272                   000000018003e310     dsogi_pll_3ph_sfun_registry.obj
 0003:00009348       $SG29273                   000000018003e348     dsogi_pll_3ph_sfun_registry.obj
 0003:00009358       $SG29274                   000000018003e358     dsogi_pll_3ph_sfun_registry.obj
 0003:00009360       $SG29276                   000000018003e360     dsogi_pll_3ph_sfun_registry.obj
 0003:00009398       $SG29277                   000000018003e398     dsogi_pll_3ph_sfun_registry.obj
 0003:000093a8       $SG29278                   000000018003e3a8     dsogi_pll_3ph_sfun_registry.obj
 0003:000093b0       $SG29281                   000000018003e3b0     dsogi_pll_3ph_sfun_registry.obj
 0003:000093b8       $SG29283                   000000018003e3b8     dsogi_pll_3ph_sfun_registry.obj
 0003:000093d0       $SG29284                   000000018003e3d0     dsogi_pll_3ph_sfun_registry.obj
 0003:00009408       $SG29285                   000000018003e408     dsogi_pll_3ph_sfun_registry.obj
 0003:00009418       $SG29286                   000000018003e418     dsogi_pll_3ph_sfun_registry.obj
 0003:00009420       $SG29456                   000000018003e420     dsogi_pll_3ph_sfun_registry.obj
 0003:00009440       $SG29457                   000000018003e440     dsogi_pll_3ph_sfun_registry.obj
 0003:000094d0       $SG29463                   000000018003e4d0     dsogi_pll_3ph_sfun_registry.obj
 0003:000094e8       $SG29470                   000000018003e4e8     dsogi_pll_3ph_sfun_registry.obj
 0003:00009500       $SG29464                   000000018003e500     dsogi_pll_3ph_sfun_registry.obj
 0003:00009590       $SG29471                   000000018003e590     dsogi_pll_3ph_sfun_registry.obj
 0003:00009620       $SG29477                   000000018003e620     dsogi_pll_3ph_sfun_registry.obj
 0003:00009640       $SG29478                   000000018003e640     dsogi_pll_3ph_sfun_registry.obj
 0003:000096d0       $SG29484                   000000018003e6d0     dsogi_pll_3ph_sfun_registry.obj
 0003:000096f0       $SG29485                   000000018003e6f0     dsogi_pll_3ph_sfun_registry.obj
 0003:00009780       $SG29489                   000000018003e780     dsogi_pll_3ph_sfun_registry.obj
 0003:000097a0       $SG29490                   000000018003e7a0     dsogi_pll_3ph_sfun_registry.obj
 0003:00009830       $SG29494                   000000018003e830     dsogi_pll_3ph_sfun_registry.obj
 0003:00009858       $SG29499                   000000018003e858     dsogi_pll_3ph_sfun_registry.obj
 0003:00009880       $SG29495                   000000018003e880     dsogi_pll_3ph_sfun_registry.obj
 0003:00009910       $SG29500                   000000018003e910     dsogi_pll_3ph_sfun_registry.obj
 0003:000099a0       $SG29504                   000000018003e9a0     dsogi_pll_3ph_sfun_registry.obj
 0003:000099c0       $SG29505                   000000018003e9c0     dsogi_pll_3ph_sfun_registry.obj
 0003:00009a50       $SG29509                   000000018003ea50     dsogi_pll_3ph_sfun_registry.obj
 0003:00009a70       $SG29510                   000000018003ea70     dsogi_pll_3ph_sfun_registry.obj
 0003:00009b00       $SG29514                   000000018003eb00     dsogi_pll_3ph_sfun_registry.obj
 0003:00009b18       $SG29550                   000000018003eb18     dsogi_pll_3ph_sfun_registry.obj
 0003:00009b30       $SG29515                   000000018003eb30     dsogi_pll_3ph_sfun_registry.obj
 0003:00009bc0       $SG29519                   000000018003ebc0     dsogi_pll_3ph_sfun_registry.obj
 0003:00009be0       $SG29520                   000000018003ebe0     dsogi_pll_3ph_sfun_registry.obj
 0003:00009c70       $SG29524                   000000018003ec70     dsogi_pll_3ph_sfun_registry.obj
 0003:00009c90       $SG29525                   000000018003ec90     dsogi_pll_3ph_sfun_registry.obj
 0003:00009d20       $SG29529                   000000018003ed20     dsogi_pll_3ph_sfun_registry.obj
 0003:00009d40       $SG29530                   000000018003ed40     dsogi_pll_3ph_sfun_registry.obj
 0003:00009dd0       $SG29534                   000000018003edd0     dsogi_pll_3ph_sfun_registry.obj
 0003:00009df0       $SG29535                   000000018003edf0     dsogi_pll_3ph_sfun_registry.obj
 0003:00009e80       $SG29539                   000000018003ee80     dsogi_pll_3ph_sfun_registry.obj
 0003:00009ea0       $SG29540                   000000018003eea0     dsogi_pll_3ph_sfun_registry.obj
 0003:00009f30       $SG29544                   000000018003ef30     dsogi_pll_3ph_sfun_registry.obj
 0003:00009f50       $SG29545                   000000018003ef50     dsogi_pll_3ph_sfun_registry.obj
 0003:00009fe0       $SG29551                   000000018003efe0     dsogi_pll_3ph_sfun_registry.obj
 0003:0000a070       $SG29556                   000000018003f070     dsogi_pll_3ph_sfun_registry.obj
 0003:0000a078       $SG29561                   000000018003f078     dsogi_pll_3ph_sfun_registry.obj
 0003:0000a090       $SG29557                   000000018003f090     dsogi_pll_3ph_sfun_registry.obj
 0003:0000a120       $SG29562                   000000018003f120     dsogi_pll_3ph_sfun_registry.obj
 0003:0000a1b0       $SG29566                   000000018003f1b0     dsogi_pll_3ph_sfun_registry.obj
 0003:0000a1c0       $SG29567                   000000018003f1c0     dsogi_pll_3ph_sfun_registry.obj
 0003:0000a250       $SG29571                   000000018003f250     dsogi_pll_3ph_sfun_registry.obj
 0003:0000a270       $SG29572                   000000018003f270     dsogi_pll_3ph_sfun_registry.obj
 0003:0000a300       $SG29576                   000000018003f300     dsogi_pll_3ph_sfun_registry.obj
 0003:0000a320       $SG29577                   000000018003f320     dsogi_pll_3ph_sfun_registry.obj
 0003:0000a3b0       $SG29581                   000000018003f3b0     dsogi_pll_3ph_sfun_registry.obj
 0003:0000a3c0       $SG29582                   000000018003f3c0     dsogi_pll_3ph_sfun_registry.obj
 0003:0000a450       $SG29586                   000000018003f450     dsogi_pll_3ph_sfun_registry.obj
 0003:0000a460       $SG29587                   000000018003f460     dsogi_pll_3ph_sfun_registry.obj
 0003:0000a4f0       $SG29591                   000000018003f4f0     dsogi_pll_3ph_sfun_registry.obj
 0003:0000a508       $SG29596                   000000018003f508     dsogi_pll_3ph_sfun_registry.obj
 0003:0000a520       $SG29592                   000000018003f520     dsogi_pll_3ph_sfun_registry.obj
 0003:0000a5b0       $SG29597                   000000018003f5b0     dsogi_pll_3ph_sfun_registry.obj
 0003:0000a640       $SG29601                   000000018003f640     dsogi_pll_3ph_sfun_registry.obj
 0003:0000a650       $SG29602                   000000018003f650     dsogi_pll_3ph_sfun_registry.obj
 0003:0000a6e0       $SG29610                   000000018003f6e0     dsogi_pll_3ph_sfun_registry.obj
 0003:0000a6f0       $SG29611                   000000018003f6f0     dsogi_pll_3ph_sfun_registry.obj
 0003:0000a780       $SG29617                   000000018003f780     dsogi_pll_3ph_sfun_registry.obj
 0003:0000a790       $SG29618                   000000018003f790     dsogi_pll_3ph_sfun_registry.obj
 0003:0000a820       $SG29622                   000000018003f820     dsogi_pll_3ph_sfun_registry.obj
 0003:0000a830       $SG29623                   000000018003f830     dsogi_pll_3ph_sfun_registry.obj
 0003:0000a8c0       $SG29628                   000000018003f8c0     dsogi_pll_3ph_sfun_registry.obj
 0003:0000a8d0       $SG29629                   000000018003f8d0     dsogi_pll_3ph_sfun_registry.obj
 0003:0000a960       $SG29633                   000000018003f960     dsogi_pll_3ph_sfun_registry.obj
 0003:0000a9d8       $SG29676                   000000018003f9d8     dsogi_pll_3ph_sfun_registry.obj
 0003:0000a9e8       $SG29757                   000000018003f9e8     dsogi_pll_3ph_sfun_registry.obj
 0003:0000a9f0       $SG29663                   000000018003f9f0     dsogi_pll_3ph_sfun_registry.obj
 0003:0000ab08       $SG29687                   000000018003fb08     dsogi_pll_3ph_sfun_registry.obj
 0003:0000ab18       $SG29700                   000000018003fb18     dsogi_pll_3ph_sfun_registry.obj
 0003:0000ab28       $SG29711                   000000018003fb28     dsogi_pll_3ph_sfun_registry.obj
 0003:0000ab38       $SG29724                   000000018003fb38     dsogi_pll_3ph_sfun_registry.obj
 0003:0000ab48       $SG29735                   000000018003fb48     dsogi_pll_3ph_sfun_registry.obj
 0003:0000ab58       $SG29745                   000000018003fb58     dsogi_pll_3ph_sfun_registry.obj
 0003:0000ab78       $SG29756                   000000018003fb78     dsogi_pll_3ph_sfun_registry.obj
 0003:0000aba8       $SG29758                   000000018003fba8     dsogi_pll_3ph_sfun_registry.obj
 0003:0000abb0       $SG29769                   000000018003fbb0     dsogi_pll_3ph_sfun_registry.obj
 0003:0000abe8       $SG29770                   000000018003fbe8     dsogi_pll_3ph_sfun_registry.obj
 0003:0000abf0       $SG29771                   000000018003fbf0     dsogi_pll_3ph_sfun_registry.obj
 0003:0000ac40       sRtwOptimizationInfoStruct 000000018003fc40     dsogi_pll_3ph_sfun.obj
 0003:0000ac48       sOptimizationInfoFlags     000000018003fc48     dsogi_pll_3ph_sfun.obj
 0003:0000ac50       _sfTime_                   000000018003fc50     c1_dsogi_pll_3ph.obj
 0003:0000ac58       $SG27007                   000000018003fc58     c1_dsogi_pll_3ph.obj
 0003:0000ac59       $SG27024                   000000018003fc59     c1_dsogi_pll_3ph.obj
 0003:0000ac5a       $SG27306                   000000018003fc5a     c1_dsogi_pll_3ph.obj
 0003:0000ac5b       $SG27307                   000000018003fc5b     c1_dsogi_pll_3ph.obj
 0003:0000ac5c       $SG27458                   000000018003fc5c     c1_dsogi_pll_3ph.obj
 0003:0000ac60       ?newstr@?1??sf_c1_dsogi_pll_3ph_get_post_codegen_info@@9@9 000000018003fc60     c1_dsogi_pll_3ph.obj
 0003:0000b270       _sfTime_                   0000000180040270     c10_dsogi_pll_3ph.obj
 0003:0000b278       $SG27008                   0000000180040278     c10_dsogi_pll_3ph.obj
 0003:0000b279       $SG27025                   0000000180040279     c10_dsogi_pll_3ph.obj
 0003:0000b27a       $SG27281                   000000018004027a     c10_dsogi_pll_3ph.obj
 0003:0000b27b       $SG27282                   000000018004027b     c10_dsogi_pll_3ph.obj
 0003:0000b27c       $SG27433                   000000018004027c     c10_dsogi_pll_3ph.obj
 0003:0000b280       ?newstr@?1??sf_c10_dsogi_pll_3ph_get_post_codegen_info@@9@9 0000000180040280     c10_dsogi_pll_3ph.obj
 0003:0000b8a0       _sfTime_                   00000001800408a0     c14_dsogi_pll_3ph.obj
 0003:0000b8a8       $SG27007                   00000001800408a8     c14_dsogi_pll_3ph.obj
 0003:0000b8a9       $SG27024                   00000001800408a9     c14_dsogi_pll_3ph.obj
 0003:0000b8aa       $SG27306                   00000001800408aa     c14_dsogi_pll_3ph.obj
 0003:0000b8ab       $SG27307                   00000001800408ab     c14_dsogi_pll_3ph.obj
 0003:0000b8ac       $SG27458                   00000001800408ac     c14_dsogi_pll_3ph.obj
 0003:0000b8b0       ?newstr@?1??sf_c14_dsogi_pll_3ph_get_post_codegen_info@@9@9 00000001800408b0     c14_dsogi_pll_3ph.obj
 0003:0000bed0       _sfTime_                   0000000180040ed0     c17_dsogi_pll_3ph.obj
 0003:0000bed8       $SG27000                   0000000180040ed8     c17_dsogi_pll_3ph.obj
 0003:0000bed9       $SG27017                   0000000180040ed9     c17_dsogi_pll_3ph.obj
 0003:0000beda       $SG27248                   0000000180040eda     c17_dsogi_pll_3ph.obj
 0003:0000bedb       $SG27249                   0000000180040edb     c17_dsogi_pll_3ph.obj
 0003:0000bedc       $SG27400                   0000000180040edc     c17_dsogi_pll_3ph.obj
 0003:0000bee0       ?newstr@?1??sf_c17_dsogi_pll_3ph_get_post_codegen_info@@9@9 0000000180040ee0     c17_dsogi_pll_3ph.obj
 0003:0000c4e0       _sfTime_                   00000001800414e0     c18_dsogi_pll_3ph.obj
 0003:0000c4e8       $SG27000                   00000001800414e8     c18_dsogi_pll_3ph.obj
 0003:0000c4e9       $SG27017                   00000001800414e9     c18_dsogi_pll_3ph.obj
 0003:0000c4ea       $SG27248                   00000001800414ea     c18_dsogi_pll_3ph.obj
 0003:0000c4eb       $SG27249                   00000001800414eb     c18_dsogi_pll_3ph.obj
 0003:0000c4ec       $SG27400                   00000001800414ec     c18_dsogi_pll_3ph.obj
 0003:0000c4f0       ?newstr@?1??sf_c18_dsogi_pll_3ph_get_post_codegen_info@@9@9 00000001800414f0     c18_dsogi_pll_3ph.obj
 0003:0000cb00       _sfTime_                   0000000180041b00     c19_dsogi_pll_3ph.obj
 0003:0000cb08       $SG27000                   0000000180041b08     c19_dsogi_pll_3ph.obj
 0003:0000cb09       $SG27017                   0000000180041b09     c19_dsogi_pll_3ph.obj
 0003:0000cb0a       $SG27248                   0000000180041b0a     c19_dsogi_pll_3ph.obj
 0003:0000cb0b       $SG27249                   0000000180041b0b     c19_dsogi_pll_3ph.obj
 0003:0000cb0c       $SG27400                   0000000180041b0c     c19_dsogi_pll_3ph.obj
 0003:0000cb10       ?newstr@?1??sf_c19_dsogi_pll_3ph_get_post_codegen_info@@9@9 0000000180041b10     c19_dsogi_pll_3ph.obj
 0003:0000d120       _sfTime_                   0000000180042120     c20_dsogi_pll_3ph.obj
 0003:0000d128       $SG27000                   0000000180042128     c20_dsogi_pll_3ph.obj
 0003:0000d129       $SG27017                   0000000180042129     c20_dsogi_pll_3ph.obj
 0003:0000d12a       $SG27248                   000000018004212a     c20_dsogi_pll_3ph.obj
 0003:0000d12b       $SG27249                   000000018004212b     c20_dsogi_pll_3ph.obj
 0003:0000d12c       $SG27400                   000000018004212c     c20_dsogi_pll_3ph.obj
 0003:0000d130       ?newstr@?1??sf_c20_dsogi_pll_3ph_get_post_codegen_info@@9@9 0000000180042130     c20_dsogi_pll_3ph.obj
 0003:0000d740       _sfTime_                   0000000180042740     c21_dsogi_pll_3ph.obj
 0003:0000d748       $SG27000                   0000000180042748     c21_dsogi_pll_3ph.obj
 0003:0000d749       $SG27017                   0000000180042749     c21_dsogi_pll_3ph.obj
 0003:0000d74a       $SG27248                   000000018004274a     c21_dsogi_pll_3ph.obj
 0003:0000d74b       $SG27249                   000000018004274b     c21_dsogi_pll_3ph.obj
 0003:0000d74c       $SG27400                   000000018004274c     c21_dsogi_pll_3ph.obj
 0003:0000d750       ?newstr@?1??sf_c21_dsogi_pll_3ph_get_post_codegen_info@@9@9 0000000180042750     c21_dsogi_pll_3ph.obj
 0003:0000dd50       _sfTime_                   0000000180042d50     c22_dsogi_pll_3ph.obj
 0003:0000dd58       $SG27000                   0000000180042d58     c22_dsogi_pll_3ph.obj
 0003:0000dd59       $SG27017                   0000000180042d59     c22_dsogi_pll_3ph.obj
 0003:0000dd5a       $SG27248                   0000000180042d5a     c22_dsogi_pll_3ph.obj
 0003:0000dd5b       $SG27249                   0000000180042d5b     c22_dsogi_pll_3ph.obj
 0003:0000dd5c       $SG27400                   0000000180042d5c     c22_dsogi_pll_3ph.obj
 0003:0000dd60       ?newstr@?1??sf_c22_dsogi_pll_3ph_get_post_codegen_info@@9@9 0000000180042d60     c22_dsogi_pll_3ph.obj
 0003:0000e360       _sfTime_                   0000000180043360     c23_dsogi_pll_3ph.obj
 0003:0000e368       $SG27004                   0000000180043368     c23_dsogi_pll_3ph.obj
 0003:0000e369       $SG27027                   0000000180043369     c23_dsogi_pll_3ph.obj
 0003:0000e36a       $SG27321                   000000018004336a     c23_dsogi_pll_3ph.obj
 0003:0000e36b       $SG27322                   000000018004336b     c23_dsogi_pll_3ph.obj
 0003:0000e36c       $SG27473                   000000018004336c     c23_dsogi_pll_3ph.obj
 0003:0000e370       ?newstr@?1??sf_c23_dsogi_pll_3ph_get_post_codegen_info@@9@9 0000000180043370     c23_dsogi_pll_3ph.obj
 0003:0000e9a0       _sfTime_                   00000001800439a0     c24_dsogi_pll_3ph.obj
 0003:0000e9a8       $SG27003                   00000001800439a8     c24_dsogi_pll_3ph.obj
 0003:0000e9a9       $SG27020                   00000001800439a9     c24_dsogi_pll_3ph.obj
 0003:0000e9aa       $SG27271                   00000001800439aa     c24_dsogi_pll_3ph.obj
 0003:0000e9ab       $SG27272                   00000001800439ab     c24_dsogi_pll_3ph.obj
 0003:0000e9ac       $SG27423                   00000001800439ac     c24_dsogi_pll_3ph.obj
 0003:0000e9b0       ?newstr@?1??sf_c24_dsogi_pll_3ph_get_post_codegen_info@@9@9 00000001800439b0     c24_dsogi_pll_3ph.obj
 0003:0000efc0       _sfTime_                   0000000180043fc0     c25_dsogi_pll_3ph.obj
 0003:0000efc8       $SG27001                   0000000180043fc8     c25_dsogi_pll_3ph.obj
 0003:0000efc9       $SG27018                   0000000180043fc9     c25_dsogi_pll_3ph.obj
 0003:0000efca       $SG27262                   0000000180043fca     c25_dsogi_pll_3ph.obj
 0003:0000efcb       $SG27263                   0000000180043fcb     c25_dsogi_pll_3ph.obj
 0003:0000efcc       $SG27414                   0000000180043fcc     c25_dsogi_pll_3ph.obj
 0003:0000efd0       ?newstr@?1??sf_c25_dsogi_pll_3ph_get_post_codegen_info@@9@9 0000000180043fd0     c25_dsogi_pll_3ph.obj
 0003:0000f5e0       _sfTime_                   00000001800445e0     c26_dsogi_pll_3ph.obj
 0003:0000f5e8       $SG27000                   00000001800445e8     c26_dsogi_pll_3ph.obj
 0003:0000f5e9       $SG27017                   00000001800445e9     c26_dsogi_pll_3ph.obj
 0003:0000f5ea       $SG27248                   00000001800445ea     c26_dsogi_pll_3ph.obj
 0003:0000f5eb       $SG27249                   00000001800445eb     c26_dsogi_pll_3ph.obj
 0003:0000f5ec       $SG27400                   00000001800445ec     c26_dsogi_pll_3ph.obj
 0003:0000f5f0       ?newstr@?1??sf_c26_dsogi_pll_3ph_get_post_codegen_info@@9@9 00000001800445f0     c26_dsogi_pll_3ph.obj
 0003:0000fbf0       sfGlobalMdlStartCallCounts 0000000180044bf0     dsogi_pll_3ph_sfun_registry.obj
 0003:0000fbf4       $SG29108                   0000000180044bf4     dsogi_pll_3ph_sfun_registry.obj
 0003:0000fbf6       ?warningGuard@?1??ssGetRootSS@@9@9 0000000180044bf6     dsogi_pll_3ph_sfun_registry.obj
 0003:0000fbf7       ?warningGuard@?1??ssGetParentSS@@9@9 0000000180044bf7     dsogi_pll_3ph_sfun_registry.obj
 0003:0000fc00       GS_ExceptionRecord         0000000180044c00     MSVCRT:gs_report.obj
 0003:0000fca0       GS_ContextRecord           0000000180044ca0     MSVCRT:gs_report.obj
 0003:00010170       ?__proc_attached@@3HA      0000000180045170     MSVCRT:dll_dllmain.obj
 0003:000101b0       ?is_initialized_as_dll@@3_NA 00000001800451b0     MSVCRT:utility.obj
 0003:000101b1       ?module_local_atexit_table_initialized@@3_NA 00000001800451b1     MSVCRT:utility.obj
 0003:000101b8       ?module_local_atexit_table@@3U_onexit_table_t@@A 00000001800451b8     MSVCRT:utility.obj
 0003:000101d0       ?module_local_at_quick_exit_table@@3U_onexit_table_t@@A 00000001800451d0     MSVCRT:utility.obj
