 dsogi_pll_3ph_sfun

 Timestamp is 66533a73 (Sun May 26 15:34:43 2024)

 Preferred load address is 0000000180000000

 Start         Length     Name                   Class
 0001:00000000 0002f320H .text$mn                CODE
 0001:0002f320 00000036H .text$mn$00             CODE
 0001:0002f356 00000092H .text$x                 CODE
 0002:00000000 00000490H .idata$5                DATA
 0002:00000490 00000038H .00cfg                  DATA
 0002:000004c8 00000008H .CRT$XCA                DATA
 0002:000004d0 00000008H .CRT$XCZ                DATA
 0002:000004d8 00000008H .CRT$XIA                DATA
 0002:000004e0 00000008H .CRT$XIZ                DATA
 0002:000004e8 00000008H .CRT$XPA                DATA
 0002:000004f0 00000008H .CRT$XPZ                DATA
 0002:000004f8 00000008H .CRT$XTA                DATA
 0002:00000500 00000010H .CRT$XTZ                DATA
 0002:00000508 00000000H .gehcont$y              DATA
 0002:00000508 00000000H .gfids$y                DATA
 0002:00000510 00000470H .rdata                  DATA
 0002:00000980 00000080H .rdata$CastGuardVftablesA DATA
 0002:00000a00 00000080H .rdata$CastGuardVftablesC DATA
 0002:00000a80 0000029cH .rdata$voltmd           DATA
 0002:00000d1c 0000027cH .rdata$zzzdbg           DATA
 0002:00000f98 00000008H .rtc$IAA                DATA
 0002:00000fa0 00000008H .rtc$IZZ                DATA
 0002:00000fa8 00000008H .rtc$TAA                DATA
 0002:00000fb0 00000008H .rtc$TZZ                DATA
 0002:00000fb8 00001a38H .xdata                  DATA
 0002:000029f0 0000007cH .edata                  DATA
 0002:00002a6c 00000118H .idata$2                DATA
 0002:00002b84 00000014H .idata$3                DATA
 0002:00002b98 00000490H .idata$4                DATA
 0002:00003028 00000c8aH .idata$6                DATA
 0003:00000000 0000ac50H .data                   DATA
 0003:0000ac50 000055e0H .bss                    DATA
 0004:00000000 000022bcH .pdata                  DATA

  Address         Publics by Value              Rva+Base               Lib:Object

 0000:00000000       __AbsoluteZero             0000000000000000     <absolute>
 0000:00000000       ___safe_se_handler_count   0000000000000000     <absolute>
 0000:00000000       ___safe_se_handler_table   0000000000000000     <absolute>
 0000:00000000       __arm64x_extra_rfe_table   0000000000000000     <absolute>
 0000:00000000       __arm64x_extra_rfe_table_size 0000000000000000     <absolute>
 0000:00000000       __arm64x_native_entrypoint 0000000000000000     <absolute>
 0000:00000000       __arm64x_redirection_metadata 0000000000000000     <absolute>
 0000:00000000       __arm64x_redirection_metadata_count 0000000000000000     <absolute>
 0000:00000000       __dynamic_value_reloc_table 0000000000000000     <absolute>
 0000:00000000       __enclave_config           0000000000000000     <absolute>
 0000:00000000       __guard_check_icall_a64n_fptr 0000000000000000     <absolute>
 0000:00000000       __guard_eh_cont_count      0000000000000000     <absolute>
 0000:00000000       __guard_eh_cont_table      0000000000000000     <absolute>
 0000:00000000       __guard_fids_count         0000000000000000     <absolute>
 0000:00000000       __guard_fids_table         0000000000000000     <absolute>
 0000:00000000       __guard_iat_count          0000000000000000     <absolute>
 0000:00000000       __guard_iat_table          0000000000000000     <absolute>
 0000:00000000       __guard_longjmp_count      0000000000000000     <absolute>
 0000:00000000       __guard_longjmp_table      0000000000000000     <absolute>
 0000:00000000       __hybrid_auxiliary_delayload_iat 0000000000000000     <absolute>
 0000:00000000       __hybrid_auxiliary_delayload_iat_copy 0000000000000000     <absolute>
 0000:00000000       __hybrid_auxiliary_iat     0000000000000000     <absolute>
 0000:00000000       __hybrid_auxiliary_iat_copy 0000000000000000     <absolute>
 0000:00000000       __hybrid_code_map          0000000000000000     <absolute>
 0000:00000000       __hybrid_code_map_count    0000000000000000     <absolute>
 0000:00000000       __x64_code_ranges_to_entry_points 0000000000000000     <absolute>
 0000:00000000       __x64_code_ranges_to_entry_points_count 0000000000000000     <absolute>
 0000:00000100       __guard_flags              0000000000000100     <absolute>
 0000:00000000       __ImageBase                0000000180000000     <linker-defined>
 0001:00000000       dsogi_pll_3ph_initializer  0000000180001000 f   dsogi_pll_3ph_sfun.obj
 0001:00000010       dsogi_pll_3ph_terminator   0000000180001010 f   dsogi_pll_3ph_sfun.obj
 0001:00000020       load_dsogi_pll_3ph_optimization_info 0000000180001020 f   dsogi_pll_3ph_sfun.obj
 0001:000000d0       unload_dsogi_pll_3ph_optimization_info 00000001800010d0 f   dsogi_pll_3ph_sfun.obj
 0001:00000100       sf_dsogi_pll_3ph_method_dispatcher 0000000180001100 f   dsogi_pll_3ph_sfun.obj
 0001:000002f0       sf_dsogi_pll_3ph_process_check_sum_call 00000001800012f0 f   dsogi_pll_3ph_sfun.obj
 0001:00000900       sf_dsogi_pll_3ph_get_eml_resolved_functions_info 0000000180001900 f   dsogi_pll_3ph_sfun.obj
 0001:00000f40       sf_dsogi_pll_3ph_third_party_uses_info 0000000180001f40 f   dsogi_pll_3ph_sfun.obj
 0001:000013e0       sf_dsogi_pll_3ph_jit_fallback_info 00000001800023e0 f   dsogi_pll_3ph_sfun.obj
 0001:00001880       sf_dsogi_pll_3ph_get_post_codegen_info 0000000180002880 f   dsogi_pll_3ph_sfun.obj
 0001:00001e30       sf_dsogi_pll_3ph_updateBuildInfo_args_info 0000000180002e30 f   dsogi_pll_3ph_sfun.obj
 0001:000022d0       dsogi_pll_3ph_register_exported_symbols 00000001800032d0 f   dsogi_pll_3ph_sfun.obj
 0001:000022e0       sf_c10_dsogi_pll_3ph_get_eml_resolved_functions_info 00000001800032e0 f   c10_dsogi_pll_3ph.obj
 0001:00002360       sf_c10_dsogi_pll_3ph_get_check_sum 0000000180003360 f   c10_dsogi_pll_3ph.obj
 0001:00002430       c10_dsogi_pll_3ph_method_dispatcher 0000000180003430 f   c10_dsogi_pll_3ph.obj
 0001:000040c0       sf_c10_dsogi_pll_3ph_third_party_uses_info 00000001800050c0 f   c10_dsogi_pll_3ph.obj
 0001:000040f0       sf_c10_dsogi_pll_3ph_jit_fallback_info 00000001800050f0 f   c10_dsogi_pll_3ph.obj
 0001:00004280       sf_c10_dsogi_pll_3ph_updateBuildInfo_args_info 0000000180005280 f   c10_dsogi_pll_3ph.obj
 0001:00004640       sf_c10_dsogi_pll_3ph_get_post_codegen_info 0000000180005640 f   c10_dsogi_pll_3ph.obj
 0001:00004b40       sf_c14_dsogi_pll_3ph_get_eml_resolved_functions_info 0000000180005b40 f   c14_dsogi_pll_3ph.obj
 0001:00004bc0       sf_c14_dsogi_pll_3ph_get_check_sum 0000000180005bc0 f   c14_dsogi_pll_3ph.obj
 0001:00004c90       c14_dsogi_pll_3ph_method_dispatcher 0000000180005c90 f   c14_dsogi_pll_3ph.obj
 0001:00008200       sf_c14_dsogi_pll_3ph_third_party_uses_info 0000000180009200 f   c14_dsogi_pll_3ph.obj
 0001:00008230       sf_c14_dsogi_pll_3ph_jit_fallback_info 0000000180009230 f   c14_dsogi_pll_3ph.obj
 0001:000083c0       sf_c14_dsogi_pll_3ph_updateBuildInfo_args_info 00000001800093c0 f   c14_dsogi_pll_3ph.obj
 0001:00008780       sf_c14_dsogi_pll_3ph_get_post_codegen_info 0000000180009780 f   c14_dsogi_pll_3ph.obj
 0001:00008c80       sf_c16_dsogi_pll_3ph_get_eml_resolved_functions_info 0000000180009c80 f   c16_dsogi_pll_3ph.obj
 0001:00008d00       sf_c16_dsogi_pll_3ph_get_check_sum 0000000180009d00 f   c16_dsogi_pll_3ph.obj
 0001:00008dd0       c16_dsogi_pll_3ph_method_dispatcher 0000000180009dd0 f   c16_dsogi_pll_3ph.obj
 0001:0000c340       sf_c16_dsogi_pll_3ph_third_party_uses_info 000000018000d340 f   c16_dsogi_pll_3ph.obj
 0001:0000c370       sf_c16_dsogi_pll_3ph_jit_fallback_info 000000018000d370 f   c16_dsogi_pll_3ph.obj
 0001:0000c500       sf_c16_dsogi_pll_3ph_updateBuildInfo_args_info 000000018000d500 f   c16_dsogi_pll_3ph.obj
 0001:0000c8c0       sf_c16_dsogi_pll_3ph_get_post_codegen_info 000000018000d8c0 f   c16_dsogi_pll_3ph.obj
 0001:0000cdc0       sf_c17_dsogi_pll_3ph_get_eml_resolved_functions_info 000000018000ddc0 f   c17_dsogi_pll_3ph.obj
 0001:0000ce40       sf_c17_dsogi_pll_3ph_get_check_sum 000000018000de40 f   c17_dsogi_pll_3ph.obj
 0001:0000cf10       c17_dsogi_pll_3ph_method_dispatcher 000000018000df10 f   c17_dsogi_pll_3ph.obj
 0001:0000e330       sf_c17_dsogi_pll_3ph_third_party_uses_info 000000018000f330 f   c17_dsogi_pll_3ph.obj
 0001:0000e360       sf_c17_dsogi_pll_3ph_jit_fallback_info 000000018000f360 f   c17_dsogi_pll_3ph.obj
 0001:0000e4f0       sf_c17_dsogi_pll_3ph_updateBuildInfo_args_info 000000018000f4f0 f   c17_dsogi_pll_3ph.obj
 0001:0000e8b0       sf_c17_dsogi_pll_3ph_get_post_codegen_info 000000018000f8b0 f   c17_dsogi_pll_3ph.obj
 0001:0000edb0       sf_c18_dsogi_pll_3ph_get_eml_resolved_functions_info 000000018000fdb0 f   c18_dsogi_pll_3ph.obj
 0001:0000ee30       sf_c18_dsogi_pll_3ph_get_check_sum 000000018000fe30 f   c18_dsogi_pll_3ph.obj
 0001:0000ef00       c18_dsogi_pll_3ph_method_dispatcher 000000018000ff00 f   c18_dsogi_pll_3ph.obj
 0001:00010320       sf_c18_dsogi_pll_3ph_third_party_uses_info 0000000180011320 f   c18_dsogi_pll_3ph.obj
 0001:00010350       sf_c18_dsogi_pll_3ph_jit_fallback_info 0000000180011350 f   c18_dsogi_pll_3ph.obj
 0001:000104e0       sf_c18_dsogi_pll_3ph_updateBuildInfo_args_info 00000001800114e0 f   c18_dsogi_pll_3ph.obj
 0001:000108a0       sf_c18_dsogi_pll_3ph_get_post_codegen_info 00000001800118a0 f   c18_dsogi_pll_3ph.obj
 0001:00010da0       sf_c19_dsogi_pll_3ph_get_eml_resolved_functions_info 0000000180011da0 f   c19_dsogi_pll_3ph.obj
 0001:00010e20       sf_c19_dsogi_pll_3ph_get_check_sum 0000000180011e20 f   c19_dsogi_pll_3ph.obj
 0001:00010ef0       c19_dsogi_pll_3ph_method_dispatcher 0000000180011ef0 f   c19_dsogi_pll_3ph.obj
 0001:00012310       sf_c19_dsogi_pll_3ph_third_party_uses_info 0000000180013310 f   c19_dsogi_pll_3ph.obj
 0001:00012340       sf_c19_dsogi_pll_3ph_jit_fallback_info 0000000180013340 f   c19_dsogi_pll_3ph.obj
 0001:000124d0       sf_c19_dsogi_pll_3ph_updateBuildInfo_args_info 00000001800134d0 f   c19_dsogi_pll_3ph.obj
 0001:00012890       sf_c19_dsogi_pll_3ph_get_post_codegen_info 0000000180013890 f   c19_dsogi_pll_3ph.obj
 0001:00012d90       sf_c20_dsogi_pll_3ph_get_eml_resolved_functions_info 0000000180013d90 f   c20_dsogi_pll_3ph.obj
 0001:00012e10       sf_c20_dsogi_pll_3ph_get_check_sum 0000000180013e10 f   c20_dsogi_pll_3ph.obj
 0001:00012ee0       c20_dsogi_pll_3ph_method_dispatcher 0000000180013ee0 f   c20_dsogi_pll_3ph.obj
 0001:00014300       sf_c20_dsogi_pll_3ph_third_party_uses_info 0000000180015300 f   c20_dsogi_pll_3ph.obj
 0001:00014330       sf_c20_dsogi_pll_3ph_jit_fallback_info 0000000180015330 f   c20_dsogi_pll_3ph.obj
 0001:000144c0       sf_c20_dsogi_pll_3ph_updateBuildInfo_args_info 00000001800154c0 f   c20_dsogi_pll_3ph.obj
 0001:00014880       sf_c20_dsogi_pll_3ph_get_post_codegen_info 0000000180015880 f   c20_dsogi_pll_3ph.obj
 0001:00014d80       sf_c21_dsogi_pll_3ph_get_eml_resolved_functions_info 0000000180015d80 f   c21_dsogi_pll_3ph.obj
 0001:00014e00       sf_c21_dsogi_pll_3ph_get_check_sum 0000000180015e00 f   c21_dsogi_pll_3ph.obj
 0001:00014ed0       c21_dsogi_pll_3ph_method_dispatcher 0000000180015ed0 f   c21_dsogi_pll_3ph.obj
 0001:00016270       sf_c21_dsogi_pll_3ph_third_party_uses_info 0000000180017270 f   c21_dsogi_pll_3ph.obj
 0001:000162a0       sf_c21_dsogi_pll_3ph_jit_fallback_info 00000001800172a0 f   c21_dsogi_pll_3ph.obj
 0001:00016430       sf_c21_dsogi_pll_3ph_updateBuildInfo_args_info 0000000180017430 f   c21_dsogi_pll_3ph.obj
 0001:000167f0       sf_c21_dsogi_pll_3ph_get_post_codegen_info 00000001800177f0 f   c21_dsogi_pll_3ph.obj
 0001:00016cf0       sf_c22_dsogi_pll_3ph_get_eml_resolved_functions_info 0000000180017cf0 f   c22_dsogi_pll_3ph.obj
 0001:00016d70       sf_c22_dsogi_pll_3ph_get_check_sum 0000000180017d70 f   c22_dsogi_pll_3ph.obj
 0001:00016e40       c22_dsogi_pll_3ph_method_dispatcher 0000000180017e40 f   c22_dsogi_pll_3ph.obj
 0001:000181e0       sf_c22_dsogi_pll_3ph_third_party_uses_info 00000001800191e0 f   c22_dsogi_pll_3ph.obj
 0001:00018210       sf_c22_dsogi_pll_3ph_jit_fallback_info 0000000180019210 f   c22_dsogi_pll_3ph.obj
 0001:000183a0       sf_c22_dsogi_pll_3ph_updateBuildInfo_args_info 00000001800193a0 f   c22_dsogi_pll_3ph.obj
 0001:00018760       sf_c22_dsogi_pll_3ph_get_post_codegen_info 0000000180019760 f   c22_dsogi_pll_3ph.obj
 0001:00018c60       sf_c23_dsogi_pll_3ph_get_eml_resolved_functions_info 0000000180019c60 f   c23_dsogi_pll_3ph.obj
 0001:00018ce0       sf_c23_dsogi_pll_3ph_get_check_sum 0000000180019ce0 f   c23_dsogi_pll_3ph.obj
 0001:00018db0       c23_dsogi_pll_3ph_method_dispatcher 0000000180019db0 f   c23_dsogi_pll_3ph.obj
 0001:0001b500       sf_c23_dsogi_pll_3ph_third_party_uses_info 000000018001c500 f   c23_dsogi_pll_3ph.obj
 0001:0001b530       sf_c23_dsogi_pll_3ph_jit_fallback_info 000000018001c530 f   c23_dsogi_pll_3ph.obj
 0001:0001b6c0       sf_c23_dsogi_pll_3ph_updateBuildInfo_args_info 000000018001c6c0 f   c23_dsogi_pll_3ph.obj
 0001:0001ba80       sf_c23_dsogi_pll_3ph_get_post_codegen_info 000000018001ca80 f   c23_dsogi_pll_3ph.obj
 0001:0001bf80       sf_c24_dsogi_pll_3ph_get_eml_resolved_functions_info 000000018001cf80 f   c24_dsogi_pll_3ph.obj
 0001:0001c000       sf_c24_dsogi_pll_3ph_get_check_sum 000000018001d000 f   c24_dsogi_pll_3ph.obj
 0001:0001c0d0       c24_dsogi_pll_3ph_method_dispatcher 000000018001d0d0 f   c24_dsogi_pll_3ph.obj
 0001:0001db00       sf_c24_dsogi_pll_3ph_third_party_uses_info 000000018001eb00 f   c24_dsogi_pll_3ph.obj
 0001:0001db30       sf_c24_dsogi_pll_3ph_jit_fallback_info 000000018001eb30 f   c24_dsogi_pll_3ph.obj
 0001:0001dcc0       sf_c24_dsogi_pll_3ph_updateBuildInfo_args_info 000000018001ecc0 f   c24_dsogi_pll_3ph.obj
 0001:0001e080       sf_c24_dsogi_pll_3ph_get_post_codegen_info 000000018001f080 f   c24_dsogi_pll_3ph.obj
 0001:0001e580       sf_c25_dsogi_pll_3ph_get_eml_resolved_functions_info 000000018001f580 f   c25_dsogi_pll_3ph.obj
 0001:0001e600       sf_c25_dsogi_pll_3ph_get_check_sum 000000018001f600 f   c25_dsogi_pll_3ph.obj
 0001:0001e6d0       c25_dsogi_pll_3ph_method_dispatcher 000000018001f6d0 f   c25_dsogi_pll_3ph.obj
 0001:000203c0       sf_c25_dsogi_pll_3ph_third_party_uses_info 00000001800213c0 f   c25_dsogi_pll_3ph.obj
 0001:000203f0       sf_c25_dsogi_pll_3ph_jit_fallback_info 00000001800213f0 f   c25_dsogi_pll_3ph.obj
 0001:00020580       sf_c25_dsogi_pll_3ph_updateBuildInfo_args_info 0000000180021580 f   c25_dsogi_pll_3ph.obj
 0001:00020940       sf_c25_dsogi_pll_3ph_get_post_codegen_info 0000000180021940 f   c25_dsogi_pll_3ph.obj
 0001:00020e40       sf_c26_dsogi_pll_3ph_get_eml_resolved_functions_info 0000000180021e40 f   c26_dsogi_pll_3ph.obj
 0001:00020ec0       sf_c26_dsogi_pll_3ph_get_check_sum 0000000180021ec0 f   c26_dsogi_pll_3ph.obj
 0001:00020f90       c26_dsogi_pll_3ph_method_dispatcher 0000000180021f90 f   c26_dsogi_pll_3ph.obj
 0001:00022330       sf_c26_dsogi_pll_3ph_third_party_uses_info 0000000180023330 f   c26_dsogi_pll_3ph.obj
 0001:00022360       sf_c26_dsogi_pll_3ph_jit_fallback_info 0000000180023360 f   c26_dsogi_pll_3ph.obj
 0001:000224f0       sf_c26_dsogi_pll_3ph_updateBuildInfo_args_info 00000001800234f0 f   c26_dsogi_pll_3ph.obj
 0001:000228b0       sf_c26_dsogi_pll_3ph_get_post_codegen_info 00000001800238b0 f   c26_dsogi_pll_3ph.obj
 0001:00022db0       mexFunction                0000000180023db0 f   dsogi_pll_3ph_sfun_registry.obj
 0001:00025680       _ssSetInputPortDirectFeedThroughFcn 0000000180026680 f   dsogi_pll_3ph_sfun_registry.obj
 0001:000257f0       _ssSetRWorkValueFcn        00000001800267f0 f   dsogi_pll_3ph_sfun_registry.obj
 0001:00025870       _ssGetRWorkValueFcn        0000000180026870 f   dsogi_pll_3ph_sfun_registry.obj
 0001:000258e0       _ssSetIWorkValueFcn        00000001800268e0 f   dsogi_pll_3ph_sfun_registry.obj
 0001:00025960       _ssGetIWorkValueFcn        0000000180026960 f   dsogi_pll_3ph_sfun_registry.obj
 0001:000259d0       _ssSetPWorkValueFcn        00000001800269d0 f   dsogi_pll_3ph_sfun_registry.obj
 0001:00025a50       _ssGetPWorkValueFcn        0000000180026a50 f   dsogi_pll_3ph_sfun_registry.obj
 0001:00025ac0       _ssGetInputPortSignalFcn   0000000180026ac0 f   dsogi_pll_3ph_sfun_registry.obj
 0001:00025e50       _ssGetInputPortBufferDstPortFcn 0000000180026e50 f   dsogi_pll_3ph_sfun_registry.obj
 0001:00025ed0       _ssGetInputPortSignalPtrsFcn 0000000180026ed0 f   dsogi_pll_3ph_sfun_registry.obj
 0001:00026260       ssGetParameterTuningCompliance 0000000180027260 f   dsogi_pll_3ph_sfun_registry.obj
 0001:000262d0       _ssReadInputStringFcn      00000001800272d0 f   dsogi_pll_3ph_sfun_registry.obj
 0001:00026340       ssGetDTypeIdFromMxArray    0000000180027340 f   dsogi_pll_3ph_sfun_registry.obj
 0001:00026460       ssWriteRTWMx2dMatParam     0000000180027460 f   dsogi_pll_3ph_sfun_registry.obj
 0001:000264f0       ssWriteRTWMxVectParam      00000001800274f0 f   dsogi_pll_3ph_sfun_registry.obj
 0001:00026570       ssWriteRTWParameters       0000000180027570 f   dsogi_pll_3ph_sfun_registry.obj
 0001:00026b30       ssWriteRTWParamSettings    0000000180027b30 f   dsogi_pll_3ph_sfun_registry.obj
 0001:00027220       ssWriteRTWStr              0000000180028220 f   dsogi_pll_3ph_sfun_registry.obj
 0001:00027280       ssWriteRTWWorkVect         0000000180028280 f   dsogi_pll_3ph_sfun_registry.obj
 0001:000277e0       ssWarning                  00000001800287e0 f   dsogi_pll_3ph_sfun_registry.obj
 0001:000278d0       ssGetRootSS                00000001800288d0 f   dsogi_pll_3ph_sfun_registry.obj
 0001:00027990       ssGetParentSS              0000000180028990 f   dsogi_pll_3ph_sfun_registry.obj
 0001:00027a50       ssWriteRTWNameValuePair    0000000180028a50 f   dsogi_pll_3ph_sfun_registry.obj
 0001:00027f50       _ssSetInputPortMatrixDimensions 0000000180028f50 f   dsogi_pll_3ph_sfun_registry.obj
 0001:000280a0       _ssSetOutputPortMatrixDimensions 00000001800290a0 f   dsogi_pll_3ph_sfun_registry.obj
 0001:000281f0       _ssSetInputPortVectorDimension 00000001800291f0 f   dsogi_pll_3ph_sfun_registry.obj
 0001:000282a0       _ssSetOutputPortVectorDimension 00000001800292a0 f   dsogi_pll_3ph_sfun_registry.obj
 0001:00028350       ssIsRunTimeParamTunable    0000000180029350 f   dsogi_pll_3ph_sfun_registry.obj
 0001:000283c0       ssGetSFuncBlockHandle      00000001800293c0 f   dsogi_pll_3ph_sfun_registry.obj
 0001:00028430       _ssGetCallSystemNumFcnCallDestinations 0000000180029430 f   dsogi_pll_3ph_sfun_registry.obj
 0001:000284a0       _ssGetCurrentInputPortWidth 00000001800294a0 f   dsogi_pll_3ph_sfun_registry.obj
 0001:000285e0       _ssGetCurrentOutputPortWidth 00000001800295e0 f   dsogi_pll_3ph_sfun_registry.obj
 0001:00028720       ssGetIsZeroCrossControlDisabled 0000000180029720 f   dsogi_pll_3ph_sfun_registry.obj
 0001:00028790       ssSetIsInputPortUsedForContZcSignal 0000000180029790 f   dsogi_pll_3ph_sfun_registry.obj
 0001:00028800       ssSetZcSignalIsZcElementDisc 0000000180029800 f   dsogi_pll_3ph_sfun_registry.obj
 0001:000288b0       ssSetZcSignalName          00000001800298b0 f   dsogi_pll_3ph_sfun_registry.obj
 0001:00028920       ssSetZcSignalWidth         0000000180029920 f   dsogi_pll_3ph_sfun_registry.obj
 0001:00028990       ssSetZcSignalZcEventType   0000000180029990 f   dsogi_pll_3ph_sfun_registry.obj
 0001:00028a00       ssSetZcSignalType          0000000180029a00 f   dsogi_pll_3ph_sfun_registry.obj
 0001:00028a70       ssSetZcSignalZcTol         0000000180029a70 f   dsogi_pll_3ph_sfun_registry.obj
 0001:00028ae0       ssSetZcSignalNeedsEventNotification 0000000180029ae0 f   dsogi_pll_3ph_sfun_registry.obj
 0001:00028b50       ssCreateAndAddZcSignalInfo 0000000180029b50 f   dsogi_pll_3ph_sfun_registry.obj
 0001:00028bc0       ssCloneAndAddZcSignalInfo  0000000180029bc0 f   dsogi_pll_3ph_sfun_registry.obj
 0001:00028c30       ssGetNumZcSignals          0000000180029c30 f   dsogi_pll_3ph_sfun_registry.obj
 0001:00028ca0       ssGetZcSignalVector        0000000180029ca0 f   dsogi_pll_3ph_sfun_registry.obj
 0001:00028d10       ssGetZcSignalName          0000000180029d10 f   dsogi_pll_3ph_sfun_registry.obj
 0001:00028d80       ssGetZcSignalWidth         0000000180029d80 f   dsogi_pll_3ph_sfun_registry.obj
 0001:00028df0       ssGetZcSignalZcEventType   0000000180029df0 f   dsogi_pll_3ph_sfun_registry.obj
 0001:00028e60       ssGetZcSignalZcEvents      0000000180029e60 f   dsogi_pll_3ph_sfun_registry.obj
 0001:00028ed0       ssGetZcSignalType          0000000180029ed0 f   dsogi_pll_3ph_sfun_registry.obj
 0001:00028f40       ssGetZcSignalZcTol         0000000180029f40 f   dsogi_pll_3ph_sfun_registry.obj
 0001:00028fc0       ssGetZcSignalNeedsEventNotification 0000000180029fc0 f   dsogi_pll_3ph_sfun_registry.obj
 0001:00029030       ssGetZcSignalIsZcElementDisc 000000018002a030 f   dsogi_pll_3ph_sfun_registry.obj
 0001:000290d0       ssGetIsInputPortElementContinuous 000000018002a0d0 f   dsogi_pll_3ph_sfun_registry.obj
 0001:00029170       _ssGetAbsTol               000000018002a170 f   dsogi_pll_3ph_sfun_registry.obj
 0001:000291e0       _ssSetStateAbsTol          000000018002a1e0 f   dsogi_pll_3ph_sfun_registry.obj
 0001:000292c0       _ssSetInputPortReusableFcn 000000018002a2c0 f   dsogi_pll_3ph_sfun_registry.obj
 0001:000293c0       _ssSetOutputPortReusableFcn 000000018002a3c0 f   dsogi_pll_3ph_sfun_registry.obj
 0001:000294c0       _ssSetSymbolicDimsSupport  000000018002a4c0 f   dsogi_pll_3ph_sfun_registry.obj
 0001:00029530       _ssRegisterSymbolicDimsExpr 000000018002a530 f   dsogi_pll_3ph_sfun_registry.obj
 0001:000295b0       _ssRegisterSymbolicDimsMATLABExpr 000000018002a5b0 f   dsogi_pll_3ph_sfun_registry.obj
 0001:00029640       _ssRegisterSymbolicDims    000000018002a640 f   dsogi_pll_3ph_sfun_registry.obj
 0001:000296e0       _ssRegisterSymbolicDimsString 000000018002a6e0 f   dsogi_pll_3ph_sfun_registry.obj
 0001:00029760       _ssRegisterSymbolicDimsIntValue 000000018002a760 f   dsogi_pll_3ph_sfun_registry.obj
 0001:000297d0       _ssRegisterSymbolicEqualRelation 000000018002a7d0 f   dsogi_pll_3ph_sfun_registry.obj
 0001:00029840       _ssRegisterSymbolicEqualValue 000000018002a840 f   dsogi_pll_3ph_sfun_registry.obj
 0001:000298b0       _ssAmendLeadingSymbolicDims 000000018002a8b0 f   dsogi_pll_3ph_sfun_registry.obj
 0001:00029930       _ssAmendTrailingSymbolicDims 000000018002a930 f   dsogi_pll_3ph_sfun_registry.obj
 0001:000299b0       _ssRegisterSymbolicDimsPlus 000000018002a9b0 f   dsogi_pll_3ph_sfun_registry.obj
 0001:00029a30       _ssRegisterSymbolicDimsMinus 000000018002aa30 f   dsogi_pll_3ph_sfun_registry.obj
 0001:00029ab0       _ssRegisterSymbolicDimsMultiply 000000018002aab0 f   dsogi_pll_3ph_sfun_registry.obj
 0001:00029b30       _ssRegisterSymbolicDimsDivide 000000018002ab30 f   dsogi_pll_3ph_sfun_registry.obj
 0001:00029bb0       _ssGetNumSymbolicDims      000000018002abb0 f   dsogi_pll_3ph_sfun_registry.obj
 0001:00029c20       _ssGetSymbolicDim          000000018002ac20 f   dsogi_pll_3ph_sfun_registry.obj
 0001:00029ca0       _ssSetInputPortSymbolicDimsId 000000018002aca0 f   dsogi_pll_3ph_sfun_registry.obj
 0001:00029d10       _ssGetCompInputPortSymbolicDimsId 000000018002ad10 f   dsogi_pll_3ph_sfun_registry.obj
 0001:00029d80       _ssSetCompInputPortSymbolicDimsId 000000018002ad80 f   dsogi_pll_3ph_sfun_registry.obj
 0001:00029df0       _ssSetOutputPortSymbolicDimsId 000000018002adf0 f   dsogi_pll_3ph_sfun_registry.obj
 0001:00029e60       _ssGetCompOutputPortSymbolicDimsId 000000018002ae60 f   dsogi_pll_3ph_sfun_registry.obj
 0001:00029ed0       _ssSetCompOutputPortSymbolicDimsId 000000018002aed0 f   dsogi_pll_3ph_sfun_registry.obj
 0001:00029f40       _ssGetDWorkSymbolicDimsId  000000018002af40 f   dsogi_pll_3ph_sfun_registry.obj
 0001:00029fb0       _ssSetDWorkSymbolicDimsId  000000018002afb0 f   dsogi_pll_3ph_sfun_registry.obj
 0001:0002a020       _ssGetCompDWorkSymbolicDimsId 000000018002b020 f   dsogi_pll_3ph_sfun_registry.obj
 0001:0002a090       _ssSetCompDWorkSymbolicDimsId 000000018002b090 f   dsogi_pll_3ph_sfun_registry.obj
 0001:0002a100       _ssCreateSLCGStringBuffer  000000018002b100 f   dsogi_pll_3ph_sfun_registry.obj
 0001:0002a170       _ssAddToSLCGStringBuffer   000000018002b170 f   dsogi_pll_3ph_sfun_registry.obj
 0001:0002a1e0       _ssGetPointerContainedData 000000018002b1e0 f   dsogi_pll_3ph_sfun_registry.obj
 0001:0002a270       _ssGetPointerContainedDataWidth 000000018002b270 f   dsogi_pll_3ph_sfun_registry.obj
 0001:0002a300       _ssRegisterDynamicArrayDataTypeFcn 000000018002b300 f   dsogi_pll_3ph_sfun_registry.obj
 0001:0002a3a0       _ssGetDynamicArrayContainedDataCurrentWidthFcn 000000018002b3a0 f   dsogi_pll_3ph_sfun_registry.obj
 0001:0002a470       _ssGetDynamicArrayContainedDataFcn 000000018002b470 f   dsogi_pll_3ph_sfun_registry.obj
 0001:0002a540       _ssGetInputPortDynamicArrayDataFcn 000000018002b540 f   dsogi_pll_3ph_sfun_registry.obj
 0001:0002a600       _ssGetOutputPortDynamicArrayDataFcn 000000018002b600 f   dsogi_pll_3ph_sfun_registry.obj
 0001:0002a6c0       _ssGetInputPortDynamicArrayContainedDataFcn 000000018002b6c0 f   dsogi_pll_3ph_sfun_registry.obj
 0001:0002a780       _ssGetOutputPortDynamicArrayContainedDataFcn 000000018002b780 f   dsogi_pll_3ph_sfun_registry.obj
 0001:0002a840       _ssGetDynamicArrayDWorkContainedDataFcn 000000018002b840 f   dsogi_pll_3ph_sfun_registry.obj
 0001:0002a900       sf_process_check_sum_call  000000018002b900 f   dsogi_pll_3ph_sfun_registry.obj
 0001:0002a950       sf_process_get_third_party_uses_info_call 000000018002b950 f   dsogi_pll_3ph_sfun_registry.obj
 0001:0002ab80       sf_process_get_jit_fallback_info_call 000000018002bb80 f   dsogi_pll_3ph_sfun_registry.obj
 0001:0002adb0       sf_process_get_post_codegen_info_call 000000018002bdb0 f   dsogi_pll_3ph_sfun_registry.obj
 0001:0002afe0       sf_process_get_updateBuildInfo_args_info_call 000000018002bfe0 f   dsogi_pll_3ph_sfun_registry.obj
 0001:0002b210       sf_process_get_eml_resolved_functions_info_call 000000018002c210 f   dsogi_pll_3ph_sfun_registry.obj
 0001:0002b440       sf_mex_unlock_call         000000018002c440 f   dsogi_pll_3ph_sfun_registry.obj
 0001:0002b660       sf_machine_global_initializer_called 000000018002c660 f   dsogi_pll_3ph_sfun_registry.obj
 0001:0002b690       sf_machine_global_method_dispatcher 000000018002c690 f   dsogi_pll_3ph_sfun_registry.obj
 0001:0002b6f0       sf_machine_global_terminator 000000018002c6f0 f   dsogi_pll_3ph_sfun_registry.obj
 0001:0002b720       sf_register_machine_exported_symbols 000000018002c720 f   dsogi_pll_3ph_sfun_registry.obj
 0001:0002b740       callCustomFcn              000000018002c740 f   dsogi_pll_3ph_sfun_registry.obj
 0001:0002b750       sf_machine_global_initializer 000000018002c750 f   dsogi_pll_3ph_sfun_registry.obj
 0001:0002b7c0       mdlGetSimState             000000018002c7c0 f   dsogi_pll_3ph_sfun_registry.obj
 0001:0002b800       mdlSetSimState             000000018002c800 f   dsogi_pll_3ph_sfun_registry.obj
 0001:0002c170       ProcessMexSfunctionEveryCall 000000018002d170 f   dsogi_pll_3ph_sfun_registry.obj
 0001:0002d2f0       __local_stdio_printf_options 000000018002e2f0 f i dsogi_pll_3ph_sfun_registry.obj
 0001:0002d300       _vsnprintf_l               000000018002e300 f i dsogi_pll_3ph_sfun_registry.obj
 0001:0002d380       _vsprintf_l                000000018002e380 f i dsogi_pll_3ph_sfun_registry.obj
 0001:0002d3d0       sprintf                    000000018002e3d0 f i dsogi_pll_3ph_sfun_registry.obj
 0001:0002d420       mexfilerequiredapiversion  000000018002e420 f   c_mexapi_version.obj
 0001:0002d450       getBitfieldFromFloat       000000018002e450 f   half_type.obj
 0001:0002d480       getFloatFromBitfield       000000018002e480 f   half_type.obj
 0001:0002d4b0       getBitfieldFromHalf        000000018002e4b0 f   half_type.obj
 0001:0002d4d0       getHalfFromBitfield        000000018002e4d0 f   half_type.obj
 0001:0002d500       halfToFloat                000000018002e500 f   half_type.obj
 0001:0002d5b0       halfToDouble               000000018002e5b0 f   half_type.obj
 0001:0002d5e0       floatToHalf                000000018002e5e0 f   half_type.obj
 0001:0002d840       doubleToHalf               000000018002e840 f   half_type.obj
 0001:0002db2c       sf_load_rtw_optimization_info 000000018002eb2c f   sf_runtime:sf_runtime.dll
 0001:0002db32       sf_mex_decode              000000018002eb32 f   sf_runtime:sf_runtime.dll
 0001:0002db38       sf_init_ChartRunTimeInfo   000000018002eb38 f   sf_runtime:sf_runtime.dll
 0001:0002db3e       sf_free_ChartRunTimeInfo   000000018002eb3e f   sf_runtime:sf_runtime.dll
 0001:0002db44       sf_reset_warnings_ChartRunTimeInfo 000000018002eb44 f   sf_runtime:sf_runtime.dll
 0001:0002db4a       sfrtGetEmlrtCtx            000000018002eb4a f   sf_runtime:sf_runtime.dll
 0001:0002db50       sfrtGetCovrtInstance       000000018002eb50 f   sf_runtime:sf_runtime.dll
 0001:0002db56       sf_get_chart_instance_ptr  000000018002eb56 f   sf_runtime:sf_runtime.dll
 0001:0002db5c       sim_mode_is_rtw_gen        000000018002eb5c f   sf_runtime:sf_runtime.dll
 0001:0002db62       sim_mode_is_external       000000018002eb62 f   sf_runtime:sf_runtime.dll
 0001:0002db68       sf_clear_rtw_identifier    000000018002eb68 f   sf_runtime:sf_runtime.dll
 0001:0002db6e       sf_get_time                000000018002eb6e f   sf_runtime:sf_runtime.dll
 0001:0002db74       sfDoAnimationWrapper       000000018002eb74 f   sf_runtime:sf_runtime.dll
 0001:0002db7a       setDataBrowseFcn           000000018002eb7a f   sf_runtime:sf_runtime.dll
 0001:0002db80       setDebuggerFlag            000000018002eb80 f   sf_runtime:sf_runtime.dll
 0001:0002db86       sf_warn_if_symbolic_dimension_param_changed 000000018002eb86 f   sf_runtime:sf_runtime.dll
 0001:0002db8c       sf_set_work_widths         000000018002eb8c f   sf_runtime:sf_runtime.dll
 0001:0002db92       sfListenerCacheSimStruct   000000018002eb92 f   sf_runtime:sf_runtime.dll
 0001:0002db98       sfListenerLightTerminate   000000018002eb98 f   sf_runtime:sf_runtime.dll
 0001:0002db9e       sfListenerInitializeRuntimeVars 000000018002eb9e f   sf_runtime:sf_runtime.dll
 0001:0002dba4       sf_mex_printf              000000018002eba4 f   sf_runtime:sf_runtime.dll
 0001:0002dbaa       sf_mex_call                000000018002ebaa f   sf_runtime:sf_runtime.dll
 0001:0002dbb0       sf_mex_error_message       000000018002ebb0 f   sf_runtime:sf_runtime.dll
 0001:0002dbb6       sf_mex_create              000000018002ebb6 f   sf_runtime:sf_runtime.dll
 0001:0002dbbc       sf_mex_createcellmatrix    000000018002ebbc f   sf_runtime:sf_runtime.dll
 0001:0002dbc2       sf_mex_setcell             000000018002ebc2 f   sf_runtime:sf_runtime.dll
 0001:0002dbc8       sf_mex_getcell             000000018002ebc8 f   sf_runtime:sf_runtime.dll
 0001:0002dbce       sf_mex_assign              000000018002ebce f   sf_runtime:sf_runtime.dll
 0001:0002dbd4       sf_mex_dup                 000000018002ebd4 f   sf_runtime:sf_runtime.dll
 0001:0002dbda       sf_mex_destroy             000000018002ebda f   sf_runtime:sf_runtime.dll
 0001:0002dbe0       sf_mex_import              000000018002ebe0 f   sf_runtime:sf_runtime.dll
 0001:0002dbe6       ssGetInputPortSignal_wrapper 000000018002ebe6 f   sf_runtime:sf_runtime.dll
 0001:0002dbec       ssGetOutputPortSignal_wrapper 000000018002ebec f   sf_runtime:sf_runtime.dll
 0001:0002dbf2       sf_get_ChartInfoStruct_CodeGen 000000018002ebf2 f   sf_runtime:sf_runtime.dll
 0001:0002dbf8       sf_get_hasSeparateUpdateOutputs 000000018002ebf8 f   sf_runtime:sf_runtime.dll
 0001:0002dbfe       callMdlMethodAndReportError 000000018002ebfe f   sf_runtime:sf_runtime.dll
 0001:0002dc04       call_sf_machine_global_method_dispatcher 000000018002ec04 f   sf_runtime:sf_runtime.dll
 0001:0002dc0a       getRuntimeInstanceInfoAsVoid 000000018002ec0a f   sf_runtime:sf_runtime.dll
 0001:0002dc10       sf_mex_error_direct_call   000000018002ec10 f   sf_runtime:sf_runtime.dll
 0001:0002dc16       sf_clear_error_manager_info 000000018002ec16 f   sf_runtime:sf_runtime.dll
 0001:0002dc1c       mxIsChar_800               000000018002ec1c f   libmx:libmx.dll
 0001:0002dc22       mxGetScalar_800            000000018002ec22 f   libmx:libmx.dll
 0001:0002dc28       mxGetPr_800                000000018002ec28 f   libmx:libmx.dll
 0001:0002dc2e       mxDestroyArray_800         000000018002ec2e f   libmx:libmx.dll
 0001:0002dc34       mxCreateDoubleMatrix_800   000000018002ec34 f   libmx:libmx.dll
 0001:0002dc3a       mxGetString_800            000000018002ec3a f   libmx:libmx.dll
 0001:0002dc40       mxDuplicateArray_800       000000018002ec40 f   libmx:libmx.dll
 0001:0002dc46       mxSetField_800             000000018002ec46 f   libmx:libmx.dll
 0001:0002dc4c       mxCreateString_800         000000018002ec4c f   libmx:libmx.dll
 0001:0002dc52       mxCreateCellMatrix_800     000000018002ec52 f   libmx:libmx.dll
 0001:0002dc58       mxCreateStructMatrix_800   000000018002ec58 f   libmx:libmx.dll
 0001:0002dc5e       mxGetInf_800               000000018002ec5e f   libmx:libmx.dll
 0001:0002dc64       mxCalloc_800               000000018002ec64 f   libmx:libmx.dll
 0001:0002dc6a       mxGetM_800                 000000018002ec6a f   libmx:libmx.dll
 0001:0002dc70       mxGetClassID_800           000000018002ec70 f   libmx:libmx.dll
 0001:0002dc76       mxIsNumeric_800            000000018002ec76 f   libmx:libmx.dll
 0001:0002dc7c       mxIsComplex_800            000000018002ec7c f   libmx:libmx.dll
 0001:0002dc82       mxGetN_800                 000000018002ec82 f   libmx:libmx.dll
 0001:0002dc88       mxCreateDoubleScalar_800   000000018002ec88 f   libmx:libmx.dll
 0001:0002dc8e       mexMakeArrayPersistent_800 000000018002ec8e f   libmex:libmex.dll
 0001:0002dc94       mexErrMsgTxt_800           000000018002ec94 f   libmex:libmex.dll
 0001:0002dc9a       mexWarnMsgTxt_800          000000018002ec9a f   libmex:libmex.dll
 0001:0002dca0       mexCallMATLAB_800          000000018002eca0 f   libmex:libmex.dll
 0001:0002dca6       mexLock_800                000000018002eca6 f   libmex:libmex.dll
 0001:0002dcac       mexUnlock_800              000000018002ecac f   libmex:libmex.dll
 0001:0002dcb2       mexIsLocked_800            000000018002ecb2 f   libmex:libmex.dll
 0001:0002dcb8       utMalloc                   000000018002ecb8 f   libut:libut.dll
 0001:0002dcbe       utFree                     000000018002ecbe f   libut:libut.dll
 0001:0002dcc4       muDoubleScalarFloor        000000018002ecc4 f   libmwmathutil:libmwmathutil.dll
 0001:0002dcca       muDoubleScalarIsNaN        000000018002ecca f   libmwmathutil:libmwmathutil.dll
 0001:0002dcd0       muDoubleScalarIsInf        000000018002ecd0 f   libmwmathutil:libmwmathutil.dll
 0001:0002dcd6       emlrtLocationLoggingPushLog 000000018002ecd6 f   libemlrt:libemlrt.dll
 0001:0002dcdc       emlrtLocationLoggingClearLog 000000018002ecdc f   libemlrt:libemlrt.dll
 0001:0002dce2       addResultsToFPTRepository  000000018002ece2 f   libemlrt:libemlrt.dll
 0001:0002dce8       covrtCreateStateflowInstanceData 000000018002ece8 f   libcovrt:libcovrt.dll
 0001:0002dcee       covrtDeleteStateflowInstanceData 000000018002ecee f   libcovrt:libcovrt.dll
 0001:0002dcf4       covrtTransInitFcn          000000018002ecf4 f   libcovrt:libcovrt.dll
 0001:0002dcfa       covrtStateInitFcn          000000018002ecfa f   libcovrt:libcovrt.dll
 0001:0002dd00       covrtChartInitFcn          000000018002ed00 f   libcovrt:libcovrt.dll
 0001:0002dd06       covrtSigUpdateFcn          000000018002ed06 f   libcovrt:libcovrt.dll
 0001:0002dd0c       covrtEmlInitFcn            000000018002ed0c f   libcovrt:libcovrt.dll
 0001:0002dd12       covrtEmlFcnInitFcn         000000018002ed12 f   libcovrt:libcovrt.dll
 0001:0002dd18       covrtEmlFcnEval            000000018002ed18 f   libcovrt:libcovrt.dll
 0001:0002dd1e       covrtRelationalopUpdateFcn 000000018002ed1e f   libcovrt:libcovrt.dll
 0001:0002dd24       covrtEmlIfInitFcn          000000018002ed24 f   libcovrt:libcovrt.dll
 0001:0002dd2a       covrtEmlMCDCInitFcn        000000018002ed2a f   libcovrt:libcovrt.dll
 0001:0002dd30       covrtEmlRelationalInitFcn  000000018002ed30 f   libcovrt:libcovrt.dll
 0001:0002dd36       covrtEmlIfEval             000000018002ed36 f   libcovrt:libcovrt.dll
 0001:0002dd3c       covrtEmlCondEval           000000018002ed3c f   libcovrt:libcovrt.dll
 0001:0002dd42       covrtEmlMcdcEval           000000018002ed42 f   libcovrt:libcovrt.dll
 0001:0002dd48       __raise_securityfailure    000000018002ed48 f   MSVCRT:gs_report.obj
 0001:0002dd7c       __report_gsfailure         000000018002ed7c f   MSVCRT:gs_report.obj
 0001:0002de50       __report_rangecheckfailure 000000018002ee50 f   MSVCRT:gs_report.obj
 0001:0002de64       __report_securityfailure   000000018002ee64 f   MSVCRT:gs_report.obj
 0001:0002df00       __report_securityfailureEx 000000018002ef00 f   MSVCRT:gs_report.obj
 0001:0002e0f4       __GSHandlerCheck           000000018002f0f4 f   MSVCRT:gshandler.obj
 0001:0002e114       __GSHandlerCheckCommon     000000018002f114 f   MSVCRT:gshandler.obj
 0001:0002e180       __security_check_cookie    000000018002f180 f   MSVCRT:amdsecgs.obj
 0001:0002e4dc       _CRT_INIT                  000000018002f4dc f   MSVCRT:dll_dllmain.obj
 0001:0002e4e4       _DllMainCRTStartup         000000018002f4e4 f   MSVCRT:dll_dllmain.obj
 0001:0002e590       __security_init_cookie     000000018002f590 f   MSVCRT:gs_support.obj
 0001:0002e63c       DllMain                    000000018002f63c f   MSVCRT:dll_dllmain_stub.obj
 0001:0002e660       ?__scrt_initialize_type_info@@YAXXZ 000000018002f660 f   MSVCRT:tncleanup.obj
 0001:0002e670       ?__scrt_uninitialize_type_info@@YAXXZ 000000018002f670 f   MSVCRT:tncleanup.obj
 0001:0002e67c       __local_stdio_scanf_options 000000018002f67c f i MSVCRT:default_local_stdio_options.obj
 0001:0002e684       __scrt_initialize_default_local_stdio_options 000000018002f684 f   MSVCRT:default_local_stdio_options.obj
 0001:0002e6a0       ?configure_argv@__scrt_narrow_argv_policy@@SAHXZ 000000018002f6a0 f i MSVCRT:utility.obj
 0001:0002e700       ?initialize_environment@__scrt_narrow_environment_policy@@SAHXZ 000000018002f700 f i MSVCRT:utility.obj
 0001:0002e738       NtCurrentTeb               000000018002f738 f i MSVCRT:utility.obj
 0001:0002e744       __scrt_acquire_startup_lock 000000018002f744 f   MSVCRT:utility.obj
 0001:0002e780       __scrt_dllmain_after_initialize_c 000000018002f780 f   MSVCRT:utility.obj
 0001:0002e7b4       __scrt_dllmain_before_initialize_c 000000018002f7b4 f   MSVCRT:utility.obj
 0001:0002e7cc       __scrt_dllmain_crt_thread_attach 000000018002f7cc f   MSVCRT:utility.obj
 0001:0002e7f4       __scrt_dllmain_crt_thread_detach 000000018002f7f4 f   MSVCRT:utility.obj
 0001:0002e80c       __scrt_dllmain_exception_filter 000000018002f80c f   MSVCRT:utility.obj
 0001:0002e86c       __scrt_dllmain_uninitialize_c 000000018002f86c f   MSVCRT:utility.obj
 0001:0002e89c       __scrt_dllmain_uninitialize_critical 000000018002f89c f   MSVCRT:utility.obj
 0001:0002e8b0       __scrt_initialize_crt      000000018002f8b0 f   MSVCRT:utility.obj
 0001:0002e8fc       __scrt_initialize_onexit_tables 000000018002f8fc f   MSVCRT:utility.obj
 0001:0002e988       __scrt_is_nonwritable_in_current_image 000000018002f988 f   MSVCRT:utility.obj
 0001:0002ea20       __scrt_release_startup_lock 000000018002fa20 f   MSVCRT:utility.obj
 0001:0002ea44       __scrt_uninitialize_crt    000000018002fa44 f   MSVCRT:utility.obj
 0001:0002ea70       _onexit                    000000018002fa70 f   MSVCRT:utility.obj
 0001:0002eaac       at_quick_exit              000000018002faac f   MSVCRT:utility.obj
 0001:0002eacc       atexit                     000000018002facc f   MSVCRT:utility.obj
 0001:0002eae4       __scrt_get_dyn_tls_init_callback 000000018002fae4 f   MSVCRT:dyn_tls_init.obj
 0001:0002eaec       __crt_debugger_hook        000000018002faec f   MSVCRT:utility_desktop.obj
 0001:0002eaf4       __scrt_fastfail            000000018002faf4 f   MSVCRT:utility_desktop.obj
 0001:0002ec40       __scrt_get_show_window_mode 000000018002fc40 f   MSVCRT:utility_desktop.obj
 0001:0002ec7c       __scrt_initialize_mta      000000018002fc7c f   MSVCRT:utility_desktop.obj
 0001:0002ec84       __scrt_initialize_winrt    000000018002fc84 f   MSVCRT:utility_desktop.obj
 0001:0002ec88       __scrt_is_managed_app      000000018002fc88 f   MSVCRT:utility_desktop.obj
 0001:0002ecdc       __scrt_set_unhandled_exception_filter 000000018002fcdc f   MSVCRT:utility_desktop.obj
 0001:0002ecec       __scrt_exe_initialize_mta  000000018002fcec f   MSVCRT:utility_desktop.obj
 0001:0002ecec       __scrt_stub_for_initialize_mta 000000018002fcec f   MSVCRT:utility_desktop.obj
 0001:0002ecf0       __scrt_unhandled_exception_filter 000000018002fcf0 f   MSVCRT:utility_desktop.obj
 0001:0002ed4c       _RTC_Initialize            000000018002fd4c f   MSVCRT:initsect.obj
 0001:0002ed88       _RTC_Terminate             000000018002fd88 f   MSVCRT:initsect.obj
 0001:0002edc4       _guard_check_icall_nop     000000018002fdc4 f i MSVCRT:guard_support.obj
 0001:0002edc8       ReadNoFence64              000000018002fdc8 f i MSVCRT:guard_support.obj
 0001:0002edcc       ReadPointerNoFence         000000018002fdcc f i MSVCRT:guard_support.obj
 0001:0002edd0       __castguard_check_failure_debugbreak 000000018002fdd0 f i MSVCRT:guard_support.obj
 0001:0002edec       __castguard_check_failure_fastfail 000000018002fdec f i MSVCRT:guard_support.obj
 0001:0002ee10       __castguard_check_failure_nop 000000018002fe10 f i MSVCRT:guard_support.obj
 0001:0002ee14       __castguard_check_failure_os_handled 000000018002fe14 f i MSVCRT:guard_support.obj
 0001:0002ee70       __castguard_check_failure_user_handled 000000018002fe70 f i MSVCRT:guard_support.obj
 0001:0002eee4       __castguard_set_user_handler 000000018002fee4 f i MSVCRT:guard_support.obj
 0001:0002eef0       __castguard_slow_path_check_debugbreak 000000018002fef0 f i MSVCRT:guard_support.obj
 0001:0002ef24       __castguard_slow_path_check_fastfail 000000018002ff24 f i MSVCRT:guard_support.obj
 0001:0002ef60       __castguard_slow_path_check_nop 000000018002ff60 f i MSVCRT:guard_support.obj
 0001:0002ef64       __castguard_slow_path_check_os_handled 000000018002ff64 f i MSVCRT:guard_support.obj
 0001:0002efb8       __castguard_slow_path_check_user_handled 000000018002ffb8 f i MSVCRT:guard_support.obj
 0001:0002f024       _guard_icall_checks_enforced 0000000180030024 f i MSVCRT:guard_support.obj
 0001:0002f03c       _guard_rf_checks_enforced  000000018003003c f i MSVCRT:guard_support.obj
 0001:0002f040       __isa_available_init       0000000180030040 f   MSVCRT:cpu_disp.obj
 0001:0002f1ec       _get_startup_argv_mode     00000001800301ec f   MSVCRT:argv_mode.obj
 0001:0002f1f4       __scrt_is_ucrt_dll_in_use  00000001800301f4 f   MSVCRT:ucrt_detection.obj
 0001:0002f200       RtlCaptureContext          0000000180030200 f   kernel32:KERNEL32.dll
 0001:0002f206       RtlLookupFunctionEntry     0000000180030206 f   kernel32:KERNEL32.dll
 0001:0002f20c       RtlVirtualUnwind           000000018003020c f   kernel32:KERNEL32.dll
 0001:0002f212       UnhandledExceptionFilter   0000000180030212 f   kernel32:KERNEL32.dll
 0001:0002f218       SetUnhandledExceptionFilter 0000000180030218 f   kernel32:KERNEL32.dll
 0001:0002f21e       GetCurrentProcess          000000018003021e f   kernel32:KERNEL32.dll
 0001:0002f224       TerminateProcess           0000000180030224 f   kernel32:KERNEL32.dll
 0001:0002f22a       IsProcessorFeaturePresent  000000018003022a f   kernel32:KERNEL32.dll
 0001:0002f230       QueryPerformanceCounter    0000000180030230 f   kernel32:KERNEL32.dll
 0001:0002f236       GetCurrentProcessId        0000000180030236 f   kernel32:KERNEL32.dll
 0001:0002f23c       GetCurrentThreadId         000000018003023c f   kernel32:KERNEL32.dll
 0001:0002f242       GetSystemTimeAsFileTime    0000000180030242 f   kernel32:KERNEL32.dll
 0001:0002f248       DisableThreadLibraryCalls  0000000180030248 f   kernel32:KERNEL32.dll
 0001:0002f24e       InitializeSListHead        000000018003024e f   kernel32:KERNEL32.dll
 0001:0002f254       IsDebuggerPresent          0000000180030254 f   kernel32:KERNEL32.dll
 0001:0002f25a       GetStartupInfoW            000000018003025a f   kernel32:KERNEL32.dll
 0001:0002f260       GetModuleHandleW           0000000180030260 f   kernel32:KERNEL32.dll
 0001:0002f266       memset                     0000000180030266 f   vcruntime:VCRUNTIME140.dll
 0001:0002f26c       memcpy                     000000018003026c f   vcruntime:VCRUNTIME140.dll
 0001:0002f272       __C_specific_handler       0000000180030272 f   vcruntime:VCRUNTIME140.dll
 0001:0002f278       __std_type_info_destroy_list 0000000180030278 f   vcruntime:VCRUNTIME140.dll
 0001:0002f27e       __current_exception        000000018003027e f   vcruntime:VCRUNTIME140.dll
 0001:0002f284       __current_exception_context 0000000180030284 f   vcruntime:VCRUNTIME140.dll
 0001:0002f28a       strcmp                     000000018003028a f   ucrt:api-ms-win-crt-string-l1-1-0.dll
 0001:0002f290       strcat                     0000000180030290 f   ucrt:api-ms-win-crt-string-l1-1-0.dll
 0001:0002f296       frexp                      0000000180030296 f   ucrt:api-ms-win-crt-math-l1-1-0.dll
 0001:0002f29c       __stdio_common_vsprintf    000000018003029c f   ucrt:api-ms-win-crt-stdio-l1-1-0.dll
 0001:0002f2a2       free                       00000001800302a2 f   ucrt:api-ms-win-crt-heap-l1-1-0.dll
 0001:0002f2a8       malloc                     00000001800302a8 f   ucrt:api-ms-win-crt-heap-l1-1-0.dll
 0001:0002f2ae       strlen                     00000001800302ae f   ucrt:api-ms-win-crt-string-l1-1-0.dll
 0001:0002f2b4       _initterm                  00000001800302b4 f   ucrt:api-ms-win-crt-runtime-l1-1-0.dll
 0001:0002f2ba       _initterm_e                00000001800302ba f   ucrt:api-ms-win-crt-runtime-l1-1-0.dll
 0001:0002f2c0       _seh_filter_dll            00000001800302c0 f   ucrt:api-ms-win-crt-runtime-l1-1-0.dll
 0001:0002f2c6       _configure_narrow_argv     00000001800302c6 f   ucrt:api-ms-win-crt-runtime-l1-1-0.dll
 0001:0002f2cc       _initialize_narrow_environment 00000001800302cc f   ucrt:api-ms-win-crt-runtime-l1-1-0.dll
 0001:0002f2d2       _initialize_onexit_table   00000001800302d2 f   ucrt:api-ms-win-crt-runtime-l1-1-0.dll
 0001:0002f2d8       _register_onexit_function  00000001800302d8 f   ucrt:api-ms-win-crt-runtime-l1-1-0.dll
 0001:0002f2de       _execute_onexit_table      00000001800302de f   ucrt:api-ms-win-crt-runtime-l1-1-0.dll
 0001:0002f2e4       _crt_atexit                00000001800302e4 f   ucrt:api-ms-win-crt-runtime-l1-1-0.dll
 0001:0002f2ea       _crt_at_quick_exit         00000001800302ea f   ucrt:api-ms-win-crt-runtime-l1-1-0.dll
 0001:0002f2f0       _cexit                     00000001800302f0 f   ucrt:api-ms-win-crt-runtime-l1-1-0.dll
 0001:0002f2f6       terminate                  00000001800302f6 f   ucrt:api-ms-win-crt-runtime-l1-1-0.dll
 0001:0002f2fc       __acrt_initialize          00000001800302fc f   MSVCRT:ucrt_stubs.obj
 0001:0002f2fc       __scrt_stub_for_acrt_initialize 00000001800302fc f   MSVCRT:ucrt_stubs.obj
 0001:0002f2fc       __vcrt_initialize          00000001800302fc f   MSVCRT:ucrt_stubs.obj
 0001:0002f300       __acrt_thread_attach       0000000180030300 f   MSVCRT:ucrt_stubs.obj
 0001:0002f300       __scrt_stub_for_acrt_thread_attach 0000000180030300 f   MSVCRT:ucrt_stubs.obj
 0001:0002f300       __vcrt_thread_attach       0000000180030300 f   MSVCRT:ucrt_stubs.obj
 0001:0002f304       __acrt_thread_detach       0000000180030304 f   MSVCRT:ucrt_stubs.obj
 0001:0002f304       __scrt_stub_for_acrt_thread_detach 0000000180030304 f   MSVCRT:ucrt_stubs.obj
 0001:0002f304       __vcrt_thread_detach       0000000180030304 f   MSVCRT:ucrt_stubs.obj
 0001:0002f308       __acrt_uninitialize        0000000180030308 f   MSVCRT:ucrt_stubs.obj
 0001:0002f308       __scrt_stub_for_acrt_uninitialize 0000000180030308 f   MSVCRT:ucrt_stubs.obj
 0001:0002f308       __vcrt_uninitialize        0000000180030308 f   MSVCRT:ucrt_stubs.obj
 0001:0002f30c       __acrt_uninitialize_critical 000000018003030c f   MSVCRT:ucrt_stubs.obj
 0001:0002f30c       __scrt_stub_for_acrt_uninitialize_critical 000000018003030c f   MSVCRT:ucrt_stubs.obj
 0001:0002f30c       __vcrt_uninitialize_critical 000000018003030c f   MSVCRT:ucrt_stubs.obj
 0001:0002f310       __scrt_stub_for_is_c_termination_complete 0000000180030310 f   MSVCRT:ucrt_stubs.obj
 0001:0002f310       _is_c_termination_complete 0000000180030310 f   MSVCRT:ucrt_stubs.obj
 0001:0002f330       _guard_dispatch_icall_nop  0000000180030330 f   MSVCRT:guard_dispatch.obj
 0001:0002f350       _guard_xfg_dispatch_icall_nop 0000000180030350 f   MSVCRT:guard_xfg_dispatch.obj
 0002:00000000       __imp_QueryPerformanceCounter 0000000180031000     kernel32:KERNEL32.dll
 0002:00000008       __imp_IsProcessorFeaturePresent 0000000180031008     kernel32:KERNEL32.dll
 0002:00000010       __imp_RtlCaptureContext    0000000180031010     kernel32:KERNEL32.dll
 0002:00000018       __imp_GetCurrentProcessId  0000000180031018     kernel32:KERNEL32.dll
 0002:00000020       __imp_RtlLookupFunctionEntry 0000000180031020     kernel32:KERNEL32.dll
 0002:00000028       __imp_GetCurrentThreadId   0000000180031028     kernel32:KERNEL32.dll
 0002:00000030       __imp_GetSystemTimeAsFileTime 0000000180031030     kernel32:KERNEL32.dll
 0002:00000038       __imp_DisableThreadLibraryCalls 0000000180031038     kernel32:KERNEL32.dll
 0002:00000040       __imp_InitializeSListHead  0000000180031040     kernel32:KERNEL32.dll
 0002:00000048       __imp_IsDebuggerPresent    0000000180031048     kernel32:KERNEL32.dll
 0002:00000050       __imp_GetStartupInfoW      0000000180031050     kernel32:KERNEL32.dll
 0002:00000058       __imp_GetModuleHandleW     0000000180031058     kernel32:KERNEL32.dll
 0002:00000060       __imp_GetCurrentProcess    0000000180031060     kernel32:KERNEL32.dll
 0002:00000068       __imp_SetUnhandledExceptionFilter 0000000180031068     kernel32:KERNEL32.dll
 0002:00000070       __imp_TerminateProcess     0000000180031070     kernel32:KERNEL32.dll
 0002:00000078       __imp_UnhandledExceptionFilter 0000000180031078     kernel32:KERNEL32.dll
 0002:00000080       __imp_RtlVirtualUnwind     0000000180031080     kernel32:KERNEL32.dll
 0002:00000088       \177KERNEL32_NULL_THUNK_DATA 0000000180031088     kernel32:KERNEL32.dll
 0002:00000090       __imp___current_exception  0000000180031090     vcruntime:VCRUNTIME140.dll
 0002:00000098       __imp___current_exception_context 0000000180031098     vcruntime:VCRUNTIME140.dll
 0002:000000a0       __imp___std_type_info_destroy_list 00000001800310a0     vcruntime:VCRUNTIME140.dll
 0002:000000a8       __imp_memset               00000001800310a8     vcruntime:VCRUNTIME140.dll
 0002:000000b0       __imp_memcpy               00000001800310b0     vcruntime:VCRUNTIME140.dll
 0002:000000b8       __imp___C_specific_handler 00000001800310b8     vcruntime:VCRUNTIME140.dll
 0002:000000c0       \177VCRUNTIME140_NULL_THUNK_DATA 00000001800310c0     vcruntime:VCRUNTIME140.dll
 0002:000000c8       __imp_free                 00000001800310c8     ucrt:api-ms-win-crt-heap-l1-1-0.dll
 0002:000000d0       __imp_malloc               00000001800310d0     ucrt:api-ms-win-crt-heap-l1-1-0.dll
 0002:000000d8       \177api-ms-win-crt-heap-l1-1-0_NULL_THUNK_DATA 00000001800310d8     ucrt:api-ms-win-crt-heap-l1-1-0.dll
 0002:000000e0       __imp_frexp                00000001800310e0     ucrt:api-ms-win-crt-math-l1-1-0.dll
 0002:000000e8       \177api-ms-win-crt-math-l1-1-0_NULL_THUNK_DATA 00000001800310e8     ucrt:api-ms-win-crt-math-l1-1-0.dll
 0002:000000f0       __imp__configure_narrow_argv 00000001800310f0     ucrt:api-ms-win-crt-runtime-l1-1-0.dll
 0002:000000f8       __imp__seh_filter_dll      00000001800310f8     ucrt:api-ms-win-crt-runtime-l1-1-0.dll
 0002:00000100       __imp__initialize_onexit_table 0000000180031100     ucrt:api-ms-win-crt-runtime-l1-1-0.dll
 0002:00000108       __imp__register_onexit_function 0000000180031108     ucrt:api-ms-win-crt-runtime-l1-1-0.dll
 0002:00000110       __imp__execute_onexit_table 0000000180031110     ucrt:api-ms-win-crt-runtime-l1-1-0.dll
 0002:00000118       __imp__crt_atexit          0000000180031118     ucrt:api-ms-win-crt-runtime-l1-1-0.dll
 0002:00000120       __imp__crt_at_quick_exit   0000000180031120     ucrt:api-ms-win-crt-runtime-l1-1-0.dll
 0002:00000128       __imp__cexit               0000000180031128     ucrt:api-ms-win-crt-runtime-l1-1-0.dll
 0002:00000130       __imp_terminate            0000000180031130     ucrt:api-ms-win-crt-runtime-l1-1-0.dll
 0002:00000138       __imp__initialize_narrow_environment 0000000180031138     ucrt:api-ms-win-crt-runtime-l1-1-0.dll
 0002:00000140       __imp__initterm_e          0000000180031140     ucrt:api-ms-win-crt-runtime-l1-1-0.dll
 0002:00000148       __imp__initterm            0000000180031148     ucrt:api-ms-win-crt-runtime-l1-1-0.dll
 0002:00000150       \177api-ms-win-crt-runtime-l1-1-0_NULL_THUNK_DATA 0000000180031150     ucrt:api-ms-win-crt-runtime-l1-1-0.dll
 0002:00000158       __imp___stdio_common_vsprintf 0000000180031158     ucrt:api-ms-win-crt-stdio-l1-1-0.dll
 0002:00000160       \177api-ms-win-crt-stdio-l1-1-0_NULL_THUNK_DATA 0000000180031160     ucrt:api-ms-win-crt-stdio-l1-1-0.dll
 0002:00000168       __imp_strlen               0000000180031168     ucrt:api-ms-win-crt-string-l1-1-0.dll
 0002:00000170       __imp_strcat               0000000180031170     ucrt:api-ms-win-crt-string-l1-1-0.dll
 0002:00000178       __imp_strcmp               0000000180031178     ucrt:api-ms-win-crt-string-l1-1-0.dll
 0002:00000180       \177api-ms-win-crt-string-l1-1-0_NULL_THUNK_DATA 0000000180031180     ucrt:api-ms-win-crt-string-l1-1-0.dll
 0002:00000188       __imp_covrtDeleteStateflowInstanceData 0000000180031188     libcovrt:libcovrt.dll
 0002:00000190       __imp_covrtEmlMcdcEval     0000000180031190     libcovrt:libcovrt.dll
 0002:00000198       __imp_covrtEmlCondEval     0000000180031198     libcovrt:libcovrt.dll
 0002:000001a0       __imp_covrtEmlIfEval       00000001800311a0     libcovrt:libcovrt.dll
 0002:000001a8       __imp_covrtEmlRelationalInitFcn 00000001800311a8     libcovrt:libcovrt.dll
 0002:000001b0       __imp_covrtEmlMCDCInitFcn  00000001800311b0     libcovrt:libcovrt.dll
 0002:000001b8       __imp_covrtEmlIfInitFcn    00000001800311b8     libcovrt:libcovrt.dll
 0002:000001c0       __imp_covrtRelationalopUpdateFcn 00000001800311c0     libcovrt:libcovrt.dll
 0002:000001c8       __imp_covrtEmlFcnEval      00000001800311c8     libcovrt:libcovrt.dll
 0002:000001d0       __imp_covrtEmlFcnInitFcn   00000001800311d0     libcovrt:libcovrt.dll
 0002:000001d8       __imp_covrtEmlInitFcn      00000001800311d8     libcovrt:libcovrt.dll
 0002:000001e0       __imp_covrtSigUpdateFcn    00000001800311e0     libcovrt:libcovrt.dll
 0002:000001e8       __imp_covrtTransInitFcn    00000001800311e8     libcovrt:libcovrt.dll
 0002:000001f0       __imp_covrtCreateStateflowInstanceData 00000001800311f0     libcovrt:libcovrt.dll
 0002:000001f8       __imp_covrtStateInitFcn    00000001800311f8     libcovrt:libcovrt.dll
 0002:00000200       __imp_covrtChartInitFcn    0000000180031200     libcovrt:libcovrt.dll
 0002:00000208       \177libcovrt_NULL_THUNK_DATA 0000000180031208     libcovrt:libcovrt.dll
 0002:00000210       __imp_emlrtLocationLoggingClearLog 0000000180031210     libemlrt:libemlrt.dll
 0002:00000218       __imp_addResultsToFPTRepository 0000000180031218     libemlrt:libemlrt.dll
 0002:00000220       __imp_emlrtLocationLoggingPushLog 0000000180031220     libemlrt:libemlrt.dll
 0002:00000228       \177libemlrt_NULL_THUNK_DATA 0000000180031228     libemlrt:libemlrt.dll
 0002:00000230       __imp_mexMakeArrayPersistent_800 0000000180031230     libmex:libmex.dll
 0002:00000238       __imp_mexIsLocked_800      0000000180031238     libmex:libmex.dll
 0002:00000240       __imp_mexErrMsgTxt_800     0000000180031240     libmex:libmex.dll
 0002:00000248       __imp_mexUnlock_800        0000000180031248     libmex:libmex.dll
 0002:00000250       __imp_mexWarnMsgTxt_800    0000000180031250     libmex:libmex.dll
 0002:00000258       __imp_mexCallMATLAB_800    0000000180031258     libmex:libmex.dll
 0002:00000260       __imp_mexLock_800          0000000180031260     libmex:libmex.dll
 0002:00000268       \177libmex_NULL_THUNK_DATA 0000000180031268     libmex:libmex.dll
 0002:00000270       __imp_muDoubleScalarFloor  0000000180031270     libmwmathutil:libmwmathutil.dll
 0002:00000278       __imp_muDoubleScalarIsNaN  0000000180031278     libmwmathutil:libmwmathutil.dll
 0002:00000280       __imp_muDoubleScalarIsInf  0000000180031280     libmwmathutil:libmwmathutil.dll
 0002:00000288       \177libmwmathutil_NULL_THUNK_DATA 0000000180031288     libmwmathutil:libmwmathutil.dll
 0002:00000290       __imp_mxGetScalar_800      0000000180031290     libmx:libmx.dll
 0002:00000298       __imp_mxGetPr_800          0000000180031298     libmx:libmx.dll
 0002:000002a0       __imp_mxDestroyArray_800   00000001800312a0     libmx:libmx.dll
 0002:000002a8       __imp_mxCreateDoubleMatrix_800 00000001800312a8     libmx:libmx.dll
 0002:000002b0       __imp_mxCreateDoubleScalar_800 00000001800312b0     libmx:libmx.dll
 0002:000002b8       __imp_mxGetN_800           00000001800312b8     libmx:libmx.dll
 0002:000002c0       __imp_mxIsComplex_800      00000001800312c0     libmx:libmx.dll
 0002:000002c8       __imp_mxIsNumeric_800      00000001800312c8     libmx:libmx.dll
 0002:000002d0       __imp_mxGetClassID_800     00000001800312d0     libmx:libmx.dll
 0002:000002d8       __imp_mxGetM_800           00000001800312d8     libmx:libmx.dll
 0002:000002e0       __imp_mxCalloc_800         00000001800312e0     libmx:libmx.dll
 0002:000002e8       __imp_mxGetInf_800         00000001800312e8     libmx:libmx.dll
 0002:000002f0       __imp_mxCreateStructMatrix_800 00000001800312f0     libmx:libmx.dll
 0002:000002f8       __imp_mxCreateCellMatrix_800 00000001800312f8     libmx:libmx.dll
 0002:00000300       __imp_mxCreateString_800   0000000180031300     libmx:libmx.dll
 0002:00000308       __imp_mxSetField_800       0000000180031308     libmx:libmx.dll
 0002:00000310       __imp_mxDuplicateArray_800 0000000180031310     libmx:libmx.dll
 0002:00000318       __imp_mxGetString_800      0000000180031318     libmx:libmx.dll
 0002:00000320       __imp_mxIsChar_800         0000000180031320     libmx:libmx.dll
 0002:00000328       \177libmx_NULL_THUNK_DATA  0000000180031328     libmx:libmx.dll
 0002:00000330       __imp_utFree               0000000180031330     libut:libut.dll
 0002:00000338       __imp_utMalloc             0000000180031338     libut:libut.dll
 0002:00000340       \177libut_NULL_THUNK_DATA  0000000180031340     libut:libut.dll
 0002:00000348       __imp_sf_mex_decode        0000000180031348     sf_runtime:sf_runtime.dll
 0002:00000350       __imp_sf_clear_error_manager_info 0000000180031350     sf_runtime:sf_runtime.dll
 0002:00000358       __imp_sf_mex_error_direct_call 0000000180031358     sf_runtime:sf_runtime.dll
 0002:00000360       __imp_getRuntimeInstanceInfoAsVoid 0000000180031360     sf_runtime:sf_runtime.dll
 0002:00000368       __imp_call_sf_machine_global_method_dispatcher 0000000180031368     sf_runtime:sf_runtime.dll
 0002:00000370       __imp_callMdlMethodAndReportError 0000000180031370     sf_runtime:sf_runtime.dll
 0002:00000378       __imp_sf_get_hasSeparateUpdateOutputs 0000000180031378     sf_runtime:sf_runtime.dll
 0002:00000380       __imp_sf_get_ChartInfoStruct_CodeGen 0000000180031380     sf_runtime:sf_runtime.dll
 0002:00000388       __imp_ssGetOutputPortSignal_wrapper 0000000180031388     sf_runtime:sf_runtime.dll
 0002:00000390       __imp_ssGetInputPortSignal_wrapper 0000000180031390     sf_runtime:sf_runtime.dll
 0002:00000398       __imp_sf_mex_import        0000000180031398     sf_runtime:sf_runtime.dll
 0002:000003a0       __imp_sf_mex_destroy       00000001800313a0     sf_runtime:sf_runtime.dll
 0002:000003a8       __imp_sf_mex_dup           00000001800313a8     sf_runtime:sf_runtime.dll
 0002:000003b0       __imp_sf_mex_assign        00000001800313b0     sf_runtime:sf_runtime.dll
 0002:000003b8       __imp_sf_mex_getcell       00000001800313b8     sf_runtime:sf_runtime.dll
 0002:000003c0       __imp_sf_mex_setcell       00000001800313c0     sf_runtime:sf_runtime.dll
 0002:000003c8       __imp_sf_mex_createcellmatrix 00000001800313c8     sf_runtime:sf_runtime.dll
 0002:000003d0       __imp_sf_mex_create        00000001800313d0     sf_runtime:sf_runtime.dll
 0002:000003d8       __imp_sf_mex_error_message 00000001800313d8     sf_runtime:sf_runtime.dll
 0002:000003e0       __imp_sf_mex_call          00000001800313e0     sf_runtime:sf_runtime.dll
 0002:000003e8       __imp_sf_mex_printf        00000001800313e8     sf_runtime:sf_runtime.dll
 0002:000003f0       __imp_sfListenerInitializeRuntimeVars 00000001800313f0     sf_runtime:sf_runtime.dll
 0002:000003f8       __imp_sfListenerLightTerminate 00000001800313f8     sf_runtime:sf_runtime.dll
 0002:00000400       __imp_sfListenerCacheSimStruct 0000000180031400     sf_runtime:sf_runtime.dll
 0002:00000408       __imp_sf_set_work_widths   0000000180031408     sf_runtime:sf_runtime.dll
 0002:00000410       __imp_sf_warn_if_symbolic_dimension_param_changed 0000000180031410     sf_runtime:sf_runtime.dll
 0002:00000418       __imp_setDebuggerFlag      0000000180031418     sf_runtime:sf_runtime.dll
 0002:00000420       __imp_setDataBrowseFcn     0000000180031420     sf_runtime:sf_runtime.dll
 0002:00000428       __imp_sfDoAnimationWrapper 0000000180031428     sf_runtime:sf_runtime.dll
 0002:00000430       __imp_sf_get_time          0000000180031430     sf_runtime:sf_runtime.dll
 0002:00000438       __imp_sf_clear_rtw_identifier 0000000180031438     sf_runtime:sf_runtime.dll
 0002:00000440       __imp_sim_mode_is_external 0000000180031440     sf_runtime:sf_runtime.dll
 0002:00000448       __imp_sim_mode_is_rtw_gen  0000000180031448     sf_runtime:sf_runtime.dll
 0002:00000450       __imp_sf_get_chart_instance_ptr 0000000180031450     sf_runtime:sf_runtime.dll
 0002:00000458       __imp_sfrtGetCovrtInstance 0000000180031458     sf_runtime:sf_runtime.dll
 0002:00000460       __imp_sfrtGetEmlrtCtx      0000000180031460     sf_runtime:sf_runtime.dll
 0002:00000468       __imp_sf_reset_warnings_ChartRunTimeInfo 0000000180031468     sf_runtime:sf_runtime.dll
 0002:00000470       __imp_sf_free_ChartRunTimeInfo 0000000180031470     sf_runtime:sf_runtime.dll
 0002:00000478       __imp_sf_init_ChartRunTimeInfo 0000000180031478     sf_runtime:sf_runtime.dll
 0002:00000480       __imp_sf_load_rtw_optimization_info 0000000180031480     sf_runtime:sf_runtime.dll
 0002:00000488       \177sf_runtime_NULL_THUNK_DATA 0000000180031488     sf_runtime:sf_runtime.dll
 0002:00000490       __guard_check_icall_fptr   0000000180031490     MSVCRT:guard_support.obj
 0002:00000498       __guard_xfg_check_icall_fptr 0000000180031498     MSVCRT:guard_support.obj
 0002:000004a0       __guard_dispatch_icall_fptr 00000001800314a0     MSVCRT:guard_support.obj
 0002:000004a8       __guard_xfg_dispatch_icall_fptr 00000001800314a8     MSVCRT:guard_support.obj
 0002:000004b0       __guard_xfg_table_dispatch_icall_fptr 00000001800314b0     MSVCRT:guard_support.obj
 0002:000004b8       __castguard_check_failure_os_handled_fptr 00000001800314b8     MSVCRT:guard_support.obj
 0002:000004c0       __guard_memcpy_fptr        00000001800314c0     vcruntime:softmemtag.obj
 0002:000004c8       __xc_a                     00000001800314c8     MSVCRT:initializers.obj
 0002:000004d0       __xc_z                     00000001800314d0     MSVCRT:initializers.obj
 0002:000004d8       __xi_a                     00000001800314d8     MSVCRT:initializers.obj
 0002:000004e0       __xi_z                     00000001800314e0     MSVCRT:initializers.obj
 0002:000004e8       __xp_a                     00000001800314e8     MSVCRT:initializers.obj
 0002:000004f0       __xp_z                     00000001800314f0     MSVCRT:initializers.obj
 0002:000004f8       __xt_a                     00000001800314f8     MSVCRT:initializers.obj
 0002:00000500       __xt_z                     0000000180031500     MSVCRT:initializers.obj
 0002:00000510       __real@415d28c940000000    0000000180031510     dsogi_pll_3ph_sfun.obj
 0002:00000518       __real@41aaca5358000000    0000000180031518     dsogi_pll_3ph_sfun.obj
 0002:00000520       __real@41bbefe29c000000    0000000180031520     dsogi_pll_3ph_sfun.obj
 0002:00000528       __real@41c0db1590800000    0000000180031528     dsogi_pll_3ph_sfun.obj
 0002:00000530       __real@41ca467eda000000    0000000180031530     dsogi_pll_3ph_sfun.obj
 0002:00000538       __real@41d4e3ec76400000    0000000180031538     dsogi_pll_3ph_sfun.obj
 0002:00000540       __real@41d59d591cc00000    0000000180031540     dsogi_pll_3ph_sfun.obj
 0002:00000548       __real@41e023d7b7a00000    0000000180031548     dsogi_pll_3ph_sfun.obj
 0002:00000550       __real@41e1640767a00000    0000000180031550     dsogi_pll_3ph_sfun.obj
 0002:00000558       __real@41e1de9559c00000    0000000180031558     dsogi_pll_3ph_sfun.obj
 0002:00000560       __real@41e7150d7b000000    0000000180031560     dsogi_pll_3ph_sfun.obj
 0002:00000568       __real@41e9cf9d18e00000    0000000180031568     dsogi_pll_3ph_sfun.obj
 0002:00000578       __real@0000000000000000    0000000180031578     c10_dsogi_pll_3ph.obj
 0002:00000580       __real@3fe0000000000000    0000000180031580     c10_dsogi_pll_3ph.obj
 0002:00000588       __real@3fe5555555555555    0000000180031588     c10_dsogi_pll_3ph.obj
 0002:00000590       __real@3ff0000000000000    0000000180031590     c10_dsogi_pll_3ph.obj
 0002:00000598       __real@3ffbb67ae8584caa    0000000180031598     c10_dsogi_pll_3ph.obj
 0002:000005a0       __real@41d23f462a000000    00000001800315a0     c10_dsogi_pll_3ph.obj
 0002:000005a8       __real@41d881931b400000    00000001800315a8     c10_dsogi_pll_3ph.obj
 0002:000005b0       __real@41e085ff43600000    00000001800315b0     c10_dsogi_pll_3ph.obj
 0002:000005b8       __real@41e3c2b53d200000    00000001800315b8     c10_dsogi_pll_3ph.obj
 0002:000005c0       __xmm@80000000000000008000000000000000 00000001800315c0     c10_dsogi_pll_3ph.obj
 0002:000005d8       __real@3f1a36e2eb1c432d    00000001800315d8     c14_dsogi_pll_3ph.obj
 0002:000005e0       __real@4000000000000000    00000001800315e0     c14_dsogi_pll_3ph.obj
 0002:000005e8       __real@4010000000000000    00000001800315e8     c14_dsogi_pll_3ph.obj
 0002:000005f0       __real@4020000000000000    00000001800315f0     c14_dsogi_pll_3ph.obj
 0002:000005f8       __real@4073a28c59d5433b    00000001800315f8     c14_dsogi_pll_3ph.obj
 0002:00000600       __real@40c3880000000000    0000000180031600     c14_dsogi_pll_3ph.obj
 0002:00000608       __real@40d3b080ec80466a    0000000180031608     c14_dsogi_pll_3ph.obj
 0002:00000610       __real@41b808f560b295f5    0000000180031610     c14_dsogi_pll_3ph.obj
 0002:00000618       __real@41d2de25f2800000    0000000180031618     c14_dsogi_pll_3ph.obj
 0002:00000620       __real@41d545c86cc00000    0000000180031620     c14_dsogi_pll_3ph.obj
 0002:00000628       __real@41e3449ece600000    0000000180031628     c14_dsogi_pll_3ph.obj
 0002:00000630       __real@41ece5decf800000    0000000180031630     c14_dsogi_pll_3ph.obj
 0002:00000648       __real@4182de96d0000000    0000000180031648     c17_dsogi_pll_3ph.obj
 0002:00000650       __real@41b85785d1000000    0000000180031650     c17_dsogi_pll_3ph.obj
 0002:00000658       __real@41dac48b35000000    0000000180031658     c17_dsogi_pll_3ph.obj
 0002:00000660       __real@41eed0da62600000    0000000180031660     c17_dsogi_pll_3ph.obj
 0002:00000670       __real@41e11cc2ffa00000    0000000180031670     c18_dsogi_pll_3ph.obj
 0002:00000678       __real@41e3f16bcbc00000    0000000180031678     c18_dsogi_pll_3ph.obj
 0002:00000680       __real@41e80168c8600000    0000000180031680     c18_dsogi_pll_3ph.obj
 0002:00000688       __real@41ee0f8f0b400000    0000000180031688     c18_dsogi_pll_3ph.obj
 0002:000006a8       __real@41d1bb1d4b400000    00000001800316a8     c21_dsogi_pll_3ph.obj
 0002:000006b0       __real@41e1701cd2400000    00000001800316b0     c21_dsogi_pll_3ph.obj
 0002:000006b8       __real@41e7ea39a8800000    00000001800316b8     c21_dsogi_pll_3ph.obj
 0002:000006c0       __real@41ed6c39f8c00000    00000001800316c0     c21_dsogi_pll_3ph.obj
 0002:000006f8       __real@41c22c9838800000    00000001800316f8     c23_dsogi_pll_3ph.obj
 0002:00000700       __real@41ccb322b0800000    0000000180031700     c23_dsogi_pll_3ph.obj
 0002:00000708       __real@41d9abb950c00000    0000000180031708     c23_dsogi_pll_3ph.obj
 0002:00000710       __real@41e7ab4ee5e00000    0000000180031710     c23_dsogi_pll_3ph.obj
 0002:00000718       __real@bff0000000000000    0000000180031718     c23_dsogi_pll_3ph.obj
 0002:00000720       __real@c00921fb54442d18    0000000180031720     c23_dsogi_pll_3ph.obj
 0002:00000730       __real@41d120373ec00000    0000000180031730     c24_dsogi_pll_3ph.obj
 0002:00000738       __real@41d2958e43400000    0000000180031738     c24_dsogi_pll_3ph.obj
 0002:00000740       __real@41e58589d6600000    0000000180031740     c24_dsogi_pll_3ph.obj
 0002:00000748       __real@41ec859096a00000    0000000180031748     c24_dsogi_pll_3ph.obj
 0002:00000758       __real@3fefae147ae147ad    0000000180031758     c25_dsogi_pll_3ph.obj
 0002:00000760       __real@400921fb54442d18    0000000180031760     c25_dsogi_pll_3ph.obj
 0002:00000768       __real@4069000000000000    0000000180031768     c25_dsogi_pll_3ph.obj
 0002:00000770       __real@41c2b3b506800000    0000000180031770     c25_dsogi_pll_3ph.obj
 0002:00000778       __real@41c71ba090000000    0000000180031778     c25_dsogi_pll_3ph.obj
 0002:00000780       __real@41cac61613800000    0000000180031780     c25_dsogi_pll_3ph.obj
 0002:00000788       __real@41ed883e0f800000    0000000180031788     c25_dsogi_pll_3ph.obj
 0002:00000798       __real@41998dff50000000    0000000180031798     c26_dsogi_pll_3ph.obj
 0002:000007a0       __real@41e3a0fd60400000    00000001800317a0     c26_dsogi_pll_3ph.obj
 0002:000007a8       __real@41e3d30516a00000    00000001800317a8     c26_dsogi_pll_3ph.obj
 0002:000007b0       __real@41e68d7a3dc00000    00000001800317b0     c26_dsogi_pll_3ph.obj
 0002:000007b8       DYNAMIC_DIMENSION_DEF      00000001800317b8     dsogi_pll_3ph_sfun_registry.obj
 0002:000007d0       __real@41602cbca0000000    00000001800317d0     dsogi_pll_3ph_sfun_registry.obj
 0002:000007d8       __real@77800000            00000001800317d8     half_type.obj
 0002:000007f0       _pDefaultRawDllMain        00000001800317f0     MSVCRT:dll_dllmain.obj
 0002:000007f0       _pRawDllMain               00000001800317f0     MSVCRT:dll_dllmain.obj
 0002:00000800       __xmm@ffffffffffffffffffffffffffffffff 0000000180031800     MSVCRT:utility.obj
 0002:00000810       _load_config_used          0000000180031810     MSVCRT:loadcfg.obj
 0002:00000980       __CastGuardVftablesStart   0000000180031980     MSVCRT:guard_support.obj
 0002:00000a00       __CastGuardVftablesEnd     0000000180031a00     MSVCRT:guard_support.obj
 0002:00000a80       __volatile_metadata        0000000180031a80     <linker-defined>
 0002:00000f98       __rtc_iaa                  0000000180031f98     MSVCRT:initsect.obj
 0002:00000fa0       __rtc_izz                  0000000180031fa0     MSVCRT:initsect.obj
 0002:00000fa8       __rtc_taa                  0000000180031fa8     MSVCRT:initsect.obj
 0002:00000fb0       __rtc_tzz                  0000000180031fb0     MSVCRT:initsect.obj
 0002:00002a6c       __IMPORT_DESCRIPTOR_sf_runtime 0000000180033a6c     sf_runtime:sf_runtime.dll
 0002:00002a80       __IMPORT_DESCRIPTOR_libmx  0000000180033a80     libmx:libmx.dll
 0002:00002a94       __IMPORT_DESCRIPTOR_libmex 0000000180033a94     libmex:libmex.dll
 0002:00002aa8       __IMPORT_DESCRIPTOR_libut  0000000180033aa8     libut:libut.dll
 0002:00002abc       __IMPORT_DESCRIPTOR_libmwmathutil 0000000180033abc     libmwmathutil:libmwmathutil.dll
 0002:00002ad0       __IMPORT_DESCRIPTOR_libemlrt 0000000180033ad0     libemlrt:libemlrt.dll
 0002:00002ae4       __IMPORT_DESCRIPTOR_libcovrt 0000000180033ae4     libcovrt:libcovrt.dll
 0002:00002af8       __IMPORT_DESCRIPTOR_KERNEL32 0000000180033af8     kernel32:KERNEL32.dll
 0002:00002b0c       __IMPORT_DESCRIPTOR_VCRUNTIME140 0000000180033b0c     vcruntime:VCRUNTIME140.dll
 0002:00002b20       __IMPORT_DESCRIPTOR_api-ms-win-crt-string-l1-1-0 0000000180033b20     ucrt:api-ms-win-crt-string-l1-1-0.dll
 0002:00002b34       __IMPORT_DESCRIPTOR_api-ms-win-crt-math-l1-1-0 0000000180033b34     ucrt:api-ms-win-crt-math-l1-1-0.dll
 0002:00002b48       __IMPORT_DESCRIPTOR_api-ms-win-crt-stdio-l1-1-0 0000000180033b48     ucrt:api-ms-win-crt-stdio-l1-1-0.dll
 0002:00002b5c       __IMPORT_DESCRIPTOR_api-ms-win-crt-heap-l1-1-0 0000000180033b5c     ucrt:api-ms-win-crt-heap-l1-1-0.dll
 0002:00002b70       __IMPORT_DESCRIPTOR_api-ms-win-crt-runtime-l1-1-0 0000000180033b70     ucrt:api-ms-win-crt-runtime-l1-1-0.dll
 0002:00002b84       __NULL_IMPORT_DESCRIPTOR   0000000180033b84     sf_runtime:sf_runtime.dll
 0003:00008630       DYNAMIC_DIMENSION          000000018003d630     dsogi_pll_3ph_sfun_registry.obj
 0003:0000ac10       __security_cookie_complement 000000018003fc10     MSVCRT:gs_cookie.obj
 0003:0000ac18       __security_cookie          000000018003fc18     MSVCRT:gs_cookie.obj
 0003:0000ac20       _fltused                   000000018003fc20     MSVCRT:fltused.obj
 0003:0000ac24       __scrt_native_dllmain_reason 000000018003fc24     MSVCRT:utility.obj
 0003:0000ac28       __isa_available            000000018003fc28     MSVCRT:cpu_disp.obj
 0003:0000ac2c       __isa_enabled              000000018003fc2c     MSVCRT:cpu_disp.obj
 0003:0000ac30       __memset_fast_string_threshold 000000018003fc30     MSVCRT:cpu_disp.obj
 0003:0000ac38       __memset_nt_threshold      000000018003fc38     MSVCRT:cpu_disp.obj
 0003:0000ac40       __scrt_ucrt_dll_is_in_use  000000018003fc40     MSVCRT:ucrt_stubs.obj
 0003:000101a0       ?__type_info_root_node@@3U__type_info_node@@A 00000001800451a0     MSVCRT:tncleanup.obj
 0003:000101b0       ?_OptionsStorage@?1??__local_stdio_printf_options@@9@4_KA 00000001800451b0     MSVCRT:default_local_stdio_options.obj
 0003:000101b8       ?_OptionsStorage@?1??__local_stdio_scanf_options@@9@4_KA 00000001800451b8     MSVCRT:default_local_stdio_options.obj
 0003:000101c0       __scrt_current_native_startup_state 00000001800451c0     MSVCRT:utility.obj
 0003:000101c8       __scrt_native_startup_lock 00000001800451c8     MSVCRT:utility.obj
 0003:00010208       __scrt_debugger_hook_flag  0000000180045208     MSVCRT:utility_desktop.obj
 0003:00010210       __castguard_check_failure_user_handled_fptr 0000000180045210     MSVCRT:guard_support.obj
 0003:00010218       __favor                    0000000180045218     MSVCRT:cpu_disp.obj
 0003:00010220       ?_OptionsStorage@?1??__local_stdio_printf_options@@9@9 0000000180045220     <common>
 0003:00010228       __dyn_tls_init_callback    0000000180045228     <common>

 entry point at        0001:0002e4e4

 Static symbols

 0000:00000000       _volmd                     0000000180000000     c10_dsogi_pll_3ph.obj
 0000:00000000       _volmd                     0000000180000000     c14_dsogi_pll_3ph.obj
 0000:00000000       _volmd                     0000000180000000     c16_dsogi_pll_3ph.obj
 0000:00000000       _volmd                     0000000180000000     c17_dsogi_pll_3ph.obj
 0000:00000000       _volmd                     0000000180000000     c18_dsogi_pll_3ph.obj
 0000:00000000       _volmd                     0000000180000000     c19_dsogi_pll_3ph.obj
 0000:00000000       _volmd                     0000000180000000     c20_dsogi_pll_3ph.obj
 0000:00000000       _volmd                     0000000180000000     c21_dsogi_pll_3ph.obj
 0000:00000000       _volmd                     0000000180000000     c22_dsogi_pll_3ph.obj
 0000:00000000       _volmd                     0000000180000000     c23_dsogi_pll_3ph.obj
 0000:00000000       _volmd                     0000000180000000     c24_dsogi_pll_3ph.obj
 0000:00000000       _volmd                     0000000180000000     c25_dsogi_pll_3ph.obj
 0000:00000000       _volmd                     0000000180000000     c26_dsogi_pll_3ph.obj
 0000:00000000       .debug$S                   0000000180000000     dsogi_pll_3ph_sfun.exp
 0000:00000000       _volmd                     0000000180000000     dsogi_pll_3ph_sfun.obj
 0000:00000000       _volmd                     0000000180000000     dsogi_pll_3ph_sfun_registry.obj
 0000:00000000       .debug$S                   0000000180000000     ucrt:api-ms-win-crt-heap-l1-1-0.dll
 0000:00000000       .debug$S                   0000000180000000     ucrt:api-ms-win-crt-heap-l1-1-0.dll
 0000:00000000       .debug$S                   0000000180000000     ucrt:api-ms-win-crt-math-l1-1-0.dll
 0000:00000000       .debug$S                   0000000180000000     ucrt:api-ms-win-crt-runtime-l1-1-0.dll
 0000:00000000       .debug$S                   0000000180000000     ucrt:api-ms-win-crt-runtime-l1-1-0.dll
 0000:00000000       .debug$S                   0000000180000000     ucrt:api-ms-win-crt-runtime-l1-1-0.dll
 0000:00000000       .debug$S                   0000000180000000     ucrt:api-ms-win-crt-runtime-l1-1-0.dll
 0000:00000000       .debug$S                   0000000180000000     ucrt:api-ms-win-crt-runtime-l1-1-0.dll
 0000:00000000       .debug$S                   0000000180000000     ucrt:api-ms-win-crt-runtime-l1-1-0.dll
 0000:00000000       .debug$S                   0000000180000000     ucrt:api-ms-win-crt-runtime-l1-1-0.dll
 0000:00000000       .debug$S                   0000000180000000     ucrt:api-ms-win-crt-runtime-l1-1-0.dll
 0000:00000000       .debug$S                   0000000180000000     ucrt:api-ms-win-crt-runtime-l1-1-0.dll
 0000:00000000       .debug$S                   0000000180000000     ucrt:api-ms-win-crt-runtime-l1-1-0.dll
 0000:00000000       .debug$S                   0000000180000000     ucrt:api-ms-win-crt-runtime-l1-1-0.dll
 0000:00000000       .debug$S                   0000000180000000     ucrt:api-ms-win-crt-runtime-l1-1-0.dll
 0000:00000000       .debug$S                   0000000180000000     ucrt:api-ms-win-crt-stdio-l1-1-0.dll
 0000:00000000       .debug$S                   0000000180000000     ucrt:api-ms-win-crt-string-l1-1-0.dll
 0000:00000000       .debug$S                   0000000180000000     ucrt:api-ms-win-crt-string-l1-1-0.dll
 0000:00000000       .debug$S                   0000000180000000     ucrt:api-ms-win-crt-string-l1-1-0.dll
 0000:00000000       .debug$S                   0000000180000000     kernel32:KERNEL32.dll
 0000:00000000       .debug$S                   0000000180000000     kernel32:KERNEL32.dll
 0000:00000000       .debug$S                   0000000180000000     kernel32:KERNEL32.dll
 0000:00000000       .debug$S                   0000000180000000     kernel32:KERNEL32.dll
 0000:00000000       .debug$S                   0000000180000000     kernel32:KERNEL32.dll
 0000:00000000       .debug$S                   0000000180000000     kernel32:KERNEL32.dll
 0000:00000000       .debug$S                   0000000180000000     kernel32:KERNEL32.dll
 0000:00000000       .debug$S                   0000000180000000     kernel32:KERNEL32.dll
 0000:00000000       .debug$S                   0000000180000000     kernel32:KERNEL32.dll
[...]
 0003:00009268       $SG29260                   000000018003e268     dsogi_pll_3ph_sfun_registry.obj
 0003:00009278       $SG29261                   000000018003e278     dsogi_pll_3ph_sfun_registry.obj
 0003:00009280       $SG29263                   000000018003e280     dsogi_pll_3ph_sfun_registry.obj
 0003:000092b8       $SG29264                   000000018003e2b8     dsogi_pll_3ph_sfun_registry.obj
 0003:000092c8       $SG29265                   000000018003e2c8     dsogi_pll_3ph_sfun_registry.obj
 0003:000092d0       $SG29268                   000000018003e2d0     dsogi_pll_3ph_sfun_registry.obj
 0003:00009308       $SG29269                   000000018003e308     dsogi_pll_3ph_sfun_registry.obj
 0003:00009318       $SG29270                   000000018003e318     dsogi_pll_3ph_sfun_registry.obj
 0003:00009320       $SG29272                   000000018003e320     dsogi_pll_3ph_sfun_registry.obj
 0003:00009358       $SG29273                   000000018003e358     dsogi_pll_3ph_sfun_registry.obj
 0003:00009368       $SG29274                   000000018003e368     dsogi_pll_3ph_sfun_registry.obj
 0003:00009370       $SG29276                   000000018003e370     dsogi_pll_3ph_sfun_registry.obj
 0003:000093a8       $SG29277                   000000018003e3a8     dsogi_pll_3ph_sfun_registry.obj
 0003:000093b8       $SG29278                   000000018003e3b8     dsogi_pll_3ph_sfun_registry.obj
 0003:000093c0       $SG29281                   000000018003e3c0     dsogi_pll_3ph_sfun_registry.obj
 0003:000093c8       $SG29283                   000000018003e3c8     dsogi_pll_3ph_sfun_registry.obj
 0003:000093e0       $SG29284                   000000018003e3e0     dsogi_pll_3ph_sfun_registry.obj
 0003:00009418       $SG29285                   000000018003e418     dsogi_pll_3ph_sfun_registry.obj
 0003:00009428       $SG29286                   000000018003e428     dsogi_pll_3ph_sfun_registry.obj
 0003:00009430       $SG29456                   000000018003e430     dsogi_pll_3ph_sfun_registry.obj
 0003:00009450       $SG29457                   000000018003e450     dsogi_pll_3ph_sfun_registry.obj
 0003:000094e0       $SG29463                   000000018003e4e0     dsogi_pll_3ph_sfun_registry.obj
 0003:000094f8       $SG29470                   000000018003e4f8     dsogi_pll_3ph_sfun_registry.obj
 0003:00009510       $SG29464                   000000018003e510     dsogi_pll_3ph_sfun_registry.obj
 0003:000095a0       $SG29471                   000000018003e5a0     dsogi_pll_3ph_sfun_registry.obj
 0003:00009630       $SG29477                   000000018003e630     dsogi_pll_3ph_sfun_registry.obj
 0003:00009650       $SG29478                   000000018003e650     dsogi_pll_3ph_sfun_registry.obj
 0003:000096e0       $SG29484                   000000018003e6e0     dsogi_pll_3ph_sfun_registry.obj
 0003:00009700       $SG29485                   000000018003e700     dsogi_pll_3ph_sfun_registry.obj
 0003:00009790       $SG29489                   000000018003e790     dsogi_pll_3ph_sfun_registry.obj
 0003:000097b0       $SG29490                   000000018003e7b0     dsogi_pll_3ph_sfun_registry.obj
 0003:00009840       $SG29494                   000000018003e840     dsogi_pll_3ph_sfun_registry.obj
 0003:00009868       $SG29499                   000000018003e868     dsogi_pll_3ph_sfun_registry.obj
 0003:00009890       $SG29495                   000000018003e890     dsogi_pll_3ph_sfun_registry.obj
 0003:00009920       $SG29500                   000000018003e920     dsogi_pll_3ph_sfun_registry.obj
 0003:000099b0       $SG29504                   000000018003e9b0     dsogi_pll_3ph_sfun_registry.obj
 0003:000099d0       $SG29505                   000000018003e9d0     dsogi_pll_3ph_sfun_registry.obj
 0003:00009a60       $SG29509                   000000018003ea60     dsogi_pll_3ph_sfun_registry.obj
 0003:00009a80       $SG29510                   000000018003ea80     dsogi_pll_3ph_sfun_registry.obj
 0003:00009b10       $SG29514                   000000018003eb10     dsogi_pll_3ph_sfun_registry.obj
 0003:00009b28       $SG29550                   000000018003eb28     dsogi_pll_3ph_sfun_registry.obj
 0003:00009b40       $SG29515                   000000018003eb40     dsogi_pll_3ph_sfun_registry.obj
 0003:00009bd0       $SG29519                   000000018003ebd0     dsogi_pll_3ph_sfun_registry.obj
 0003:00009bf0       $SG29520                   000000018003ebf0     dsogi_pll_3ph_sfun_registry.obj
 0003:00009c80       $SG29524                   000000018003ec80     dsogi_pll_3ph_sfun_registry.obj
 0003:00009ca0       $SG29525                   000000018003eca0     dsogi_pll_3ph_sfun_registry.obj
 0003:00009d30       $SG29529                   000000018003ed30     dsogi_pll_3ph_sfun_registry.obj
 0003:00009d50       $SG29530                   000000018003ed50     dsogi_pll_3ph_sfun_registry.obj
 0003:00009de0       $SG29534                   000000018003ede0     dsogi_pll_3ph_sfun_registry.obj
 0003:00009e00       $SG29535                   000000018003ee00     dsogi_pll_3ph_sfun_registry.obj
 0003:00009e90       $SG29539                   000000018003ee90     dsogi_pll_3ph_sfun_registry.obj
 0003:00009eb0       $SG29540                   000000018003eeb0     dsogi_pll_3ph_sfun_registry.obj
 0003:00009f40       $SG29544                   000000018003ef40     dsogi_pll_3ph_sfun_registry.obj
 0003:00009f60       $SG29545                   000000018003ef60     dsogi_pll_3ph_sfun_registry.obj
 0003:00009ff0       $SG29551                   000000018003eff0     dsogi_pll_3ph_sfun_registry.obj
 0003:0000a080       $SG29556                   000000018003f080     dsogi_pll_3ph_sfun_registry.obj
 0003:0000a088       $SG29561                   000000018003f088     dsogi_pll_3ph_sfun_registry.obj
 0003:0000a0a0       $SG29557                   000000018003f0a0     dsogi_pll_3ph_sfun_registry.obj
 0003:0000a130       $SG29562                   000000018003f130     dsogi_pll_3ph_sfun_registry.obj
 0003:0000a1c0       $SG29566                   000000018003f1c0     dsogi_pll_3ph_sfun_registry.obj
 0003:0000a1d0       $SG29567                   000000018003f1d0     dsogi_pll_3ph_sfun_registry.obj
 0003:0000a260       $SG29571                   000000018003f260     dsogi_pll_3ph_sfun_registry.obj
 0003:0000a280       $SG29572                   000000018003f280     dsogi_pll_3ph_sfun_registry.obj
 0003:0000a310       $SG29576                   000000018003f310     dsogi_pll_3ph_sfun_registry.obj
 0003:0000a330       $SG29577                   000000018003f330     dsogi_pll_3ph_sfun_registry.obj
 0003:0000a3c0       $SG29581                   000000018003f3c0     dsogi_pll_3ph_sfun_registry.obj
 0003:0000a3d0       $SG29582                   000000018003f3d0     dsogi_pll_3ph_sfun_registry.obj
 0003:0000a460       $SG29586                   000000018003f460     dsogi_pll_3ph_sfun_registry.obj
 0003:0000a470       $SG29587                   000000018003f470     dsogi_pll_3ph_sfun_registry.obj
 0003:0000a500       $SG29591                   000000018003f500     dsogi_pll_3ph_sfun_registry.obj
 0003:0000a518       $SG29596                   000000018003f518     dsogi_pll_3ph_sfun_registry.obj
 0003:0000a530       $SG29592                   000000018003f530     dsogi_pll_3ph_sfun_registry.obj
 0003:0000a5c0       $SG29597                   000000018003f5c0     dsogi_pll_3ph_sfun_registry.obj
 0003:0000a650       $SG29601                   000000018003f650     dsogi_pll_3ph_sfun_registry.obj
 0003:0000a660       $SG29602                   000000018003f660     dsogi_pll_3ph_sfun_registry.obj
 0003:0000a6f0       $SG29610                   000000018003f6f0     dsogi_pll_3ph_sfun_registry.obj
 0003:0000a700       $SG29611                   000000018003f700     dsogi_pll_3ph_sfun_registry.obj
 0003:0000a790       $SG29617                   000000018003f790     dsogi_pll_3ph_sfun_registry.obj
 0003:0000a7a0       $SG29618                   000000018003f7a0     dsogi_pll_3ph_sfun_registry.obj
 0003:0000a830       $SG29622                   000000018003f830     dsogi_pll_3ph_sfun_registry.obj
 0003:0000a840       $SG29623                   000000018003f840     dsogi_pll_3ph_sfun_registry.obj
 0003:0000a8d0       $SG29628                   000000018003f8d0     dsogi_pll_3ph_sfun_registry.obj
 0003:0000a8e0       $SG29629                   000000018003f8e0     dsogi_pll_3ph_sfun_registry.obj
 0003:0000a970       $SG29633                   000000018003f970     dsogi_pll_3ph_sfun_registry.obj
 0003:0000a9e8       $SG29676                   000000018003f9e8     dsogi_pll_3ph_sfun_registry.obj
 0003:0000a9f8       $SG29757                   000000018003f9f8     dsogi_pll_3ph_sfun_registry.obj
 0003:0000aa00       $SG29663                   000000018003fa00     dsogi_pll_3ph_sfun_registry.obj
 0003:0000ab18       $SG29687                   000000018003fb18     dsogi_pll_3ph_sfun_registry.obj
 0003:0000ab28       $SG29700                   000000018003fb28     dsogi_pll_3ph_sfun_registry.obj
 0003:0000ab38       $SG29711                   000000018003fb38     dsogi_pll_3ph_sfun_registry.obj
 0003:0000ab48       $SG29724                   000000018003fb48     dsogi_pll_3ph_sfun_registry.obj
 0003:0000ab58       $SG29735                   000000018003fb58     dsogi_pll_3ph_sfun_registry.obj
 0003:0000ab68       $SG29745                   000000018003fb68     dsogi_pll_3ph_sfun_registry.obj
 0003:0000ab88       $SG29756                   000000018003fb88     dsogi_pll_3ph_sfun_registry.obj
 0003:0000abb8       $SG29758                   000000018003fbb8     dsogi_pll_3ph_sfun_registry.obj
 0003:0000abc0       $SG29769                   000000018003fbc0     dsogi_pll_3ph_sfun_registry.obj
 0003:0000abf8       $SG29770                   000000018003fbf8     dsogi_pll_3ph_sfun_registry.obj
 0003:0000ac00       $SG29771                   000000018003fc00     dsogi_pll_3ph_sfun_registry.obj
 0003:0000ac50       sRtwOptimizationInfoStruct 000000018003fc50     dsogi_pll_3ph_sfun.obj
 0003:0000ac58       sOptimizationInfoFlags     000000018003fc58     dsogi_pll_3ph_sfun.obj
 0003:0000ac60       _sfTime_                   000000018003fc60     c10_dsogi_pll_3ph.obj
 0003:0000ac68       $SG27008                   000000018003fc68     c10_dsogi_pll_3ph.obj
 0003:0000ac69       $SG27025                   000000018003fc69     c10_dsogi_pll_3ph.obj
 0003:0000ac6a       $SG27281                   000000018003fc6a     c10_dsogi_pll_3ph.obj
 0003:0000ac6b       $SG27282                   000000018003fc6b     c10_dsogi_pll_3ph.obj
 0003:0000ac6c       $SG27433                   000000018003fc6c     c10_dsogi_pll_3ph.obj
 0003:0000ac70       ?newstr@?1??sf_c10_dsogi_pll_3ph_get_post_codegen_info@@9@9 000000018003fc70     c10_dsogi_pll_3ph.obj
 0003:0000b290       _sfTime_                   0000000180040290     c14_dsogi_pll_3ph.obj
 0003:0000b298       $SG27007                   0000000180040298     c14_dsogi_pll_3ph.obj
 0003:0000b299       $SG27024                   0000000180040299     c14_dsogi_pll_3ph.obj
 0003:0000b29a       $SG27306                   000000018004029a     c14_dsogi_pll_3ph.obj
 0003:0000b29b       $SG27307                   000000018004029b     c14_dsogi_pll_3ph.obj
 0003:0000b29c       $SG27458                   000000018004029c     c14_dsogi_pll_3ph.obj
 0003:0000b2a0       ?newstr@?1??sf_c14_dsogi_pll_3ph_get_post_codegen_info@@9@9 00000001800402a0     c14_dsogi_pll_3ph.obj
 0003:0000b8c0       _sfTime_                   00000001800408c0     c16_dsogi_pll_3ph.obj
 0003:0000b8c8       $SG27007                   00000001800408c8     c16_dsogi_pll_3ph.obj
 0003:0000b8c9       $SG27024                   00000001800408c9     c16_dsogi_pll_3ph.obj
 0003:0000b8ca       $SG27306                   00000001800408ca     c16_dsogi_pll_3ph.obj
 0003:0000b8cb       $SG27307                   00000001800408cb     c16_dsogi_pll_3ph.obj
 0003:0000b8cc       $SG27458                   00000001800408cc     c16_dsogi_pll_3ph.obj
 0003:0000b8d0       ?newstr@?1??sf_c16_dsogi_pll_3ph_get_post_codegen_info@@9@9 00000001800408d0     c16_dsogi_pll_3ph.obj
 0003:0000bef0       _sfTime_                   0000000180040ef0     c17_dsogi_pll_3ph.obj
 0003:0000bef8       $SG27000                   0000000180040ef8     c17_dsogi_pll_3ph.obj
 0003:0000bef9       $SG27017                   0000000180040ef9     c17_dsogi_pll_3ph.obj
 0003:0000befa       $SG27248                   0000000180040efa     c17_dsogi_pll_3ph.obj
 0003:0000befb       $SG27249                   0000000180040efb     c17_dsogi_pll_3ph.obj
 0003:0000befc       $SG27400                   0000000180040efc     c17_dsogi_pll_3ph.obj
 0003:0000bf00       ?newstr@?1??sf_c17_dsogi_pll_3ph_get_post_codegen_info@@9@9 0000000180040f00     c17_dsogi_pll_3ph.obj
 0003:0000c500       _sfTime_                   0000000180041500     c18_dsogi_pll_3ph.obj
 0003:0000c508       $SG27000                   0000000180041508     c18_dsogi_pll_3ph.obj
 0003:0000c509       $SG27017                   0000000180041509     c18_dsogi_pll_3ph.obj
 0003:0000c50a       $SG27248                   000000018004150a     c18_dsogi_pll_3ph.obj
 0003:0000c50b       $SG27249                   000000018004150b     c18_dsogi_pll_3ph.obj
 0003:0000c50c       $SG27400                   000000018004150c     c18_dsogi_pll_3ph.obj
 0003:0000c510       ?newstr@?1??sf_c18_dsogi_pll_3ph_get_post_codegen_info@@9@9 0000000180041510     c18_dsogi_pll_3ph.obj
 0003:0000cb20       _sfTime_                   0000000180041b20     c19_dsogi_pll_3ph.obj
 0003:0000cb28       $SG27000                   0000000180041b28     c19_dsogi_pll_3ph.obj
 0003:0000cb29       $SG27017                   0000000180041b29     c19_dsogi_pll_3ph.obj
 0003:0000cb2a       $SG27248                   0000000180041b2a     c19_dsogi_pll_3ph.obj
 0003:0000cb2b       $SG27249                   0000000180041b2b     c19_dsogi_pll_3ph.obj
 0003:0000cb2c       $SG27400                   0000000180041b2c     c19_dsogi_pll_3ph.obj
 0003:0000cb30       ?newstr@?1??sf_c19_dsogi_pll_3ph_get_post_codegen_info@@9@9 0000000180041b30     c19_dsogi_pll_3ph.obj
 0003:0000d140       _sfTime_                   0000000180042140     c20_dsogi_pll_3ph.obj
 0003:0000d148       $SG27000                   0000000180042148     c20_dsogi_pll_3ph.obj
 0003:0000d149       $SG27017                   0000000180042149     c20_dsogi_pll_3ph.obj
 0003:0000d14a       $SG27248                   000000018004214a     c20_dsogi_pll_3ph.obj
 0003:0000d14b       $SG27249                   000000018004214b     c20_dsogi_pll_3ph.obj
 0003:0000d14c       $SG27400                   000000018004214c     c20_dsogi_pll_3ph.obj
 0003:0000d150       ?newstr@?1??sf_c20_dsogi_pll_3ph_get_post_codegen_info@@9@9 0000000180042150     c20_dsogi_pll_3ph.obj
 0003:0000d760       _sfTime_                   0000000180042760     c21_dsogi_pll_3ph.obj
 0003:0000d768       $SG27000                   0000000180042768     c21_dsogi_pll_3ph.obj
 0003:0000d769       $SG27017                   0000000180042769     c21_dsogi_pll_3ph.obj
 0003:0000d76a       $SG27248                   000000018004276a     c21_dsogi_pll_3ph.obj
 0003:0000d76b       $SG27249                   000000018004276b     c21_dsogi_pll_3ph.obj
 0003:0000d76c       $SG27400                   000000018004276c     c21_dsogi_pll_3ph.obj
 0003:0000d770       ?newstr@?1??sf_c21_dsogi_pll_3ph_get_post_codegen_info@@9@9 0000000180042770     c21_dsogi_pll_3ph.obj
 0003:0000dd70       _sfTime_                   0000000180042d70     c22_dsogi_pll_3ph.obj
 0003:0000dd78       $SG27000                   0000000180042d78     c22_dsogi_pll_3ph.obj
 0003:0000dd79       $SG27017                   0000000180042d79     c22_dsogi_pll_3ph.obj
 0003:0000dd7a       $SG27248                   0000000180042d7a     c22_dsogi_pll_3ph.obj
 0003:0000dd7b       $SG27249                   0000000180042d7b     c22_dsogi_pll_3ph.obj
 0003:0000dd7c       $SG27400                   0000000180042d7c     c22_dsogi_pll_3ph.obj
 0003:0000dd80       ?newstr@?1??sf_c22_dsogi_pll_3ph_get_post_codegen_info@@9@9 0000000180042d80     c22_dsogi_pll_3ph.obj
 0003:0000e380       _sfTime_                   0000000180043380     c23_dsogi_pll_3ph.obj
 0003:0000e388       $SG27004                   0000000180043388     c23_dsogi_pll_3ph.obj
 0003:0000e389       $SG27027                   0000000180043389     c23_dsogi_pll_3ph.obj
 0003:0000e38a       $SG27321                   000000018004338a     c23_dsogi_pll_3ph.obj
 0003:0000e38b       $SG27322                   000000018004338b     c23_dsogi_pll_3ph.obj
 0003:0000e38c       $SG27473                   000000018004338c     c23_dsogi_pll_3ph.obj
 0003:0000e390       ?newstr@?1??sf_c23_dsogi_pll_3ph_get_post_codegen_info@@9@9 0000000180043390     c23_dsogi_pll_3ph.obj
 0003:0000e9c0       _sfTime_                   00000001800439c0     c24_dsogi_pll_3ph.obj
 0003:0000e9c8       $SG27003                   00000001800439c8     c24_dsogi_pll_3ph.obj
 0003:0000e9c9       $SG27020                   00000001800439c9     c24_dsogi_pll_3ph.obj
 0003:0000e9ca       $SG27271                   00000001800439ca     c24_dsogi_pll_3ph.obj
 0003:0000e9cb       $SG27272                   00000001800439cb     c24_dsogi_pll_3ph.obj
 0003:0000e9cc       $SG27423                   00000001800439cc     c24_dsogi_pll_3ph.obj
 0003:0000e9d0       ?newstr@?1??sf_c24_dsogi_pll_3ph_get_post_codegen_info@@9@9 00000001800439d0     c24_dsogi_pll_3ph.obj
 0003:0000efe0       _sfTime_                   0000000180043fe0     c25_dsogi_pll_3ph.obj
 0003:0000efe8       $SG27001                   0000000180043fe8     c25_dsogi_pll_3ph.obj
 0003:0000efe9       $SG27018                   0000000180043fe9     c25_dsogi_pll_3ph.obj
 0003:0000efea       $SG27262                   0000000180043fea     c25_dsogi_pll_3ph.obj
 0003:0000efeb       $SG27263                   0000000180043feb     c25_dsogi_pll_3ph.obj
 0003:0000efec       $SG27414                   0000000180043fec     c25_dsogi_pll_3ph.obj
 0003:0000eff0       ?newstr@?1??sf_c25_dsogi_pll_3ph_get_post_codegen_info@@9@9 0000000180043ff0     c25_dsogi_pll_3ph.obj
 0003:0000f600       _sfTime_                   0000000180044600     c26_dsogi_pll_3ph.obj
 0003:0000f608       $SG27000                   0000000180044608     c26_dsogi_pll_3ph.obj
 0003:0000f609       $SG27017                   0000000180044609     c26_dsogi_pll_3ph.obj
 0003:0000f60a       $SG27248                   000000018004460a     c26_dsogi_pll_3ph.obj
 0003:0000f60b       $SG27249                   000000018004460b     c26_dsogi_pll_3ph.obj
 0003:0000f60c       $SG27400                   000000018004460c     c26_dsogi_pll_3ph.obj
 0003:0000f610       ?newstr@?1??sf_c26_dsogi_pll_3ph_get_post_codegen_info@@9@9 0000000180044610     c26_dsogi_pll_3ph.obj
 0003:0000fc10       sfGlobalMdlStartCallCounts 0000000180044c10     dsogi_pll_3ph_sfun_registry.obj
 0003:0000fc14       $SG29108                   0000000180044c14     dsogi_pll_3ph_sfun_registry.obj
 0003:0000fc16       ?warningGuard@?1??ssGetRootSS@@9@9 0000000180044c16     dsogi_pll_3ph_sfun_registry.obj
 0003:0000fc17       ?warningGuard@?1??ssGetParentSS@@9@9 0000000180044c17     dsogi_pll_3ph_sfun_registry.obj
 0003:0000fc20       GS_ExceptionRecord         0000000180044c20     MSVCRT:gs_report.obj
 0003:0000fcc0       GS_ContextRecord           0000000180044cc0     MSVCRT:gs_report.obj
 0003:00010190       ?__proc_attached@@3HA      0000000180045190     MSVCRT:dll_dllmain.obj
 0003:000101d0       ?is_initialized_as_dll@@3_NA 00000001800451d0     MSVCRT:utility.obj
 0003:000101d1       ?module_local_atexit_table_initialized@@3_NA 00000001800451d1     MSVCRT:utility.obj
 0003:000101d8       ?module_local_atexit_table@@3U_onexit_table_t@@A 00000001800451d8     MSVCRT:utility.obj
 0003:000101f0       ?module_local_at_quick_exit_table@@3U_onexit_table_t@@A 00000001800451f0     MSVCRT:utility.obj
