 dsogi_pll_3ph_sfun

 Timestamp is 665f55ab (Tue Jun  4 19:58:03 2024)

 Preferred load address is 0000000180000000

 Start         Length     Name                   Class
 0001:00000000 000300a0H .text$mn                CODE
 0001:000300a0 00000036H .text$mn$00             CODE
 0001:000300d6 00000092H .text$x                 CODE
 0002:00000000 00000490H .idata$5                DATA
 0002:00000490 00000038H .00cfg                  DATA
 0002:000004c8 00000008H .CRT$XCA                DATA
 0002:000004d0 00000008H .CRT$XCZ                DATA
 0002:000004d8 00000008H .CRT$XIA                DATA
 0002:000004e0 00000008H .CRT$XIZ                DATA
 0002:000004e8 00000008H .CRT$XPA                DATA
 0002:000004f0 00000008H .CRT$XPZ                DATA
 0002:000004f8 00000008H .CRT$XTA                DATA
 0002:00000500 00000010H .CRT$XTZ                DATA
 0002:00000508 00000000H .gehcont$y              DATA
 0002:00000508 00000000H .gfids$y                DATA
 0002:00000510 00000470H .rdata                  DATA
 0002:00000980 00000080H .rdata$CastGuardVftablesA DATA
 0002:00000a00 00000080H .rdata$CastGuardVftablesC DATA
 0002:00000a80 0000029cH .rdata$voltmd           DATA
 0002:00000d1c 0000027cH .rdata$zzzdbg           DATA
 0002:00000f98 00000008H .rtc$IAA                DATA
 0002:00000fa0 00000008H .rtc$IZZ                DATA
 0002:00000fa8 00000008H .rtc$TAA                DATA
 0002:00000fb0 00000008H .rtc$TZZ                DATA
 0002:00000fb8 00001a38H .xdata                  DATA
 0002:000029f0 0000007cH .edata                  DATA
 0002:00002a6c 00000118H .idata$2                DATA
 0002:00002b84 00000014H .idata$3                DATA
 0002:00002b98 00000490H .idata$4                DATA
 0002:00003028 00000c8aH .idata$6                DATA
 0003:00000000 0000ac50H .data                   DATA
 0003:0000ac50 00005600H .bss                    DATA
 0004:00000000 000022bcH .pdata                  DATA

  Address         Publics by Value              Rva+Base               Lib:Object

 0000:00000000       __AbsoluteZero             0000000000000000     <absolute>
 0000:00000000       ___safe_se_handler_count   0000000000000000     <absolute>
 0000:00000000       ___safe_se_handler_table   0000000000000000     <absolute>
 0000:00000000       __arm64x_extra_rfe_table   0000000000000000     <absolute>
 0000:00000000       __arm64x_extra_rfe_table_size 0000000000000000     <absolute>
 0000:00000000       __arm64x_native_entrypoint 0000000000000000     <absolute>
 0000:00000000       __arm64x_redirection_metadata 0000000000000000     <absolute>
 0000:00000000       __arm64x_redirection_metadata_count 0000000000000000     <absolute>
 0000:00000000       __dynamic_value_reloc_table 0000000000000000     <absolute>
 0000:00000000       __enclave_config           0000000000000000     <absolute>
 0000:00000000       __guard_check_icall_a64n_fptr 0000000000000000     <absolute>
 0000:00000000       __guard_eh_cont_count      0000000000000000     <absolute>
 0000:00000000       __guard_eh_cont_table      0000000000000000     <absolute>
 0000:00000000       __guard_fids_count         0000000000000000     <absolute>
 0000:00000000       __guard_fids_table         0000000000000000     <absolute>
 0000:00000000       __guard_iat_count          0000000000000000     <absolute>
 0000:00000000       __guard_iat_table          0000000000000000     <absolute>
 0000:00000000       __guard_longjmp_count      0000000000000000     <absolute>
 0000:00000000       __guard_longjmp_table      0000000000000000     <absolute>
 0000:00000000       __hybrid_auxiliary_delayload_iat 0000000000000000     <absolute>
 0000:00000000       __hybrid_auxiliary_delayload_iat_copy 0000000000000000     <absolute>
 0000:00000000       __hybrid_auxiliary_iat     0000000000000000     <absolute>
 0000:00000000       __hybrid_auxiliary_iat_copy 0000000000000000     <absolute>
 0000:00000000       __hybrid_code_map          0000000000000000     <absolute>
 0000:00000000       __hybrid_code_map_count    0000000000000000     <absolute>
 0000:00000000       __x64_code_ranges_to_entry_points 0000000000000000     <absolute>
 0000:00000000       __x64_code_ranges_to_entry_points_count 0000000000000000     <absolute>
 0000:00000100       __guard_flags              0000000000000100     <absolute>
 0000:00000000       __ImageBase                0000000180000000     <linker-defined>
 0001:00000000       dsogi_pll_3ph_initializer  0000000180001000 f   dsogi_pll_3ph_sfun.obj
 0001:00000010       dsogi_pll_3ph_terminator   0000000180001010 f   dsogi_pll_3ph_sfun.obj
 0001:00000020       load_dsogi_pll_3ph_optimization_info 0000000180001020 f   dsogi_pll_3ph_sfun.obj
 0001:000000d0       unload_dsogi_pll_3ph_optimization_info 00000001800010d0 f   dsogi_pll_3ph_sfun.obj
 0001:00000100       sf_dsogi_pll_3ph_method_dispatcher 0000000180001100 f   dsogi_pll_3ph_sfun.obj
 0001:000002f0       sf_dsogi_pll_3ph_process_check_sum_call 00000001800012f0 f   dsogi_pll_3ph_sfun.obj
 0001:00000930       sf_dsogi_pll_3ph_get_eml_resolved_functions_info 0000000180001930 f   dsogi_pll_3ph_sfun.obj
 0001:00000f90       sf_dsogi_pll_3ph_third_party_uses_info 0000000180001f90 f   dsogi_pll_3ph_sfun.obj
 0001:00001450       sf_dsogi_pll_3ph_jit_fallback_info 0000000180002450 f   dsogi_pll_3ph_sfun.obj
 0001:00001910       sf_dsogi_pll_3ph_get_post_codegen_info 0000000180002910 f   dsogi_pll_3ph_sfun.obj
 0001:00001ee0       sf_dsogi_pll_3ph_updateBuildInfo_args_info 0000000180002ee0 f   dsogi_pll_3ph_sfun.obj
 0001:000023a0       dsogi_pll_3ph_register_exported_symbols 00000001800033a0 f   dsogi_pll_3ph_sfun.obj
 0001:000023b0       sf_c1_dsogi_pll_3ph_get_eml_resolved_functions_info 00000001800033b0 f   c1_dsogi_pll_3ph.obj
 0001:00002430       sf_c1_dsogi_pll_3ph_get_check_sum 0000000180003430 f   c1_dsogi_pll_3ph.obj
 0001:00002500       c1_dsogi_pll_3ph_method_dispatcher 0000000180003500 f   c1_dsogi_pll_3ph.obj
 0001:000060c0       sf_c1_dsogi_pll_3ph_third_party_uses_info 00000001800070c0 f   c1_dsogi_pll_3ph.obj
 0001:000060f0       sf_c1_dsogi_pll_3ph_jit_fallback_info 00000001800070f0 f   c1_dsogi_pll_3ph.obj
 0001:00006280       sf_c1_dsogi_pll_3ph_updateBuildInfo_args_info 0000000180007280 f   c1_dsogi_pll_3ph.obj
 0001:00006640       sf_c1_dsogi_pll_3ph_get_post_codegen_info 0000000180007640 f   c1_dsogi_pll_3ph.obj
 0001:00006b40       sf_c2_dsogi_pll_3ph_get_eml_resolved_functions_info 0000000180007b40 f   c2_dsogi_pll_3ph.obj
 0001:00006bc0       sf_c2_dsogi_pll_3ph_get_check_sum 0000000180007bc0 f   c2_dsogi_pll_3ph.obj
 0001:00006c90       c2_dsogi_pll_3ph_method_dispatcher 0000000180007c90 f   c2_dsogi_pll_3ph.obj
 0001:0000a850       sf_c2_dsogi_pll_3ph_third_party_uses_info 000000018000b850 f   c2_dsogi_pll_3ph.obj
 0001:0000a880       sf_c2_dsogi_pll_3ph_jit_fallback_info 000000018000b880 f   c2_dsogi_pll_3ph.obj
 0001:0000aa10       sf_c2_dsogi_pll_3ph_updateBuildInfo_args_info 000000018000ba10 f   c2_dsogi_pll_3ph.obj
 0001:0000add0       sf_c2_dsogi_pll_3ph_get_post_codegen_info 000000018000bdd0 f   c2_dsogi_pll_3ph.obj
 0001:0000b2d0       sf_c10_dsogi_pll_3ph_get_eml_resolved_functions_info 000000018000c2d0 f   c10_dsogi_pll_3ph.obj
 0001:0000b350       sf_c10_dsogi_pll_3ph_get_check_sum 000000018000c350 f   c10_dsogi_pll_3ph.obj
 0001:0000b420       c10_dsogi_pll_3ph_method_dispatcher 000000018000c420 f   c10_dsogi_pll_3ph.obj
 0001:0000d0b0       sf_c10_dsogi_pll_3ph_third_party_uses_info 000000018000e0b0 f   c10_dsogi_pll_3ph.obj
 0001:0000d0e0       sf_c10_dsogi_pll_3ph_jit_fallback_info 000000018000e0e0 f   c10_dsogi_pll_3ph.obj
 0001:0000d270       sf_c10_dsogi_pll_3ph_updateBuildInfo_args_info 000000018000e270 f   c10_dsogi_pll_3ph.obj
 0001:0000d630       sf_c10_dsogi_pll_3ph_get_post_codegen_info 000000018000e630 f   c10_dsogi_pll_3ph.obj
 0001:0000db30       sf_c17_dsogi_pll_3ph_get_eml_resolved_functions_info 000000018000eb30 f   c17_dsogi_pll_3ph.obj
 0001:0000dbb0       sf_c17_dsogi_pll_3ph_get_check_sum 000000018000ebb0 f   c17_dsogi_pll_3ph.obj
 0001:0000dc80       c17_dsogi_pll_3ph_method_dispatcher 000000018000ec80 f   c17_dsogi_pll_3ph.obj
 0001:0000f0a0       sf_c17_dsogi_pll_3ph_third_party_uses_info 00000001800100a0 f   c17_dsogi_pll_3ph.obj
 0001:0000f0d0       sf_c17_dsogi_pll_3ph_jit_fallback_info 00000001800100d0 f   c17_dsogi_pll_3ph.obj
 0001:0000f260       sf_c17_dsogi_pll_3ph_updateBuildInfo_args_info 0000000180010260 f   c17_dsogi_pll_3ph.obj
 0001:0000f620       sf_c17_dsogi_pll_3ph_get_post_codegen_info 0000000180010620 f   c17_dsogi_pll_3ph.obj
 0001:0000fb20       sf_c18_dsogi_pll_3ph_get_eml_resolved_functions_info 0000000180010b20 f   c18_dsogi_pll_3ph.obj
 0001:0000fba0       sf_c18_dsogi_pll_3ph_get_check_sum 0000000180010ba0 f   c18_dsogi_pll_3ph.obj
 0001:0000fc70       c18_dsogi_pll_3ph_method_dispatcher 0000000180010c70 f   c18_dsogi_pll_3ph.obj
 0001:00011090       sf_c18_dsogi_pll_3ph_third_party_uses_info 0000000180012090 f   c18_dsogi_pll_3ph.obj
 0001:000110c0       sf_c18_dsogi_pll_3ph_jit_fallback_info 00000001800120c0 f   c18_dsogi_pll_3ph.obj
 0001:00011250       sf_c18_dsogi_pll_3ph_updateBuildInfo_args_info 0000000180012250 f   c18_dsogi_pll_3ph.obj
 0001:00011610       sf_c18_dsogi_pll_3ph_get_post_codegen_info 0000000180012610 f   c18_dsogi_pll_3ph.obj
 0001:00011b10       sf_c19_dsogi_pll_3ph_get_eml_resolved_functions_info 0000000180012b10 f   c19_dsogi_pll_3ph.obj
 0001:00011b90       sf_c19_dsogi_pll_3ph_get_check_sum 0000000180012b90 f   c19_dsogi_pll_3ph.obj
 0001:00011c60       c19_dsogi_pll_3ph_method_dispatcher 0000000180012c60 f   c19_dsogi_pll_3ph.obj
 0001:00013080       sf_c19_dsogi_pll_3ph_third_party_uses_info 0000000180014080 f   c19_dsogi_pll_3ph.obj
 0001:000130b0       sf_c19_dsogi_pll_3ph_jit_fallback_info 00000001800140b0 f   c19_dsogi_pll_3ph.obj
 0001:00013240       sf_c19_dsogi_pll_3ph_updateBuildInfo_args_info 0000000180014240 f   c19_dsogi_pll_3ph.obj
 0001:00013600       sf_c19_dsogi_pll_3ph_get_post_codegen_info 0000000180014600 f   c19_dsogi_pll_3ph.obj
 0001:00013b00       sf_c20_dsogi_pll_3ph_get_eml_resolved_functions_info 0000000180014b00 f   c20_dsogi_pll_3ph.obj
 0001:00013b80       sf_c20_dsogi_pll_3ph_get_check_sum 0000000180014b80 f   c20_dsogi_pll_3ph.obj
 0001:00013c50       c20_dsogi_pll_3ph_method_dispatcher 0000000180014c50 f   c20_dsogi_pll_3ph.obj
 0001:00015070       sf_c20_dsogi_pll_3ph_third_party_uses_info 0000000180016070 f   c20_dsogi_pll_3ph.obj
 0001:000150a0       sf_c20_dsogi_pll_3ph_jit_fallback_info 00000001800160a0 f   c20_dsogi_pll_3ph.obj
 0001:00015230       sf_c20_dsogi_pll_3ph_updateBuildInfo_args_info 0000000180016230 f   c20_dsogi_pll_3ph.obj
 0001:000155f0       sf_c20_dsogi_pll_3ph_get_post_codegen_info 00000001800165f0 f   c20_dsogi_pll_3ph.obj
 0001:00015af0       sf_c21_dsogi_pll_3ph_get_eml_resolved_functions_info 0000000180016af0 f   c21_dsogi_pll_3ph.obj
 0001:00015b70       sf_c21_dsogi_pll_3ph_get_check_sum 0000000180016b70 f   c21_dsogi_pll_3ph.obj
 0001:00015c40       c21_dsogi_pll_3ph_method_dispatcher 0000000180016c40 f   c21_dsogi_pll_3ph.obj
 0001:00016fe0       sf_c21_dsogi_pll_3ph_third_party_uses_info 0000000180017fe0 f   c21_dsogi_pll_3ph.obj
 0001:00017010       sf_c21_dsogi_pll_3ph_jit_fallback_info 0000000180018010 f   c21_dsogi_pll_3ph.obj
 0001:000171a0       sf_c21_dsogi_pll_3ph_updateBuildInfo_args_info 00000001800181a0 f   c21_dsogi_pll_3ph.obj
 0001:00017560       sf_c21_dsogi_pll_3ph_get_post_codegen_info 0000000180018560 f   c21_dsogi_pll_3ph.obj
 0001:00017a60       sf_c22_dsogi_pll_3ph_get_eml_resolved_functions_info 0000000180018a60 f   c22_dsogi_pll_3ph.obj
 0001:00017ae0       sf_c22_dsogi_pll_3ph_get_check_sum 0000000180018ae0 f   c22_dsogi_pll_3ph.obj
 0001:00017bb0       c22_dsogi_pll_3ph_method_dispatcher 0000000180018bb0 f   c22_dsogi_pll_3ph.obj
 0001:00018f50       sf_c22_dsogi_pll_3ph_third_party_uses_info 0000000180019f50 f   c22_dsogi_pll_3ph.obj
 0001:00018f80       sf_c22_dsogi_pll_3ph_jit_fallback_info 0000000180019f80 f   c22_dsogi_pll_3ph.obj
 0001:00019110       sf_c22_dsogi_pll_3ph_updateBuildInfo_args_info 000000018001a110 f   c22_dsogi_pll_3ph.obj
 0001:000194d0       sf_c22_dsogi_pll_3ph_get_post_codegen_info 000000018001a4d0 f   c22_dsogi_pll_3ph.obj
 0001:000199d0       sf_c23_dsogi_pll_3ph_get_eml_resolved_functions_info 000000018001a9d0 f   c23_dsogi_pll_3ph.obj
 0001:00019a50       sf_c23_dsogi_pll_3ph_get_check_sum 000000018001aa50 f   c23_dsogi_pll_3ph.obj
 0001:00019b20       c23_dsogi_pll_3ph_method_dispatcher 000000018001ab20 f   c23_dsogi_pll_3ph.obj
 0001:0001c270       sf_c23_dsogi_pll_3ph_third_party_uses_info 000000018001d270 f   c23_dsogi_pll_3ph.obj
 0001:0001c2a0       sf_c23_dsogi_pll_3ph_jit_fallback_info 000000018001d2a0 f   c23_dsogi_pll_3ph.obj
 0001:0001c430       sf_c23_dsogi_pll_3ph_updateBuildInfo_args_info 000000018001d430 f   c23_dsogi_pll_3ph.obj
 0001:0001c7f0       sf_c23_dsogi_pll_3ph_get_post_codegen_info 000000018001d7f0 f   c23_dsogi_pll_3ph.obj
 0001:0001cd00       sf_c24_dsogi_pll_3ph_get_eml_resolved_functions_info 000000018001dd00 f   c24_dsogi_pll_3ph.obj
 0001:0001cd80       sf_c24_dsogi_pll_3ph_get_check_sum 000000018001dd80 f   c24_dsogi_pll_3ph.obj
 0001:0001ce50       c24_dsogi_pll_3ph_method_dispatcher 000000018001de50 f   c24_dsogi_pll_3ph.obj
 0001:0001e880       sf_c24_dsogi_pll_3ph_third_party_uses_info 000000018001f880 f   c24_dsogi_pll_3ph.obj
 0001:0001e8b0       sf_c24_dsogi_pll_3ph_jit_fallback_info 000000018001f8b0 f   c24_dsogi_pll_3ph.obj
 0001:0001ea40       sf_c24_dsogi_pll_3ph_updateBuildInfo_args_info 000000018001fa40 f   c24_dsogi_pll_3ph.obj
 0001:0001ee00       sf_c24_dsogi_pll_3ph_get_post_codegen_info 000000018001fe00 f   c24_dsogi_pll_3ph.obj
 0001:0001f300       sf_c25_dsogi_pll_3ph_get_eml_resolved_functions_info 0000000180020300 f   c25_dsogi_pll_3ph.obj
 0001:0001f380       sf_c25_dsogi_pll_3ph_get_check_sum 0000000180020380 f   c25_dsogi_pll_3ph.obj
 0001:0001f450       c25_dsogi_pll_3ph_method_dispatcher 0000000180020450 f   c25_dsogi_pll_3ph.obj
 0001:00021140       sf_c25_dsogi_pll_3ph_third_party_uses_info 0000000180022140 f   c25_dsogi_pll_3ph.obj
 0001:00021170       sf_c25_dsogi_pll_3ph_jit_fallback_info 0000000180022170 f   c25_dsogi_pll_3ph.obj
 0001:00021300       sf_c25_dsogi_pll_3ph_updateBuildInfo_args_info 0000000180022300 f   c25_dsogi_pll_3ph.obj
 0001:000216c0       sf_c25_dsogi_pll_3ph_get_post_codegen_info 00000001800226c0 f   c25_dsogi_pll_3ph.obj
 0001:00021bc0       sf_c26_dsogi_pll_3ph_get_eml_resolved_functions_info 0000000180022bc0 f   c26_dsogi_pll_3ph.obj
 0001:00021c40       sf_c26_dsogi_pll_3ph_get_check_sum 0000000180022c40 f   c26_dsogi_pll_3ph.obj
 0001:00021d10       c26_dsogi_pll_3ph_method_dispatcher 0000000180022d10 f   c26_dsogi_pll_3ph.obj
 0001:000230b0       sf_c26_dsogi_pll_3ph_third_party_uses_info 00000001800240b0 f   c26_dsogi_pll_3ph.obj
 0001:000230e0       sf_c26_dsogi_pll_3ph_jit_fallback_info 00000001800240e0 f   c26_dsogi_pll_3ph.obj
 0001:00023270       sf_c26_dsogi_pll_3ph_updateBuildInfo_args_info 0000000180024270 f   c26_dsogi_pll_3ph.obj
 0001:00023630       sf_c26_dsogi_pll_3ph_get_post_codegen_info 0000000180024630 f   c26_dsogi_pll_3ph.obj
 0001:00023b30       mexFunction                0000000180024b30 f   dsogi_pll_3ph_sfun_registry.obj
 0001:00026400       _ssSetInputPortDirectFeedThroughFcn 0000000180027400 f   dsogi_pll_3ph_sfun_registry.obj
 0001:00026570       _ssSetRWorkValueFcn        0000000180027570 f   dsogi_pll_3ph_sfun_registry.obj
 0001:000265f0       _ssGetRWorkValueFcn        00000001800275f0 f   dsogi_pll_3ph_sfun_registry.obj
 0001:00026660       _ssSetIWorkValueFcn        0000000180027660 f   dsogi_pll_3ph_sfun_registry.obj
 0001:000266e0       _ssGetIWorkValueFcn        00000001800276e0 f   dsogi_pll_3ph_sfun_registry.obj
 0001:00026750       _ssSetPWorkValueFcn        0000000180027750 f   dsogi_pll_3ph_sfun_registry.obj
 0001:000267d0       _ssGetPWorkValueFcn        00000001800277d0 f   dsogi_pll_3ph_sfun_registry.obj
 0001:00026840       _ssGetInputPortSignalFcn   0000000180027840 f   dsogi_pll_3ph_sfun_registry.obj
 0001:00026bd0       _ssGetInputPortBufferDstPortFcn 0000000180027bd0 f   dsogi_pll_3ph_sfun_registry.obj
 0001:00026c50       _ssGetInputPortSignalPtrsFcn 0000000180027c50 f   dsogi_pll_3ph_sfun_registry.obj
 0001:00026fe0       ssGetParameterTuningCompliance 0000000180027fe0 f   dsogi_pll_3ph_sfun_registry.obj
 0001:00027050       _ssReadInputStringFcn      0000000180028050 f   dsogi_pll_3ph_sfun_registry.obj
 0001:000270c0       ssGetDTypeIdFromMxArray    00000001800280c0 f   dsogi_pll_3ph_sfun_registry.obj
 0001:000271e0       ssWriteRTWMx2dMatParam     00000001800281e0 f   dsogi_pll_3ph_sfun_registry.obj
 0001:00027270       ssWriteRTWMxVectParam      0000000180028270 f   dsogi_pll_3ph_sfun_registry.obj
 0001:000272f0       ssWriteRTWParameters       00000001800282f0 f   dsogi_pll_3ph_sfun_registry.obj
 0001:000278b0       ssWriteRTWParamSettings    00000001800288b0 f   dsogi_pll_3ph_sfun_registry.obj
 0001:00027fa0       ssWriteRTWStr              0000000180028fa0 f   dsogi_pll_3ph_sfun_registry.obj
 0001:00028000       ssWriteRTWWorkVect         0000000180029000 f   dsogi_pll_3ph_sfun_registry.obj
 0001:00028560       ssWarning                  0000000180029560 f   dsogi_pll_3ph_sfun_registry.obj
 0001:00028650       ssGetRootSS                0000000180029650 f   dsogi_pll_3ph_sfun_registry.obj
 0001:00028710       ssGetParentSS              0000000180029710 f   dsogi_pll_3ph_sfun_registry.obj
 0001:000287d0       ssWriteRTWNameValuePair    00000001800297d0 f   dsogi_pll_3ph_sfun_registry.obj
 0001:00028cd0       _ssSetInputPortMatrixDimensions 0000000180029cd0 f   dsogi_pll_3ph_sfun_registry.obj
 0001:00028e20       _ssSetOutputPortMatrixDimensions 0000000180029e20 f   dsogi_pll_3ph_sfun_registry.obj
 0001:00028f70       _ssSetInputPortVectorDimension 0000000180029f70 f   dsogi_pll_3ph_sfun_registry.obj
 0001:00029020       _ssSetOutputPortVectorDimension 000000018002a020 f   dsogi_pll_3ph_sfun_registry.obj
 0001:000290d0       ssIsRunTimeParamTunable    000000018002a0d0 f   dsogi_pll_3ph_sfun_registry.obj
 0001:00029140       ssGetSFuncBlockHandle      000000018002a140 f   dsogi_pll_3ph_sfun_registry.obj
 0001:000291b0       _ssGetCallSystemNumFcnCallDestinations 000000018002a1b0 f   dsogi_pll_3ph_sfun_registry.obj
 0001:00029220       _ssGetCurrentInputPortWidth 000000018002a220 f   dsogi_pll_3ph_sfun_registry.obj
 0001:00029360       _ssGetCurrentOutputPortWidth 000000018002a360 f   dsogi_pll_3ph_sfun_registry.obj
 0001:000294a0       ssGetIsZeroCrossControlDisabled 000000018002a4a0 f   dsogi_pll_3ph_sfun_registry.obj
 0001:00029510       ssSetIsInputPortUsedForContZcSignal 000000018002a510 f   dsogi_pll_3ph_sfun_registry.obj
 0001:00029580       ssSetZcSignalIsZcElementDisc 000000018002a580 f   dsogi_pll_3ph_sfun_registry.obj
 0001:00029630       ssSetZcSignalName          000000018002a630 f   dsogi_pll_3ph_sfun_registry.obj
 0001:000296a0       ssSetZcSignalWidth         000000018002a6a0 f   dsogi_pll_3ph_sfun_registry.obj
 0001:00029710       ssSetZcSignalZcEventType   000000018002a710 f   dsogi_pll_3ph_sfun_registry.obj
 0001:00029780       ssSetZcSignalType          000000018002a780 f   dsogi_pll_3ph_sfun_registry.obj
 0001:000297f0       ssSetZcSignalZcTol         000000018002a7f0 f   dsogi_pll_3ph_sfun_registry.obj
 0001:00029860       ssSetZcSignalNeedsEventNotification 000000018002a860 f   dsogi_pll_3ph_sfun_registry.obj
 0001:000298d0       ssCreateAndAddZcSignalInfo 000000018002a8d0 f   dsogi_pll_3ph_sfun_registry.obj
 0001:00029940       ssCloneAndAddZcSignalInfo  000000018002a940 f   dsogi_pll_3ph_sfun_registry.obj
 0001:000299b0       ssGetNumZcSignals          000000018002a9b0 f   dsogi_pll_3ph_sfun_registry.obj
 0001:00029a20       ssGetZcSignalVector        000000018002aa20 f   dsogi_pll_3ph_sfun_registry.obj
 0001:00029a90       ssGetZcSignalName          000000018002aa90 f   dsogi_pll_3ph_sfun_registry.obj
 0001:00029b00       ssGetZcSignalWidth         000000018002ab00 f   dsogi_pll_3ph_sfun_registry.obj
 0001:00029b70       ssGetZcSignalZcEventType   000000018002ab70 f   dsogi_pll_3ph_sfun_registry.obj
 0001:00029be0       ssGetZcSignalZcEvents      000000018002abe0 f   dsogi_pll_3ph_sfun_registry.obj
 0001:00029c50       ssGetZcSignalType          000000018002ac50 f   dsogi_pll_3ph_sfun_registry.obj
 0001:00029cc0       ssGetZcSignalZcTol         000000018002acc0 f   dsogi_pll_3ph_sfun_registry.obj
 0001:00029d40       ssGetZcSignalNeedsEventNotification 000000018002ad40 f   dsogi_pll_3ph_sfun_registry.obj
 0001:00029db0       ssGetZcSignalIsZcElementDisc 000000018002adb0 f   dsogi_pll_3ph_sfun_registry.obj
 0001:00029e50       ssGetIsInputPortElementContinuous 000000018002ae50 f   dsogi_pll_3ph_sfun_registry.obj
 0001:00029ef0       _ssGetAbsTol               000000018002aef0 f   dsogi_pll_3ph_sfun_registry.obj
 0001:00029f60       _ssSetStateAbsTol          000000018002af60 f   dsogi_pll_3ph_sfun_registry.obj
 0001:0002a040       _ssSetInputPortReusableFcn 000000018002b040 f   dsogi_pll_3ph_sfun_registry.obj
 0001:0002a140       _ssSetOutputPortReusableFcn 000000018002b140 f   dsogi_pll_3ph_sfun_registry.obj
 0001:0002a240       _ssSetSymbolicDimsSupport  000000018002b240 f   dsogi_pll_3ph_sfun_registry.obj
 0001:0002a2b0       _ssRegisterSymbolicDimsExpr 000000018002b2b0 f   dsogi_pll_3ph_sfun_registry.obj
 0001:0002a330       _ssRegisterSymbolicDimsMATLABExpr 000000018002b330 f   dsogi_pll_3ph_sfun_registry.obj
 0001:0002a3c0       _ssRegisterSymbolicDims    000000018002b3c0 f   dsogi_pll_3ph_sfun_registry.obj
 0001:0002a460       _ssRegisterSymbolicDimsString 000000018002b460 f   dsogi_pll_3ph_sfun_registry.obj
 0001:0002a4e0       _ssRegisterSymbolicDimsIntValue 000000018002b4e0 f   dsogi_pll_3ph_sfun_registry.obj
 0001:0002a550       _ssRegisterSymbolicEqualRelation 000000018002b550 f   dsogi_pll_3ph_sfun_registry.obj
 0001:0002a5c0       _ssRegisterSymbolicEqualValue 000000018002b5c0 f   dsogi_pll_3ph_sfun_registry.obj
 0001:0002a630       _ssAmendLeadingSymbolicDims 000000018002b630 f   dsogi_pll_3ph_sfun_registry.obj
 0001:0002a6b0       _ssAmendTrailingSymbolicDims 000000018002b6b0 f   dsogi_pll_3ph_sfun_registry.obj
 0001:0002a730       _ssRegisterSymbolicDimsPlus 000000018002b730 f   dsogi_pll_3ph_sfun_registry.obj
 0001:0002a7b0       _ssRegisterSymbolicDimsMinus 000000018002b7b0 f   dsogi_pll_3ph_sfun_registry.obj
 0001:0002a830       _ssRegisterSymbolicDimsMultiply 000000018002b830 f   dsogi_pll_3ph_sfun_registry.obj
 0001:0002a8b0       _ssRegisterSymbolicDimsDivide 000000018002b8b0 f   dsogi_pll_3ph_sfun_registry.obj
 0001:0002a930       _ssGetNumSymbolicDims      000000018002b930 f   dsogi_pll_3ph_sfun_registry.obj
 0001:0002a9a0       _ssGetSymbolicDim          000000018002b9a0 f   dsogi_pll_3ph_sfun_registry.obj
 0001:0002aa20       _ssSetInputPortSymbolicDimsId 000000018002ba20 f   dsogi_pll_3ph_sfun_registry.obj
 0001:0002aa90       _ssGetCompInputPortSymbolicDimsId 000000018002ba90 f   dsogi_pll_3ph_sfun_registry.obj
 0001:0002ab00       _ssSetCompInputPortSymbolicDimsId 000000018002bb00 f   dsogi_pll_3ph_sfun_registry.obj
 0001:0002ab70       _ssSetOutputPortSymbolicDimsId 000000018002bb70 f   dsogi_pll_3ph_sfun_registry.obj
 0001:0002abe0       _ssGetCompOutputPortSymbolicDimsId 000000018002bbe0 f   dsogi_pll_3ph_sfun_registry.obj
 0001:0002ac50       _ssSetCompOutputPortSymbolicDimsId 000000018002bc50 f   dsogi_pll_3ph_sfun_registry.obj
 0001:0002acc0       _ssGetDWorkSymbolicDimsId  000000018002bcc0 f   dsogi_pll_3ph_sfun_registry.obj
 0001:0002ad30       _ssSetDWorkSymbolicDimsId  000000018002bd30 f   dsogi_pll_3ph_sfun_registry.obj
 0001:0002ada0       _ssGetCompDWorkSymbolicDimsId 000000018002bda0 f   dsogi_pll_3ph_sfun_registry.obj
 0001:0002ae10       _ssSetCompDWorkSymbolicDimsId 000000018002be10 f   dsogi_pll_3ph_sfun_registry.obj
 0001:0002ae80       _ssCreateSLCGStringBuffer  000000018002be80 f   dsogi_pll_3ph_sfun_registry.obj
 0001:0002aef0       _ssAddToSLCGStringBuffer   000000018002bef0 f   dsogi_pll_3ph_sfun_registry.obj
 0001:0002af60       _ssGetPointerContainedData 000000018002bf60 f   dsogi_pll_3ph_sfun_registry.obj
 0001:0002aff0       _ssGetPointerContainedDataWidth 000000018002bff0 f   dsogi_pll_3ph_sfun_registry.obj
 0001:0002b080       _ssRegisterDynamicArrayDataTypeFcn 000000018002c080 f   dsogi_pll_3ph_sfun_registry.obj
 0001:0002b120       _ssGetDynamicArrayContainedDataCurrentWidthFcn 000000018002c120 f   dsogi_pll_3ph_sfun_registry.obj
 0001:0002b1f0       _ssGetDynamicArrayContainedDataFcn 000000018002c1f0 f   dsogi_pll_3ph_sfun_registry.obj
 0001:0002b2c0       _ssGetInputPortDynamicArrayDataFcn 000000018002c2c0 f   dsogi_pll_3ph_sfun_registry.obj
 0001:0002b380       _ssGetOutputPortDynamicArrayDataFcn 000000018002c380 f   dsogi_pll_3ph_sfun_registry.obj
 0001:0002b440       _ssGetInputPortDynamicArrayContainedDataFcn 000000018002c440 f   dsogi_pll_3ph_sfun_registry.obj
 0001:0002b500       _ssGetOutputPortDynamicArrayContainedDataFcn 000000018002c500 f   dsogi_pll_3ph_sfun_registry.obj
 0001:0002b5c0       _ssGetDynamicArrayDWorkContainedDataFcn 000000018002c5c0 f   dsogi_pll_3ph_sfun_registry.obj
 0001:0002b680       sf_process_check_sum_call  000000018002c680 f   dsogi_pll_3ph_sfun_registry.obj
 0001:0002b6d0       sf_process_get_third_party_uses_info_call 000000018002c6d0 f   dsogi_pll_3ph_sfun_registry.obj
 0001:0002b900       sf_process_get_jit_fallback_info_call 000000018002c900 f   dsogi_pll_3ph_sfun_registry.obj
 0001:0002bb30       sf_process_get_post_codegen_info_call 000000018002cb30 f   dsogi_pll_3ph_sfun_registry.obj
 0001:0002bd60       sf_process_get_updateBuildInfo_args_info_call 000000018002cd60 f   dsogi_pll_3ph_sfun_registry.obj
 0001:0002bf90       sf_process_get_eml_resolved_functions_info_call 000000018002cf90 f   dsogi_pll_3ph_sfun_registry.obj
 0001:0002c1c0       sf_mex_unlock_call         000000018002d1c0 f   dsogi_pll_3ph_sfun_registry.obj
 0001:0002c3e0       sf_machine_global_initializer_called 000000018002d3e0 f   dsogi_pll_3ph_sfun_registry.obj
 0001:0002c410       sf_machine_global_method_dispatcher 000000018002d410 f   dsogi_pll_3ph_sfun_registry.obj
 0001:0002c470       sf_machine_global_terminator 000000018002d470 f   dsogi_pll_3ph_sfun_registry.obj
 0001:0002c4a0       sf_register_machine_exported_symbols 000000018002d4a0 f   dsogi_pll_3ph_sfun_registry.obj
 0001:0002c4c0       callCustomFcn              000000018002d4c0 f   dsogi_pll_3ph_sfun_registry.obj
 0001:0002c4d0       sf_machine_global_initializer 000000018002d4d0 f   dsogi_pll_3ph_sfun_registry.obj
 0001:0002c540       mdlGetSimState             000000018002d540 f   dsogi_pll_3ph_sfun_registry.obj
 0001:0002c580       mdlSetSimState             000000018002d580 f   dsogi_pll_3ph_sfun_registry.obj
 0001:0002cef0       ProcessMexSfunctionEveryCall 000000018002def0 f   dsogi_pll_3ph_sfun_registry.obj
 0001:0002e070       __local_stdio_printf_options 000000018002f070 f i dsogi_pll_3ph_sfun_registry.obj
 0001:0002e080       _vsnprintf_l               000000018002f080 f i dsogi_pll_3ph_sfun_registry.obj
 0001:0002e100       _vsprintf_l                000000018002f100 f i dsogi_pll_3ph_sfun_registry.obj
 0001:0002e150       sprintf                    000000018002f150 f i dsogi_pll_3ph_sfun_registry.obj
 0001:0002e1a0       mexfilerequiredapiversion  000000018002f1a0 f   c_mexapi_version.obj
 0001:0002e1d0       getBitfieldFromFloat       000000018002f1d0 f   half_type.obj
 0001:0002e200       getFloatFromBitfield       000000018002f200 f   half_type.obj
 0001:0002e230       getBitfieldFromHalf        000000018002f230 f   half_type.obj
 0001:0002e250       getHalfFromBitfield        000000018002f250 f   half_type.obj
 0001:0002e280       halfToFloat                000000018002f280 f   half_type.obj
 0001:0002e330       halfToDouble               000000018002f330 f   half_type.obj
 0001:0002e360       floatToHalf                000000018002f360 f   half_type.obj
 0001:0002e5c0       doubleToHalf               000000018002f5c0 f   half_type.obj
 0001:0002e8ac       sf_load_rtw_optimization_info 000000018002f8ac f   sf_runtime:sf_runtime.dll
 0001:0002e8b2       sf_mex_decode              000000018002f8b2 f   sf_runtime:sf_runtime.dll
 0001:0002e8b8       sf_init_ChartRunTimeInfo   000000018002f8b8 f   sf_runtime:sf_runtime.dll
 0001:0002e8be       sf_free_ChartRunTimeInfo   000000018002f8be f   sf_runtime:sf_runtime.dll
 0001:0002e8c4       sf_reset_warnings_ChartRunTimeInfo 000000018002f8c4 f   sf_runtime:sf_runtime.dll
 0001:0002e8ca       sfrtGetEmlrtCtx            000000018002f8ca f   sf_runtime:sf_runtime.dll
 0001:0002e8d0       sfrtGetCovrtInstance       000000018002f8d0 f   sf_runtime:sf_runtime.dll
 0001:0002e8d6       sf_get_chart_instance_ptr  000000018002f8d6 f   sf_runtime:sf_runtime.dll
 0001:0002e8dc       sim_mode_is_rtw_gen        000000018002f8dc f   sf_runtime:sf_runtime.dll
 0001:0002e8e2       sim_mode_is_external       000000018002f8e2 f   sf_runtime:sf_runtime.dll
 0001:0002e8e8       sf_clear_rtw_identifier    000000018002f8e8 f   sf_runtime:sf_runtime.dll
 0001:0002e8ee       sf_get_time                000000018002f8ee f   sf_runtime:sf_runtime.dll
 0001:0002e8f4       sfDoAnimationWrapper       000000018002f8f4 f   sf_runtime:sf_runtime.dll
 0001:0002e8fa       setDataBrowseFcn           000000018002f8fa f   sf_runtime:sf_runtime.dll
 0001:0002e900       setDebuggerFlag            000000018002f900 f   sf_runtime:sf_runtime.dll
 0001:0002e906       sf_warn_if_symbolic_dimension_param_changed 000000018002f906 f   sf_runtime:sf_runtime.dll
 0001:0002e90c       sf_set_work_widths         000000018002f90c f   sf_runtime:sf_runtime.dll
 0001:0002e912       sfListenerCacheSimStruct   000000018002f912 f   sf_runtime:sf_runtime.dll
 0001:0002e918       sfListenerLightTerminate   000000018002f918 f   sf_runtime:sf_runtime.dll
 0001:0002e91e       sfListenerInitializeRuntimeVars 000000018002f91e f   sf_runtime:sf_runtime.dll
 0001:0002e924       sf_mex_error_message       000000018002f924 f   sf_runtime:sf_runtime.dll
 0001:0002e92a       sf_mex_create              000000018002f92a f   sf_runtime:sf_runtime.dll
 0001:0002e930       sf_mex_createcellmatrix    000000018002f930 f   sf_runtime:sf_runtime.dll
 0001:0002e936       sf_mex_setcell             000000018002f936 f   sf_runtime:sf_runtime.dll
 0001:0002e93c       sf_mex_getcell             000000018002f93c f   sf_runtime:sf_runtime.dll
 0001:0002e942       sf_mex_assign              000000018002f942 f   sf_runtime:sf_runtime.dll
 0001:0002e948       sf_mex_dup                 000000018002f948 f   sf_runtime:sf_runtime.dll
 0001:0002e94e       sf_mex_destroy             000000018002f94e f   sf_runtime:sf_runtime.dll
 0001:0002e954       sf_mex_import              000000018002f954 f   sf_runtime:sf_runtime.dll
 0001:0002e95a       ssGetInputPortSignal_wrapper 000000018002f95a f   sf_runtime:sf_runtime.dll
 0001:0002e960       ssGetOutputPortSignal_wrapper 000000018002f960 f   sf_runtime:sf_runtime.dll
 0001:0002e966       sf_mex_printf              000000018002f966 f   sf_runtime:sf_runtime.dll
 0001:0002e96c       sf_mex_call                000000018002f96c f   sf_runtime:sf_runtime.dll
 0001:0002e972       sf_get_ChartInfoStruct_CodeGen 000000018002f972 f   sf_runtime:sf_runtime.dll
 0001:0002e978       sf_get_hasSeparateUpdateOutputs 000000018002f978 f   sf_runtime:sf_runtime.dll
 0001:0002e97e       callMdlMethodAndReportError 000000018002f97e f   sf_runtime:sf_runtime.dll
 0001:0002e984       call_sf_machine_global_method_dispatcher 000000018002f984 f   sf_runtime:sf_runtime.dll
 0001:0002e98a       getRuntimeInstanceInfoAsVoid 000000018002f98a f   sf_runtime:sf_runtime.dll
 0001:0002e990       sf_mex_error_direct_call   000000018002f990 f   sf_runtime:sf_runtime.dll
 0001:0002e996       sf_clear_error_manager_info 000000018002f996 f   sf_runtime:sf_runtime.dll
 0001:0002e99c       mxIsChar_800               000000018002f99c f   libmx:libmx.dll
 0001:0002e9a2       mxGetScalar_800            000000018002f9a2 f   libmx:libmx.dll
 0001:0002e9a8       mxGetPr_800                000000018002f9a8 f   libmx:libmx.dll
 0001:0002e9ae       mxDestroyArray_800         000000018002f9ae f   libmx:libmx.dll
 0001:0002e9b4       mxCreateDoubleMatrix_800   000000018002f9b4 f   libmx:libmx.dll
 0001:0002e9ba       mxGetString_800            000000018002f9ba f   libmx:libmx.dll
 0001:0002e9c0       mxDuplicateArray_800       000000018002f9c0 f   libmx:libmx.dll
 0001:0002e9c6       mxSetField_800             000000018002f9c6 f   libmx:libmx.dll
 0001:0002e9cc       mxCreateString_800         000000018002f9cc f   libmx:libmx.dll
 0001:0002e9d2       mxCreateCellMatrix_800     000000018002f9d2 f   libmx:libmx.dll
 0001:0002e9d8       mxCreateStructMatrix_800   000000018002f9d8 f   libmx:libmx.dll
 0001:0002e9de       mxGetInf_800               000000018002f9de f   libmx:libmx.dll
 0001:0002e9e4       mxCalloc_800               000000018002f9e4 f   libmx:libmx.dll
 0001:0002e9ea       mxGetM_800                 000000018002f9ea f   libmx:libmx.dll
 0001:0002e9f0       mxGetClassID_800           000000018002f9f0 f   libmx:libmx.dll
 0001:0002e9f6       mxIsNumeric_800            000000018002f9f6 f   libmx:libmx.dll
 0001:0002e9fc       mxIsComplex_800            000000018002f9fc f   libmx:libmx.dll
 0001:0002ea02       mxGetN_800                 000000018002fa02 f   libmx:libmx.dll
 0001:0002ea08       mxCreateDoubleScalar_800   000000018002fa08 f   libmx:libmx.dll
 0001:0002ea0e       mexMakeArrayPersistent_800 000000018002fa0e f   libmex:libmex.dll
 0001:0002ea14       mexErrMsgTxt_800           000000018002fa14 f   libmex:libmex.dll
 0001:0002ea1a       mexWarnMsgTxt_800          000000018002fa1a f   libmex:libmex.dll
 0001:0002ea20       mexCallMATLAB_800          000000018002fa20 f   libmex:libmex.dll
 0001:0002ea26       mexLock_800                000000018002fa26 f   libmex:libmex.dll
 0001:0002ea2c       mexUnlock_800              000000018002fa2c f   libmex:libmex.dll
 0001:0002ea32       mexIsLocked_800            000000018002fa32 f   libmex:libmex.dll
 0001:0002ea38       utMalloc                   000000018002fa38 f   libut:libut.dll
 0001:0002ea3e       utFree                     000000018002fa3e f   libut:libut.dll
 0001:0002ea44       muDoubleScalarFloor        000000018002fa44 f   libmwmathutil:libmwmathutil.dll
 0001:0002ea4a       muDoubleScalarIsNaN        000000018002fa4a f   libmwmathutil:libmwmathutil.dll
 0001:0002ea50       muDoubleScalarIsInf        000000018002fa50 f   libmwmathutil:libmwmathutil.dll
 0001:0002ea56       emlrtLocationLoggingPushLog 000000018002fa56 f   libemlrt:libemlrt.dll
 0001:0002ea5c       emlrtLocationLoggingClearLog 000000018002fa5c f   libemlrt:libemlrt.dll
 0001:0002ea62       addResultsToFPTRepository  000000018002fa62 f   libemlrt:libemlrt.dll
 0001:0002ea68       covrtCreateStateflowInstanceData 000000018002fa68 f   libcovrt:libcovrt.dll
 0001:0002ea6e       covrtDeleteStateflowInstanceData 000000018002fa6e f   libcovrt:libcovrt.dll
 0001:0002ea74       covrtTransInitFcn          000000018002fa74 f   libcovrt:libcovrt.dll
 0001:0002ea7a       covrtStateInitFcn          000000018002fa7a f   libcovrt:libcovrt.dll
 0001:0002ea80       covrtChartInitFcn          000000018002fa80 f   libcovrt:libcovrt.dll
 0001:0002ea86       covrtSigUpdateFcn          000000018002fa86 f   libcovrt:libcovrt.dll
 0001:0002ea8c       covrtEmlInitFcn            000000018002fa8c f   libcovrt:libcovrt.dll
 0001:0002ea92       covrtEmlFcnInitFcn         000000018002fa92 f   libcovrt:libcovrt.dll
 0001:0002ea98       covrtEmlFcnEval            000000018002fa98 f   libcovrt:libcovrt.dll
 0001:0002ea9e       covrtRelationalopUpdateFcn 000000018002fa9e f   libcovrt:libcovrt.dll
 0001:0002eaa4       covrtEmlIfInitFcn          000000018002faa4 f   libcovrt:libcovrt.dll
 0001:0002eaaa       covrtEmlMCDCInitFcn        000000018002faaa f   libcovrt:libcovrt.dll
 0001:0002eab0       covrtEmlRelationalInitFcn  000000018002fab0 f   libcovrt:libcovrt.dll
 0001:0002eab6       covrtEmlIfEval             000000018002fab6 f   libcovrt:libcovrt.dll
 0001:0002eabc       covrtEmlCondEval           000000018002fabc f   libcovrt:libcovrt.dll
 0001:0002eac2       covrtEmlMcdcEval           000000018002fac2 f   libcovrt:libcovrt.dll
 0001:0002eac8       __raise_securityfailure    000000018002fac8 f   MSVCRT:gs_report.obj
 0001:0002eafc       __report_gsfailure         000000018002fafc f   MSVCRT:gs_report.obj
 0001:0002ebd0       __report_rangecheckfailure 000000018002fbd0 f   MSVCRT:gs_report.obj
 0001:0002ebe4       __report_securityfailure   000000018002fbe4 f   MSVCRT:gs_report.obj
 0001:0002ec80       __report_securityfailureEx 000000018002fc80 f   MSVCRT:gs_report.obj
 0001:0002ee74       __GSHandlerCheck           000000018002fe74 f   MSVCRT:gshandler.obj
 0001:0002ee94       __GSHandlerCheckCommon     000000018002fe94 f   MSVCRT:gshandler.obj
 0001:0002ef00       __security_check_cookie    000000018002ff00 f   MSVCRT:amdsecgs.obj
 0001:0002f25c       _CRT_INIT                  000000018003025c f   MSVCRT:dll_dllmain.obj
 0001:0002f264       _DllMainCRTStartup         0000000180030264 f   MSVCRT:dll_dllmain.obj
 0001:0002f310       __security_init_cookie     0000000180030310 f   MSVCRT:gs_support.obj
 0001:0002f3bc       DllMain                    00000001800303bc f   MSVCRT:dll_dllmain_stub.obj
 0001:0002f3e0       ?__scrt_initialize_type_info@@YAXXZ 00000001800303e0 f   MSVCRT:tncleanup.obj
 0001:0002f3f0       ?__scrt_uninitialize_type_info@@YAXXZ 00000001800303f0 f   MSVCRT:tncleanup.obj
 0001:0002f3fc       __local_stdio_scanf_options 00000001800303fc f i MSVCRT:default_local_stdio_options.obj
 0001:0002f404       __scrt_initialize_default_local_stdio_options 0000000180030404 f   MSVCRT:default_local_stdio_options.obj
 0001:0002f420       ?configure_argv@__scrt_narrow_argv_policy@@SAHXZ 0000000180030420 f i MSVCRT:utility.obj
 0001:0002f480       ?initialize_environment@__scrt_narrow_environment_policy@@SAHXZ 0000000180030480 f i MSVCRT:utility.obj
 0001:0002f4b8       NtCurrentTeb               00000001800304b8 f i MSVCRT:utility.obj
 0001:0002f4c4       __scrt_acquire_startup_lock 00000001800304c4 f   MSVCRT:utility.obj
 0001:0002f500       __scrt_dllmain_after_initialize_c 0000000180030500 f   MSVCRT:utility.obj
 0001:0002f534       __scrt_dllmain_before_initialize_c 0000000180030534 f   MSVCRT:utility.obj
 0001:0002f54c       __scrt_dllmain_crt_thread_attach 000000018003054c f   MSVCRT:utility.obj
 0001:0002f574       __scrt_dllmain_crt_thread_detach 0000000180030574 f   MSVCRT:utility.obj
 0001:0002f58c       __scrt_dllmain_exception_filter 000000018003058c f   MSVCRT:utility.obj
 0001:0002f5ec       __scrt_dllmain_uninitialize_c 00000001800305ec f   MSVCRT:utility.obj
 0001:0002f61c       __scrt_dllmain_uninitialize_critical 000000018003061c f   MSVCRT:utility.obj
 0001:0002f630       __scrt_initialize_crt      0000000180030630 f   MSVCRT:utility.obj
 0001:0002f67c       __scrt_initialize_onexit_tables 000000018003067c f   MSVCRT:utility.obj
 0001:0002f708       __scrt_is_nonwritable_in_current_image 0000000180030708 f   MSVCRT:utility.obj
 0001:0002f7a0       __scrt_release_startup_lock 00000001800307a0 f   MSVCRT:utility.obj
 0001:0002f7c4       __scrt_uninitialize_crt    00000001800307c4 f   MSVCRT:utility.obj
 0001:0002f7f0       _onexit                    00000001800307f0 f   MSVCRT:utility.obj
 0001:0002f82c       at_quick_exit              000000018003082c f   MSVCRT:utility.obj
 0001:0002f84c       atexit                     000000018003084c f   MSVCRT:utility.obj
 0001:0002f864       __scrt_get_dyn_tls_init_callback 0000000180030864 f   MSVCRT:dyn_tls_init.obj
 0001:0002f86c       __crt_debugger_hook        000000018003086c f   MSVCRT:utility_desktop.obj
 0001:0002f874       __scrt_fastfail            0000000180030874 f   MSVCRT:utility_desktop.obj
 0001:0002f9c0       __scrt_get_show_window_mode 00000001800309c0 f   MSVCRT:utility_desktop.obj
 0001:0002f9fc       __scrt_initialize_mta      00000001800309fc f   MSVCRT:utility_desktop.obj
 0001:0002fa04       __scrt_initialize_winrt    0000000180030a04 f   MSVCRT:utility_desktop.obj
 0001:0002fa08       __scrt_is_managed_app      0000000180030a08 f   MSVCRT:utility_desktop.obj
 0001:0002fa5c       __scrt_set_unhandled_exception_filter 0000000180030a5c f   MSVCRT:utility_desktop.obj
 0001:0002fa6c       __scrt_exe_initialize_mta  0000000180030a6c f   MSVCRT:utility_desktop.obj
 0001:0002fa6c       __scrt_stub_for_initialize_mta 0000000180030a6c f   MSVCRT:utility_desktop.obj
 0001:0002fa70       __scrt_unhandled_exception_filter 0000000180030a70 f   MSVCRT:utility_desktop.obj
 0001:0002facc       _RTC_Initialize            0000000180030acc f   MSVCRT:initsect.obj
 0001:0002fb08       _RTC_Terminate             0000000180030b08 f   MSVCRT:initsect.obj
 0001:0002fb44       _guard_check_icall_nop     0000000180030b44 f i MSVCRT:guard_support.obj
 0001:0002fb48       ReadNoFence64              0000000180030b48 f i MSVCRT:guard_support.obj
 0001:0002fb4c       ReadPointerNoFence         0000000180030b4c f i MSVCRT:guard_support.obj
 0001:0002fb50       __castguard_check_failure_debugbreak 0000000180030b50 f i MSVCRT:guard_support.obj
 0001:0002fb6c       __castguard_check_failure_fastfail 0000000180030b6c f i MSVCRT:guard_support.obj
 0001:0002fb90       __castguard_check_failure_nop 0000000180030b90 f i MSVCRT:guard_support.obj
 0001:0002fb94       __castguard_check_failure_os_handled 0000000180030b94 f i MSVCRT:guard_support.obj
 0001:0002fbf0       __castguard_check_failure_user_handled 0000000180030bf0 f i MSVCRT:guard_support.obj
 0001:0002fc64       __castguard_set_user_handler 0000000180030c64 f i MSVCRT:guard_support.obj
 0001:0002fc70       __castguard_slow_path_check_debugbreak 0000000180030c70 f i MSVCRT:guard_support.obj
 0001:0002fca4       __castguard_slow_path_check_fastfail 0000000180030ca4 f i MSVCRT:guard_support.obj
 0001:0002fce0       __castguard_slow_path_check_nop 0000000180030ce0 f i MSVCRT:guard_support.obj
 0001:0002fce4       __castguard_slow_path_check_os_handled 0000000180030ce4 f i MSVCRT:guard_support.obj
 0001:0002fd38       __castguard_slow_path_check_user_handled 0000000180030d38 f i MSVCRT:guard_support.obj
 0001:0002fda4       _guard_icall_checks_enforced 0000000180030da4 f i MSVCRT:guard_support.obj
 0001:0002fdbc       _guard_rf_checks_enforced  0000000180030dbc f i MSVCRT:guard_support.obj
 0001:0002fdc0       __isa_available_init       0000000180030dc0 f   MSVCRT:cpu_disp.obj
 0001:0002ff6c       _get_startup_argv_mode     0000000180030f6c f   MSVCRT:argv_mode.obj
 0001:0002ff74       __scrt_is_ucrt_dll_in_use  0000000180030f74 f   MSVCRT:ucrt_detection.obj
 0001:0002ff80       RtlCaptureContext          0000000180030f80 f   kernel32:KERNEL32.dll
 0001:0002ff86       RtlLookupFunctionEntry     0000000180030f86 f   kernel32:KERNEL32.dll
 0001:0002ff8c       RtlVirtualUnwind           0000000180030f8c f   kernel32:KERNEL32.dll
 0001:0002ff92       UnhandledExceptionFilter   0000000180030f92 f   kernel32:KERNEL32.dll
 0001:0002ff98       SetUnhandledExceptionFilter 0000000180030f98 f   kernel32:KERNEL32.dll
 0001:0002ff9e       GetCurrentProcess          0000000180030f9e f   kernel32:KERNEL32.dll
 0001:0002ffa4       TerminateProcess           0000000180030fa4 f   kernel32:KERNEL32.dll
 0001:0002ffaa       IsProcessorFeaturePresent  0000000180030faa f   kernel32:KERNEL32.dll
 0001:0002ffb0       QueryPerformanceCounter    0000000180030fb0 f   kernel32:KERNEL32.dll
 0001:0002ffb6       GetCurrentProcessId        0000000180030fb6 f   kernel32:KERNEL32.dll
 0001:0002ffbc       GetCurrentThreadId         0000000180030fbc f   kernel32:KERNEL32.dll
 0001:0002ffc2       GetSystemTimeAsFileTime    0000000180030fc2 f   kernel32:KERNEL32.dll
 0001:0002ffc8       DisableThreadLibraryCalls  0000000180030fc8 f   kernel32:KERNEL32.dll
 0001:0002ffce       InitializeSListHead        0000000180030fce f   kernel32:KERNEL32.dll
 0001:0002ffd4       IsDebuggerPresent          0000000180030fd4 f   kernel32:KERNEL32.dll
 0001:0002ffda       GetStartupInfoW            0000000180030fda f   kernel32:KERNEL32.dll
 0001:0002ffe0       GetModuleHandleW           0000000180030fe0 f   kernel32:KERNEL32.dll
 0001:0002ffe6       memset                     0000000180030fe6 f   vcruntime:VCRUNTIME140.dll
 0001:0002ffec       memcpy                     0000000180030fec f   vcruntime:VCRUNTIME140.dll
 0001:0002fff2       __C_specific_handler       0000000180030ff2 f   vcruntime:VCRUNTIME140.dll
 0001:0002fff8       __std_type_info_destroy_list 0000000180030ff8 f   vcruntime:VCRUNTIME140.dll
 0001:0002fffe       __current_exception        0000000180030ffe f   vcruntime:VCRUNTIME140.dll
 0001:00030004       __current_exception_context 0000000180031004 f   vcruntime:VCRUNTIME140.dll
 0001:0003000a       strcmp                     000000018003100a f   ucrt:api-ms-win-crt-string-l1-1-0.dll
 0001:00030010       strcat                     0000000180031010 f   ucrt:api-ms-win-crt-string-l1-1-0.dll
 0001:00030016       frexp                      0000000180031016 f   ucrt:api-ms-win-crt-math-l1-1-0.dll
 0001:0003001c       __stdio_common_vsprintf    000000018003101c f   ucrt:api-ms-win-crt-stdio-l1-1-0.dll
 0001:00030022       free                       0000000180031022 f   ucrt:api-ms-win-crt-heap-l1-1-0.dll
 0001:00030028       malloc                     0000000180031028 f   ucrt:api-ms-win-crt-heap-l1-1-0.dll
 0001:0003002e       strlen                     000000018003102e f   ucrt:api-ms-win-crt-string-l1-1-0.dll
 0001:00030034       _initterm                  0000000180031034 f   ucrt:api-ms-win-crt-runtime-l1-1-0.dll
 0001:0003003a       _initterm_e                000000018003103a f   ucrt:api-ms-win-crt-runtime-l1-1-0.dll
 0001:00030040       _seh_filter_dll            0000000180031040 f   ucrt:api-ms-win-crt-runtime-l1-1-0.dll
 0001:00030046       _configure_narrow_argv     0000000180031046 f   ucrt:api-ms-win-crt-runtime-l1-1-0.dll
 0001:0003004c       _initialize_narrow_environment 000000018003104c f   ucrt:api-ms-win-crt-runtime-l1-1-0.dll
 0001:00030052       _initialize_onexit_table   0000000180031052 f   ucrt:api-ms-win-crt-runtime-l1-1-0.dll
 0001:00030058       _register_onexit_function  0000000180031058 f   ucrt:api-ms-win-crt-runtime-l1-1-0.dll
 0001:0003005e       _execute_onexit_table      000000018003105e f   ucrt:api-ms-win-crt-runtime-l1-1-0.dll
 0001:00030064       _crt_atexit                0000000180031064 f   ucrt:api-ms-win-crt-runtime-l1-1-0.dll
 0001:0003006a       _crt_at_quick_exit         000000018003106a f   ucrt:api-ms-win-crt-runtime-l1-1-0.dll
 0001:00030070       _cexit                     0000000180031070 f   ucrt:api-ms-win-crt-runtime-l1-1-0.dll
 0001:00030076       terminate                  0000000180031076 f   ucrt:api-ms-win-crt-runtime-l1-1-0.dll
 0001:0003007c       __acrt_initialize          000000018003107c f   MSVCRT:ucrt_stubs.obj
 0001:0003007c       __scrt_stub_for_acrt_initialize 000000018003107c f   MSVCRT:ucrt_stubs.obj
 0001:0003007c       __vcrt_initialize          000000018003107c f   MSVCRT:ucrt_stubs.obj
 0001:00030080       __acrt_thread_attach       0000000180031080 f   MSVCRT:ucrt_stubs.obj
 0001:00030080       __scrt_stub_for_acrt_thread_attach 0000000180031080 f   MSVCRT:ucrt_stubs.obj
 0001:00030080       __vcrt_thread_attach       0000000180031080 f   MSVCRT:ucrt_stubs.obj
 0001:00030084       __acrt_thread_detach       0000000180031084 f   MSVCRT:ucrt_stubs.obj
 0001:00030084       __scrt_stub_for_acrt_thread_detach 0000000180031084 f   MSVCRT:ucrt_stubs.obj
 0001:00030084       __vcrt_thread_detach       0000000180031084 f   MSVCRT:ucrt_stubs.obj
 0001:00030088       __acrt_uninitialize        0000000180031088 f   MSVCRT:ucrt_stubs.obj
 0001:00030088       __scrt_stub_for_acrt_uninitialize 0000000180031088 f   MSVCRT:ucrt_stubs.obj
 0001:00030088       __vcrt_uninitialize        0000000180031088 f   MSVCRT:ucrt_stubs.obj
 0001:0003008c       __acrt_uninitialize_critical 000000018003108c f   MSVCRT:ucrt_stubs.obj
 0001:0003008c       __scrt_stub_for_acrt_uninitialize_critical 000000018003108c f   MSVCRT:ucrt_stubs.obj
 0001:0003008c       __vcrt_uninitialize_critical 000000018003108c f   MSVCRT:ucrt_stubs.obj
 0001:00030090       __scrt_stub_for_is_c_termination_complete 0000000180031090 f   MSVCRT:ucrt_stubs.obj
 0001:00030090       _is_c_termination_complete 0000000180031090 f   MSVCRT:ucrt_stubs.obj
 0001:000300b0       _guard_dispatch_icall_nop  00000001800310b0 f   MSVCRT:guard_dispatch.obj
 0001:000300d0       _guard_xfg_dispatch_icall_nop 00000001800310d0 f   MSVCRT:guard_xfg_dispatch.obj
 0002:00000000       __imp_QueryPerformanceCounter 0000000180032000     kernel32:KERNEL32.dll
 0002:00000008       __imp_IsProcessorFeaturePresent 0000000180032008     kernel32:KERNEL32.dll
 0002:00000010       __imp_RtlCaptureContext    0000000180032010     kernel32:KERNEL32.dll
 0002:00000018       __imp_GetCurrentProcessId  0000000180032018     kernel32:KERNEL32.dll
 0002:00000020       __imp_RtlLookupFunctionEntry 0000000180032020     kernel32:KERNEL32.dll
 0002:00000028       __imp_GetCurrentThreadId   0000000180032028     kernel32:KERNEL32.dll
 0002:00000030       __imp_GetSystemTimeAsFileTime 0000000180032030     kernel32:KERNEL32.dll
 0002:00000038       __imp_DisableThreadLibraryCalls 0000000180032038     kernel32:KERNEL32.dll
 0002:00000040       __imp_InitializeSListHead  0000000180032040     kernel32:KERNEL32.dll
 0002:00000048       __imp_IsDebuggerPresent    0000000180032048     kernel32:KERNEL32.dll
 0002:00000050       __imp_GetStartupInfoW      0000000180032050     kernel32:KERNEL32.dll
 0002:00000058       __imp_GetModuleHandleW     0000000180032058     kernel32:KERNEL32.dll
 0002:00000060       __imp_GetCurrentProcess    0000000180032060     kernel32:KERNEL32.dll
 0002:00000068       __imp_SetUnhandledExceptionFilter 0000000180032068     kernel32:KERNEL32.dll
 0002:00000070       __imp_TerminateProcess     0000000180032070     kernel32:KERNEL32.dll
 0002:00000078       __imp_UnhandledExceptionFilter 0000000180032078     kernel32:KERNEL32.dll
 0002:00000080       __imp_RtlVirtualUnwind     0000000180032080     kernel32:KERNEL32.dll
 0002:00000088       \177KERNEL32_NULL_THUNK_DATA 0000000180032088     kernel32:KERNEL32.dll
 0002:00000090       __imp___current_exception  0000000180032090     vcruntime:VCRUNTIME140.dll
 0002:00000098       __imp___current_exception_context 0000000180032098     vcruntime:VCRUNTIME140.dll
 0002:000000a0       __imp___std_type_info_destroy_list 00000001800320a0     vcruntime:VCRUNTIME140.dll
 0002:000000a8       __imp_memset               00000001800320a8     vcruntime:VCRUNTIME140.dll
 0002:000000b0       __imp_memcpy               00000001800320b0     vcruntime:VCRUNTIME140.dll
 0002:000000b8       __imp___C_specific_handler 00000001800320b8     vcruntime:VCRUNTIME140.dll
 0002:000000c0       \177VCRUNTIME140_NULL_THUNK_DATA 00000001800320c0     vcruntime:VCRUNTIME140.dll
 0002:000000c8       __imp_free                 00000001800320c8     ucrt:api-ms-win-crt-heap-l1-1-0.dll
 0002:000000d0       __imp_malloc               00000001800320d0     ucrt:api-ms-win-crt-heap-l1-1-0.dll
 0002:000000d8       \177api-ms-win-crt-heap-l1-1-0_NULL_THUNK_DATA 00000001800320d8     ucrt:api-ms-win-crt-heap-l1-1-0.dll
 0002:000000e0       __imp_frexp                00000001800320e0     ucrt:api-ms-win-crt-math-l1-1-0.dll
 0002:000000e8       \177api-ms-win-crt-math-l1-1-0_NULL_THUNK_DATA 00000001800320e8     ucrt:api-ms-win-crt-math-l1-1-0.dll
 0002:000000f0       __imp__configure_narrow_argv 00000001800320f0     ucrt:api-ms-win-crt-runtime-l1-1-0.dll
 0002:000000f8       __imp__seh_filter_dll      00000001800320f8     ucrt:api-ms-win-crt-runtime-l1-1-0.dll
 0002:00000100       __imp__initialize_onexit_table 0000000180032100     ucrt:api-ms-win-crt-runtime-l1-1-0.dll
 0002:00000108       __imp__register_onexit_function 0000000180032108     ucrt:api-ms-win-crt-runtime-l1-1-0.dll
 0002:00000110       __imp__execute_onexit_table 0000000180032110     ucrt:api-ms-win-crt-runtime-l1-1-0.dll
 0002:00000118       __imp__crt_atexit          0000000180032118     ucrt:api-ms-win-crt-runtime-l1-1-0.dll
 0002:00000120       __imp__crt_at_quick_exit   0000000180032120     ucrt:api-ms-win-crt-runtime-l1-1-0.dll
 0002:00000128       __imp__cexit               0000000180032128     ucrt:api-ms-win-crt-runtime-l1-1-0.dll
 0002:00000130       __imp_terminate            0000000180032130     ucrt:api-ms-win-crt-runtime-l1-1-0.dll
 0002:00000138       __imp__initialize_narrow_environment 0000000180032138     ucrt:api-ms-win-crt-runtime-l1-1-0.dll
 0002:00000140       __imp__initterm_e          0000000180032140     ucrt:api-ms-win-crt-runtime-l1-1-0.dll
 0002:00000148       __imp__initterm            0000000180032148     ucrt:api-ms-win-crt-runtime-l1-1-0.dll
 0002:00000150       \177api-ms-win-crt-runtime-l1-1-0_NULL_THUNK_DATA 0000000180032150     ucrt:api-ms-win-crt-runtime-l1-1-0.dll
 0002:00000158       __imp___stdio_common_vsprintf 0000000180032158     ucrt:api-ms-win-crt-stdio-l1-1-0.dll
 0002:00000160       \177api-ms-win-crt-stdio-l1-1-0_NULL_THUNK_DATA 0000000180032160     ucrt:api-ms-win-crt-stdio-l1-1-0.dll
 0002:00000168       __imp_strlen               0000000180032168     ucrt:api-ms-win-crt-string-l1-1-0.dll
 0002:00000170       __imp_strcat               0000000180032170     ucrt:api-ms-win-crt-string-l1-1-0.dll
 0002:00000178       __imp_strcmp               0000000180032178     ucrt:api-ms-win-crt-string-l1-1-0.dll
 0002:00000180       \177api-ms-win-crt-string-l1-1-0_NULL_THUNK_DATA 0000000180032180     ucrt:api-ms-win-crt-string-l1-1-0.dll
 0002:00000188       __imp_covrtDeleteStateflowInstanceData 0000000180032188     libcovrt:libcovrt.dll
 0002:00000190       __imp_covrtEmlMcdcEval     0000000180032190     libcovrt:libcovrt.dll
 0002:00000198       __imp_covrtEmlCondEval     0000000180032198     libcovrt:libcovrt.dll
 0002:000001a0       __imp_covrtEmlIfEval       00000001800321a0     libcovrt:libcovrt.dll
 0002:000001a8       __imp_covrtEmlRelationalInitFcn 00000001800321a8     libcovrt:libcovrt.dll
 0002:000001b0       __imp_covrtEmlMCDCInitFcn  00000001800321b0     libcovrt:libcovrt.dll
 0002:000001b8       __imp_covrtEmlIfInitFcn    00000001800321b8     libcovrt:libcovrt.dll
 0002:000001c0       __imp_covrtRelationalopUpdateFcn 00000001800321c0     libcovrt:libcovrt.dll
 0002:000001c8       __imp_covrtEmlFcnEval      00000001800321c8     libcovrt:libcovrt.dll
 0002:000001d0       __imp_covrtEmlFcnInitFcn   00000001800321d0     libcovrt:libcovrt.dll
 0002:000001d8       __imp_covrtEmlInitFcn      00000001800321d8     libcovrt:libcovrt.dll
 0002:000001e0       __imp_covrtSigUpdateFcn    00000001800321e0     libcovrt:libcovrt.dll
 0002:000001e8       __imp_covrtTransInitFcn    00000001800321e8     libcovrt:libcovrt.dll
 0002:000001f0       __imp_covrtCreateStateflowInstanceData 00000001800321f0     libcovrt:libcovrt.dll
 0002:000001f8       __imp_covrtStateInitFcn    00000001800321f8     libcovrt:libcovrt.dll
 0002:00000200       __imp_covrtChartInitFcn    0000000180032200     libcovrt:libcovrt.dll
 0002:00000208       \177libcovrt_NULL_THUNK_DATA 0000000180032208     libcovrt:libcovrt.dll
 0002:00000210       __imp_emlrtLocationLoggingClearLog 0000000180032210     libemlrt:libemlrt.dll
 0002:00000218       __imp_addResultsToFPTRepository 0000000180032218     libemlrt:libemlrt.dll
 0002:00000220       __imp_emlrtLocationLoggingPushLog 0000000180032220     libemlrt:libemlrt.dll
 0002:00000228       \177libemlrt_NULL_THUNK_DATA 0000000180032228     libemlrt:libemlrt.dll
 0002:00000230       __imp_mexMakeArrayPersistent_800 0000000180032230     libmex:libmex.dll
 0002:00000238       __imp_mexIsLocked_800      0000000180032238     libmex:libmex.dll
 0002:00000240       __imp_mexErrMsgTxt_800     0000000180032240     libmex:libmex.dll
 0002:00000248       __imp_mexUnlock_800        0000000180032248     libmex:libmex.dll
 0002:00000250       __imp_mexWarnMsgTxt_800    0000000180032250     libmex:libmex.dll
 0002:00000258       __imp_mexCallMATLAB_800    0000000180032258     libmex:libmex.dll
 0002:00000260       __imp_mexLock_800          0000000180032260     libmex:libmex.dll
 0002:00000268       \177libmex_NULL_THUNK_DATA 0000000180032268     libmex:libmex.dll
 0002:00000270       __imp_muDoubleScalarFloor  0000000180032270     libmwmathutil:libmwmathutil.dll
 0002:00000278       __imp_muDoubleScalarIsNaN  0000000180032278     libmwmathutil:libmwmathutil.dll
 0002:00000280       __imp_muDoubleScalarIsInf  0000000180032280     libmwmathutil:libmwmathutil.dll
 0002:00000288       \177libmwmathutil_NULL_THUNK_DATA 0000000180032288     libmwmathutil:libmwmathutil.dll
 0002:00000290       __imp_mxGetScalar_800      0000000180032290     libmx:libmx.dll
 0002:00000298       __imp_mxGetPr_800          0000000180032298     libmx:libmx.dll
 0002:000002a0       __imp_mxDestroyArray_800   00000001800322a0     libmx:libmx.dll
 0002:000002a8       __imp_mxCreateDoubleMatrix_800 00000001800322a8     libmx:libmx.dll
 0002:000002b0       __imp_mxCreateDoubleScalar_800 00000001800322b0     libmx:libmx.dll
 0002:000002b8       __imp_mxGetN_800           00000001800322b8     libmx:libmx.dll
 0002:000002c0       __imp_mxIsComplex_800      00000001800322c0     libmx:libmx.dll
 0002:000002c8       __imp_mxIsNumeric_800      00000001800322c8     libmx:libmx.dll
 0002:000002d0       __imp_mxGetClassID_800     00000001800322d0     libmx:libmx.dll
 0002:000002d8       __imp_mxGetM_800           00000001800322d8     libmx:libmx.dll
 0002:000002e0       __imp_mxCalloc_800         00000001800322e0     libmx:libmx.dll
 0002:000002e8       __imp_mxGetInf_800         00000001800322e8     libmx:libmx.dll
 0002:000002f0       __imp_mxCreateStructMatrix_800 00000001800322f0     libmx:libmx.dll
 0002:000002f8       __imp_mxCreateCellMatrix_800 00000001800322f8     libmx:libmx.dll
 0002:00000300       __imp_mxCreateString_800   0000000180032300     libmx:libmx.dll
 0002:00000308       __imp_mxSetField_800       0000000180032308     libmx:libmx.dll
 0002:00000310       __imp_mxDuplicateArray_800 0000000180032310     libmx:libmx.dll
 0002:00000318       __imp_mxGetString_800      0000000180032318     libmx:libmx.dll
 0002:00000320       __imp_mxIsChar_800         0000000180032320     libmx:libmx.dll
 0002:00000328       \177libmx_NULL_THUNK_DATA  0000000180032328     libmx:libmx.dll
 0002:00000330       __imp_utFree               0000000180032330     libut:libut.dll
 0002:00000338       __imp_utMalloc             0000000180032338     libut:libut.dll
 0002:00000340       \177libut_NULL_THUNK_DATA  0000000180032340     libut:libut.dll
 0002:00000348       __imp_sf_mex_decode        0000000180032348     sf_runtime:sf_runtime.dll
 0002:00000350       __imp_sf_clear_error_manager_info 0000000180032350     sf_runtime:sf_runtime.dll
 0002:00000358       __imp_sf_mex_error_direct_call 0000000180032358     sf_runtime:sf_runtime.dll
 0002:00000360       __imp_getRuntimeInstanceInfoAsVoid 0000000180032360     sf_runtime:sf_runtime.dll
 0002:00000368       __imp_call_sf_machine_global_method_dispatcher 0000000180032368     sf_runtime:sf_runtime.dll
 0002:00000370       __imp_callMdlMethodAndReportError 0000000180032370     sf_runtime:sf_runtime.dll
 0002:00000378       __imp_sf_get_hasSeparateUpdateOutputs 0000000180032378     sf_runtime:sf_runtime.dll
 0002:00000380       __imp_sf_get_ChartInfoStruct_CodeGen 0000000180032380     sf_runtime:sf_runtime.dll
 0002:00000388       __imp_sf_mex_call          0000000180032388     sf_runtime:sf_runtime.dll
 0002:00000390       __imp_sf_mex_printf        0000000180032390     sf_runtime:sf_runtime.dll
 0002:00000398       __imp_ssGetOutputPortSignal_wrapper 0000000180032398     sf_runtime:sf_runtime.dll
 0002:000003a0       __imp_ssGetInputPortSignal_wrapper 00000001800323a0     sf_runtime:sf_runtime.dll
 0002:000003a8       __imp_sf_mex_import        00000001800323a8     sf_runtime:sf_runtime.dll
 0002:000003b0       __imp_sf_mex_destroy       00000001800323b0     sf_runtime:sf_runtime.dll
 0002:000003b8       __imp_sf_mex_dup           00000001800323b8     sf_runtime:sf_runtime.dll
 0002:000003c0       __imp_sf_mex_assign        00000001800323c0     sf_runtime:sf_runtime.dll
 0002:000003c8       __imp_sf_mex_getcell       00000001800323c8     sf_runtime:sf_runtime.dll
 0002:000003d0       __imp_sf_mex_setcell       00000001800323d0     sf_runtime:sf_runtime.dll
 0002:000003d8       __imp_sf_mex_createcellmatrix 00000001800323d8     sf_runtime:sf_runtime.dll
 0002:000003e0       __imp_sf_mex_create        00000001800323e0     sf_runtime:sf_runtime.dll
 0002:000003e8       __imp_sf_mex_error_message 00000001800323e8     sf_runtime:sf_runtime.dll
 0002:000003f0       __imp_sfListenerInitializeRuntimeVars 00000001800323f0     sf_runtime:sf_runtime.dll
 0002:000003f8       __imp_sfListenerLightTerminate 00000001800323f8     sf_runtime:sf_runtime.dll
 0002:00000400       __imp_sfListenerCacheSimStruct 0000000180032400     sf_runtime:sf_runtime.dll
 0002:00000408       __imp_sf_set_work_widths   0000000180032408     sf_runtime:sf_runtime.dll
 0002:00000410       __imp_sf_warn_if_symbolic_dimension_param_changed 0000000180032410     sf_runtime:sf_runtime.dll
 0002:00000418       __imp_setDebuggerFlag      0000000180032418     sf_runtime:sf_runtime.dll
 0002:00000420       __imp_setDataBrowseFcn     0000000180032420     sf_runtime:sf_runtime.dll
 0002:00000428       __imp_sfDoAnimationWrapper 0000000180032428     sf_runtime:sf_runtime.dll
 0002:00000430       __imp_sf_get_time          0000000180032430     sf_runtime:sf_runtime.dll
 0002:00000438       __imp_sf_clear_rtw_identifier 0000000180032438     sf_runtime:sf_runtime.dll
 0002:00000440       __imp_sim_mode_is_external 0000000180032440     sf_runtime:sf_runtime.dll
 0002:00000448       __imp_sim_mode_is_rtw_gen  0000000180032448     sf_runtime:sf_runtime.dll
 0002:00000450       __imp_sf_get_chart_instance_ptr 0000000180032450     sf_runtime:sf_runtime.dll
 0002:00000458       __imp_sfrtGetCovrtInstance 0000000180032458     sf_runtime:sf_runtime.dll
 0002:00000460       __imp_sfrtGetEmlrtCtx      0000000180032460     sf_runtime:sf_runtime.dll
 0002:00000468       __imp_sf_reset_warnings_ChartRunTimeInfo 0000000180032468     sf_runtime:sf_runtime.dll
 0002:00000470       __imp_sf_free_ChartRunTimeInfo 0000000180032470     sf_runtime:sf_runtime.dll
 0002:00000478       __imp_sf_init_ChartRunTimeInfo 0000000180032478     sf_runtime:sf_runtime.dll
 0002:00000480       __imp_sf_load_rtw_optimization_info 0000000180032480     sf_runtime:sf_runtime.dll
 0002:00000488       \177sf_runtime_NULL_THUNK_DATA 0000000180032488     sf_runtime:sf_runtime.dll
 0002:00000490       __guard_check_icall_fptr   0000000180032490     MSVCRT:guard_support.obj
 0002:00000498       __guard_xfg_check_icall_fptr 0000000180032498     MSVCRT:guard_support.obj
 0002:000004a0       __guard_dispatch_icall_fptr 00000001800324a0     MSVCRT:guard_support.obj
 0002:000004a8       __guard_xfg_dispatch_icall_fptr 00000001800324a8     MSVCRT:guard_support.obj
 0002:000004b0       __guard_xfg_table_dispatch_icall_fptr 00000001800324b0     MSVCRT:guard_support.obj
 0002:000004b8       __castguard_check_failure_os_handled_fptr 00000001800324b8     MSVCRT:guard_support.obj
 0002:000004c0       __guard_memcpy_fptr        00000001800324c0     vcruntime:softmemtag.obj
 0002:000004c8       __xc_a                     00000001800324c8     MSVCRT:initializers.obj
 0002:000004d0       __xc_z                     00000001800324d0     MSVCRT:initializers.obj
 0002:000004d8       __xi_a                     00000001800324d8     MSVCRT:initializers.obj
 0002:000004e0       __xi_z                     00000001800324e0     MSVCRT:initializers.obj
 0002:000004e8       __xp_a                     00000001800324e8     MSVCRT:initializers.obj
 0002:000004f0       __xp_z                     00000001800324f0     MSVCRT:initializers.obj
 0002:000004f8       __xt_a                     00000001800324f8     MSVCRT:initializers.obj
 0002:00000500       __xt_z                     0000000180032500     MSVCRT:initializers.obj
 0002:00000510       __real@415d28c940000000    0000000180032510     dsogi_pll_3ph_sfun.obj
 0002:00000518       __real@41a935fb7a000000    0000000180032518     dsogi_pll_3ph_sfun.obj
 0002:00000520       __real@41b82a9620000000    0000000180032520     dsogi_pll_3ph_sfun.obj
 0002:00000528       __real@41c25c6bf7000000    0000000180032528     dsogi_pll_3ph_sfun.obj
 0002:00000530       __real@41c7e1b916000000    0000000180032530     dsogi_pll_3ph_sfun.obj
 0002:00000538       __real@41d6fe0789400000    0000000180032538     dsogi_pll_3ph_sfun.obj
 0002:00000540       __real@41e023d7b7a00000    0000000180032540     dsogi_pll_3ph_sfun.obj
 0002:00000548       __real@41e25b5af5800000    0000000180032548     dsogi_pll_3ph_sfun.obj
 0002:00000550       __real@41e3dc35ef000000    0000000180032550     dsogi_pll_3ph_sfun.obj
 0002:00000558       __real@41e7150d7b000000    0000000180032558     dsogi_pll_3ph_sfun.obj
 0002:00000560       __real@41e9cf9d18e00000    0000000180032560     dsogi_pll_3ph_sfun.obj
 0002:00000568       __real@41ee0a61e6400000    0000000180032568     dsogi_pll_3ph_sfun.obj
 0002:00000578       __real@0000000000000000    0000000180032578     c1_dsogi_pll_3ph.obj
 0002:00000580       __real@3f1a36e2eb1c432d    0000000180032580     c1_dsogi_pll_3ph.obj
 0002:00000588       __real@3fe0000000000000    0000000180032588     c1_dsogi_pll_3ph.obj
 0002:00000590       __real@3ff0000000000000    0000000180032590     c1_dsogi_pll_3ph.obj
 0002:00000598       __real@4000000000000000    0000000180032598     c1_dsogi_pll_3ph.obj
 0002:000005a0       __real@4010000000000000    00000001800325a0     c1_dsogi_pll_3ph.obj
 0002:000005a8       __real@4020000000000000    00000001800325a8     c1_dsogi_pll_3ph.obj
 0002:000005b0       __real@40c3880000000000    00000001800325b0     c1_dsogi_pll_3ph.obj
 0002:000005b8       __real@419cd5cde0000000    00000001800325b8     c1_dsogi_pll_3ph.obj
 0002:000005c0       __real@41d43442bdc00000    00000001800325c0     c1_dsogi_pll_3ph.obj
 0002:000005c8       __real@41dae6cef5000000    00000001800325c8     c1_dsogi_pll_3ph.obj
 0002:000005d0       __real@41e7e7df64e00000    00000001800325d0     c1_dsogi_pll_3ph.obj
 0002:000005e0       __xmm@80000000000000008000000000000000 00000001800325e0     c1_dsogi_pll_3ph.obj
 0002:00000600       __real@3fe5555555555555    0000000180032600     c10_dsogi_pll_3ph.obj
 0002:00000608       __real@3ffbb67ae8584caa    0000000180032608     c10_dsogi_pll_3ph.obj
 0002:00000610       __real@41d46c9d5e800000    0000000180032610     c10_dsogi_pll_3ph.obj
 0002:00000618       __real@41d9b9acdd000000    0000000180032618     c10_dsogi_pll_3ph.obj
 0002:00000620       __real@41ea22332c600000    0000000180032620     c10_dsogi_pll_3ph.obj
 0002:00000628       __real@41ee9de985c00000    0000000180032628     c10_dsogi_pll_3ph.obj
 0002:00000638       __real@41c63d793a800000    0000000180032638     c17_dsogi_pll_3ph.obj
 0002:00000640       __real@41c6a448c4000000    0000000180032640     c17_dsogi_pll_3ph.obj
 0002:00000648       __real@41e493e48aa00000    0000000180032648     c17_dsogi_pll_3ph.obj
 0002:00000650       __real@41e6e15b3b200000    0000000180032650     c17_dsogi_pll_3ph.obj
 0002:00000660       __real@41a5bc77e6000000    0000000180032660     c18_dsogi_pll_3ph.obj
 0002:00000668       __real@41d93b8d93c00000    0000000180032668     c18_dsogi_pll_3ph.obj
 0002:00000670       __real@41e2112533000000    0000000180032670     c18_dsogi_pll_3ph.obj
 0002:00000678       __real@41ecb1f1d8a00000    0000000180032678     c18_dsogi_pll_3ph.obj
 0002:00000698       __real@41c2250e9f800000    0000000180032698     c21_dsogi_pll_3ph.obj
 0002:000006a0       __real@41c3d69281800000    00000001800326a0     c21_dsogi_pll_3ph.obj
 0002:000006a8       __real@41e600aacda00000    00000001800326a8     c21_dsogi_pll_3ph.obj
 0002:000006b0       __real@41ecb64973800000    00000001800326b0     c21_dsogi_pll_3ph.obj
 0002:000006e8       __real@41e29b0393800000    00000001800326e8     c23_dsogi_pll_3ph.obj
 0002:000006f0       __real@41e8e631b5a00000    00000001800326f0     c23_dsogi_pll_3ph.obj
 0002:000006f8       __real@41ecadef4c200000    00000001800326f8     c23_dsogi_pll_3ph.obj
 0002:00000700       __real@41eec2ef75600000    0000000180032700     c23_dsogi_pll_3ph.obj
 0002:00000708       __real@bff0000000000000    0000000180032708     c23_dsogi_pll_3ph.obj
 0002:00000710       __real@c00921fb54442d18    0000000180032710     c23_dsogi_pll_3ph.obj
 0002:00000720       __real@4199680cc8000000    0000000180032720     c24_dsogi_pll_3ph.obj
 0002:00000728       __real@41d5d1f9f3400000    0000000180032728     c24_dsogi_pll_3ph.obj
 0002:00000730       __real@41d6c3680b400000    0000000180032730     c24_dsogi_pll_3ph.obj
 0002:00000738       __real@41e987c905800000    0000000180032738     c24_dsogi_pll_3ph.obj
 0002:00000748       __real@3fefae147ae147ad    0000000180032748     c25_dsogi_pll_3ph.obj
 0002:00000750       __real@400921fb54442d18    0000000180032750     c25_dsogi_pll_3ph.obj
 0002:00000758       __real@4069000000000000    0000000180032758     c25_dsogi_pll_3ph.obj
 0002:00000760       __real@41b61351ca000000    0000000180032760     c25_dsogi_pll_3ph.obj
 0002:00000768       __real@41e05cebffa00000    0000000180032768     c25_dsogi_pll_3ph.obj
 0002:00000770       __real@41e2f350c5200000    0000000180032770     c25_dsogi_pll_3ph.obj
 0002:00000778       __real@41e8eba070400000    0000000180032778     c25_dsogi_pll_3ph.obj
 0002:00000788       __real@41d804d742c00000    0000000180032788     c26_dsogi_pll_3ph.obj
 0002:00000790       __real@41dafb539c000000    0000000180032790     c26_dsogi_pll_3ph.obj
 0002:00000798       __real@41debd9643800000    0000000180032798     c26_dsogi_pll_3ph.obj
 0002:000007a0       __real@41ea49a25b400000    00000001800327a0     c26_dsogi_pll_3ph.obj
 0002:000007a8       DYNAMIC_DIMENSION_DEF      00000001800327a8     dsogi_pll_3ph_sfun_registry.obj
 0002:000007c0       __real@41602cbca0000000    00000001800327c0     dsogi_pll_3ph_sfun_registry.obj
 0002:000007c8       __real@77800000            00000001800327c8     half_type.obj
 0002:000007e0       _pDefaultRawDllMain        00000001800327e0     MSVCRT:dll_dllmain.obj
 0002:000007e0       _pRawDllMain               00000001800327e0     MSVCRT:dll_dllmain.obj
 0002:000007f0       __xmm@ffffffffffffffffffffffffffffffff 00000001800327f0     MSVCRT:utility.obj
 0002:00000800       _load_config_used          0000000180032800     MSVCRT:loadcfg.obj
 0002:00000980       __CastGuardVftablesStart   0000000180032980     MSVCRT:guard_support.obj
 0002:00000a00       __CastGuardVftablesEnd     0000000180032a00     MSVCRT:guard_support.obj
 0002:00000a80       __volatile_metadata        0000000180032a80     <linker-defined>
 0002:00000f98       __rtc_iaa                  0000000180032f98     MSVCRT:initsect.obj
 0002:00000fa0       __rtc_izz                  0000000180032fa0     MSVCRT:initsect.obj
 0002:00000fa8       __rtc_taa                  0000000180032fa8     MSVCRT:initsect.obj
 0002:00000fb0       __rtc_tzz                  0000000180032fb0     MSVCRT:initsect.obj
 0002:00002a6c       __IMPORT_DESCRIPTOR_sf_runtime 0000000180034a6c     sf_runtime:sf_runtime.dll
 0002:00002a80       __IMPORT_DESCRIPTOR_libmx  0000000180034a80     libmx:libmx.dll
 0002:00002a94       __IMPORT_DESCRIPTOR_libmex 0000000180034a94     libmex:libmex.dll
 0002:00002aa8       __IMPORT_DESCRIPTOR_libut  0000000180034aa8     libut:libut.dll
 0002:00002abc       __IMPORT_DESCRIPTOR_libmwmathutil 0000000180034abc     libmwmathutil:libmwmathutil.dll
 0002:00002ad0       __IMPORT_DESCRIPTOR_libemlrt 0000000180034ad0     libemlrt:libemlrt.dll
 0002:00002ae4       __IMPORT_DESCRIPTOR_libcovrt 0000000180034ae4     libcovrt:libcovrt.dll
 0002:00002af8       __IMPORT_DESCRIPTOR_KERNEL32 0000000180034af8     kernel32:KERNEL32.dll
 0002:00002b0c       __IMPORT_DESCRIPTOR_VCRUNTIME140 0000000180034b0c     vcruntime:VCRUNTIME140.dll
 0002:00002b20       __IMPORT_DESCRIPTOR_api-ms-win-crt-string-l1-1-0 0000000180034b20     ucrt:api-ms-win-crt-string-l1-1-0.dll
 0002:00002b34       __IMPORT_DESCRIPTOR_api-ms-win-crt-math-l1-1-0 0000000180034b34     ucrt:api-ms-win-crt-math-l1-1-0.dll
 0002:00002b48       __IMPORT_DESCRIPTOR_api-ms-win-crt-stdio-l1-1-0 0000000180034b48     ucrt:api-ms-win-crt-stdio-l1-1-0.dll
 0002:00002b5c       __IMPORT_DESCRIPTOR_api-ms-win-crt-heap-l1-1-0 0000000180034b5c     ucrt:api-ms-win-crt-heap-l1-1-0.dll
 0002:00002b70       __IMPORT_DESCRIPTOR_api-ms-win-crt-runtime-l1-1-0 0000000180034b70     ucrt:api-ms-win-crt-runtime-l1-1-0.dll
 0002:00002b84       __NULL_IMPORT_DESCRIPTOR   0000000180034b84     sf_runtime:sf_runtime.dll
 0003:00008630       DYNAMIC_DIMENSION          000000018003e630     dsogi_pll_3ph_sfun_registry.obj
 0003:0000ac10       __security_cookie_complement 0000000180040c10     MSVCRT:gs_cookie.obj
 0003:0000ac18       __security_cookie          0000000180040c18     MSVCRT:gs_cookie.obj
 0003:0000ac20       _fltused                   0000000180040c20     MSVCRT:fltused.obj
 0003:0000ac24       __scrt_native_dllmain_reason 0000000180040c24     MSVCRT:utility.obj
 0003:0000ac28       __isa_available            0000000180040c28     MSVCRT:cpu_disp.obj
 0003:0000ac2c       __isa_enabled              0000000180040c2c     MSVCRT:cpu_disp.obj
 0003:0000ac30       __memset_fast_string_threshold 0000000180040c30     MSVCRT:cpu_disp.obj
 0003:0000ac38       __memset_nt_threshold      0000000180040c38     MSVCRT:cpu_disp.obj
 0003:0000ac40       __scrt_ucrt_dll_is_in_use  0000000180040c40     MSVCRT:ucrt_stubs.obj
 0003:000101c0       ?__type_info_root_node@@3U__type_info_node@@A 00000001800461c0     MSVCRT:tncleanup.obj
 0003:000101d0       ?_OptionsStorage@?1??__local_stdio_printf_options@@9@4_KA 00000001800461d0     MSVCRT:default_local_stdio_options.obj
 0003:000101d8       ?_OptionsStorage@?1??__local_stdio_scanf_options@@9@4_KA 00000001800461d8     MSVCRT:default_local_stdio_options.obj
 0003:000101e0       __scrt_current_native_startup_state 00000001800461e0     MSVCRT:utility.obj
 0003:000101e8       __scrt_native_startup_lock 00000001800461e8     MSVCRT:utility.obj
 0003:00010228       __scrt_debugger_hook_flag  0000000180046228     MSVCRT:utility_desktop.obj
 0003:00010230       __castguard_check_failure_user_handled_fptr 0000000180046230     MSVCRT:guard_support.obj
 0003:00010238       __favor                    0000000180046238     MSVCRT:cpu_disp.obj
 0003:00010240       ?_OptionsStorage@?1??__local_stdio_printf_options@@9@9 0000000180046240     <common>
 0003:00010248       __dyn_tls_init_callback    0000000180046248     <common>

 entry point at        0001:0002f264

 Static symbols

 0000:00000000       _volmd                     0000000180000000     c10_dsogi_pll_3ph.obj
 0000:00000000       _volmd                     0000000180000000     c17_dsogi_pll_3ph.obj
 0000:00000000       _volmd                     0000000180000000     c18_dsogi_pll_3ph.obj
 0000:00000000       _volmd                     0000000180000000     c19_dsogi_pll_3ph.obj
 0000:00000000       _volmd                     0000000180000000     c1_dsogi_pll_3ph.obj
 0000:00000000       _volmd                     0000000180000000     c20_dsogi_pll_3ph.obj
 0000:00000000       _volmd                     0000000180000000     c21_dsogi_pll_3ph.obj
 0000:00000000       _volmd                     0000000180000000     c22_dsogi_pll_3ph.obj
 0000:00000000       _volmd                     0000000180000000     c23_dsogi_pll_3ph.obj
 0000:00000000       _volmd                     0000000180000000     c24_dsogi_pll_3ph.obj
 0000:00000000       _volmd                     0000000180000000     c25_dsogi_pll_3ph.obj
 0000:00000000       _volmd                     0000000180000000     c26_dsogi_pll_3ph.obj
 0000:00000000       _volmd                     0000000180000000     c2_dsogi_pll_3ph.obj
 0000:00000000       .debug$S                   0000000180000000     dsogi_pll_3ph_sfun.exp
 0000:00000000       _volmd                     0000000180000000     dsogi_pll_3ph_sfun.obj
 0000:00000000       _volmd                     0000000180000000     dsogi_pll_3ph_sfun_registry.obj
 0000:00000000       .debug$S                   0000000180000000     ucrt:api-ms-win-crt-heap-l1-1-0.dll
 0000:00000000       .debug$S                   0000000180000000     ucrt:api-ms-win-crt-heap-l1-1-0.dll
 0000:00000000       .debug$S                   0000000180000000     ucrt:api-ms-win-crt-math-l1-1-0.dll
 0000:00000000       .debug$S                   0000000180000000     ucrt:api-ms-win-crt-runtime-l1-1-0.dll
 0000:00000000       .debug$S                   0000000180000000     ucrt:api-ms-win-crt-runtime-l1-1-0.dll
 0000:00000000       .debug$S                   0000000180000000     ucrt:api-ms-win-crt-runtime-l1-1-0.dll
 0000:00000000       .debug$S                   0000000180000000     ucrt:api-ms-win-crt-runtime-l1-1-0.dll
 0000:00000000       .debug$S                   0000000180000000     ucrt:api-ms-win-crt-runtime-l1-1-0.dll
 0000:00000000       .debug$S                   0000000180000000     ucrt:api-ms-win-crt-runtime-l1-1-0.dll
 0000:00000000       .debug$S                   0000000180000000     ucrt:api-ms-win-crt-runtime-l1-1-0.dll
 0000:00000000       .debug$S                   0000000180000000     ucrt:api-ms-win-crt-runtime-l1-1-0.dll
 0000:00000000       .debug$S                   0000000180000000     ucrt:api-ms-win-crt-runtime-l1-1-0.dll
 0000:00000000       .debug$S                   0000000180000000     ucrt:api-ms-win-crt-runtime-l1-1-0.dll
 0000:00000000       .debug$S                   0000000180000000     ucrt:api-ms-win-crt-runtime-l1-1-0.dll
 0000:00000000       .debug$S                   0000000180000000     ucrt:api-ms-win-crt-runtime-l1-1-0.dll
 0000:00000000       .debug$S                   0000000180000000     ucrt:api-ms-win-crt-stdio-l1-1-0.dll
 0000:00000000       .debug$S                   0000000180000000     ucrt:api-ms-win-crt-string-l1-1-0.dll
 0000:00000000       .debug$S                   0000000180000000     ucrt:api-ms-win-crt-string-l1-1-0.dll
 0000:00000000       .debug$S                   0000000180000000     ucrt:api-ms-win-crt-string-l1-1-0.dll
 0000:00000000       .debug$S                   0000000180000000     kernel32:KERNEL32.dll
 0000:00000000       .debug$S                   0000000180000000     kernel32:KERNEL32.dll
 0000:00000000       .debug$S                   0000000180000000     kernel32:KERNEL32.dll
[...]
 0003:00009278       $SG29261                   000000018003f278     dsogi_pll_3ph_sfun_registry.obj
 0003:00009280       $SG29263                   000000018003f280     dsogi_pll_3ph_sfun_registry.obj
 0003:000092b8       $SG29264                   000000018003f2b8     dsogi_pll_3ph_sfun_registry.obj
 0003:000092c8       $SG29265                   000000018003f2c8     dsogi_pll_3ph_sfun_registry.obj
 0003:000092d0       $SG29268                   000000018003f2d0     dsogi_pll_3ph_sfun_registry.obj
 0003:00009308       $SG29269                   000000018003f308     dsogi_pll_3ph_sfun_registry.obj
 0003:00009318       $SG29270                   000000018003f318     dsogi_pll_3ph_sfun_registry.obj
 0003:00009320       $SG29272                   000000018003f320     dsogi_pll_3ph_sfun_registry.obj
 0003:00009358       $SG29273                   000000018003f358     dsogi_pll_3ph_sfun_registry.obj
 0003:00009368       $SG29274                   000000018003f368     dsogi_pll_3ph_sfun_registry.obj
 0003:00009370       $SG29276                   000000018003f370     dsogi_pll_3ph_sfun_registry.obj
 0003:000093a8       $SG29277                   000000018003f3a8     dsogi_pll_3ph_sfun_registry.obj
 0003:000093b8       $SG29278                   000000018003f3b8     dsogi_pll_3ph_sfun_registry.obj
 0003:000093c0       $SG29281                   000000018003f3c0     dsogi_pll_3ph_sfun_registry.obj
 0003:000093c8       $SG29283                   000000018003f3c8     dsogi_pll_3ph_sfun_registry.obj
 0003:000093e0       $SG29284                   000000018003f3e0     dsogi_pll_3ph_sfun_registry.obj
 0003:00009418       $SG29285                   000000018003f418     dsogi_pll_3ph_sfun_registry.obj
 0003:00009428       $SG29286                   000000018003f428     dsogi_pll_3ph_sfun_registry.obj
 0003:00009430       $SG29456                   000000018003f430     dsogi_pll_3ph_sfun_registry.obj
 0003:00009450       $SG29457                   000000018003f450     dsogi_pll_3ph_sfun_registry.obj
 0003:000094e0       $SG29463                   000000018003f4e0     dsogi_pll_3ph_sfun_registry.obj
 0003:000094f8       $SG29470                   000000018003f4f8     dsogi_pll_3ph_sfun_registry.obj
 0003:00009510       $SG29464                   000000018003f510     dsogi_pll_3ph_sfun_registry.obj
 0003:000095a0       $SG29471                   000000018003f5a0     dsogi_pll_3ph_sfun_registry.obj
 0003:00009630       $SG29477                   000000018003f630     dsogi_pll_3ph_sfun_registry.obj
 0003:00009650       $SG29478                   000000018003f650     dsogi_pll_3ph_sfun_registry.obj
 0003:000096e0       $SG29484                   000000018003f6e0     dsogi_pll_3ph_sfun_registry.obj
 0003:00009700       $SG29485                   000000018003f700     dsogi_pll_3ph_sfun_registry.obj
 0003:00009790       $SG29489                   000000018003f790     dsogi_pll_3ph_sfun_registry.obj
 0003:000097b0       $SG29490                   000000018003f7b0     dsogi_pll_3ph_sfun_registry.obj
 0003:00009840       $SG29494                   000000018003f840     dsogi_pll_3ph_sfun_registry.obj
 0003:00009868       $SG29499                   000000018003f868     dsogi_pll_3ph_sfun_registry.obj
 0003:00009890       $SG29495                   000000018003f890     dsogi_pll_3ph_sfun_registry.obj
 0003:00009920       $SG29500                   000000018003f920     dsogi_pll_3ph_sfun_registry.obj
 0003:000099b0       $SG29504                   000000018003f9b0     dsogi_pll_3ph_sfun_registry.obj
 0003:000099d0       $SG29505                   000000018003f9d0     dsogi_pll_3ph_sfun_registry.obj
 0003:00009a60       $SG29509                   000000018003fa60     dsogi_pll_3ph_sfun_registry.obj
 0003:00009a80       $SG29510                   000000018003fa80     dsogi_pll_3ph_sfun_registry.obj
 0003:00009b10       $SG29514                   000000018003fb10     dsogi_pll_3ph_sfun_registry.obj
 0003:00009b28       $SG29550                   000000018003fb28     dsogi_pll_3ph_sfun_registry.obj
 0003:00009b40       $SG29515                   000000018003fb40     dsogi_pll_3ph_sfun_registry.obj
 0003:00009bd0       $SG29519                   000000018003fbd0     dsogi_pll_3ph_sfun_registry.obj
 0003:00009bf0       $SG29520                   000000018003fbf0     dsogi_pll_3ph_sfun_registry.obj
 0003:00009c80       $SG29524                   000000018003fc80     dsogi_pll_3ph_sfun_registry.obj
 0003:00009ca0       $SG29525                   000000018003fca0     dsogi_pll_3ph_sfun_registry.obj
 0003:00009d30       $SG29529                   000000018003fd30     dsogi_pll_3ph_sfun_registry.obj
 0003:00009d50       $SG29530                   000000018003fd50     dsogi_pll_3ph_sfun_registry.obj
 0003:00009de0       $SG29534                   000000018003fde0     dsogi_pll_3ph_sfun_registry.obj
 0003:00009e00       $SG29535                   000000018003fe00     dsogi_pll_3ph_sfun_registry.obj
 0003:00009e90       $SG29539                   000000018003fe90     dsogi_pll_3ph_sfun_registry.obj
 0003:00009eb0       $SG29540                   000000018003feb0     dsogi_pll_3ph_sfun_registry.obj
 0003:00009f40       $SG29544                   000000018003ff40     dsogi_pll_3ph_sfun_registry.obj
 0003:00009f60       $SG29545                   000000018003ff60     dsogi_pll_3ph_sfun_registry.obj
 0003:00009ff0       $SG29551                   000000018003fff0     dsogi_pll_3ph_sfun_registry.obj
 0003:0000a080       $SG29556                   0000000180040080     dsogi_pll_3ph_sfun_registry.obj
 0003:0000a088       $SG29561                   0000000180040088     dsogi_pll_3ph_sfun_registry.obj
 0003:0000a0a0       $SG29557                   00000001800400a0     dsogi_pll_3ph_sfun_registry.obj
 0003:0000a130       $SG29562                   0000000180040130     dsogi_pll_3ph_sfun_registry.obj
 0003:0000a1c0       $SG29566                   00000001800401c0     dsogi_pll_3ph_sfun_registry.obj
 0003:0000a1d0       $SG29567                   00000001800401d0     dsogi_pll_3ph_sfun_registry.obj
 0003:0000a260       $SG29571                   0000000180040260     dsogi_pll_3ph_sfun_registry.obj
 0003:0000a280       $SG29572                   0000000180040280     dsogi_pll_3ph_sfun_registry.obj
 0003:0000a310       $SG29576                   0000000180040310     dsogi_pll_3ph_sfun_registry.obj
 0003:0000a330       $SG29577                   0000000180040330     dsogi_pll_3ph_sfun_registry.obj
 0003:0000a3c0       $SG29581                   00000001800403c0     dsogi_pll_3ph_sfun_registry.obj
 0003:0000a3d0       $SG29582                   00000001800403d0     dsogi_pll_3ph_sfun_registry.obj
 0003:0000a460       $SG29586                   0000000180040460     dsogi_pll_3ph_sfun_registry.obj
 0003:0000a470       $SG29587                   0000000180040470     dsogi_pll_3ph_sfun_registry.obj
 0003:0000a500       $SG29591                   0000000180040500     dsogi_pll_3ph_sfun_registry.obj
 0003:0000a518       $SG29596                   0000000180040518     dsogi_pll_3ph_sfun_registry.obj
 0003:0000a530       $SG29592                   0000000180040530     dsogi_pll_3ph_sfun_registry.obj
 0003:0000a5c0       $SG29597                   00000001800405c0     dsogi_pll_3ph_sfun_registry.obj
 0003:0000a650       $SG29601                   0000000180040650     dsogi_pll_3ph_sfun_registry.obj
 0003:0000a660       $SG29602                   0000000180040660     dsogi_pll_3ph_sfun_registry.obj
 0003:0000a6f0       $SG29610                   00000001800406f0     dsogi_pll_3ph_sfun_registry.obj
 0003:0000a700       $SG29611                   0000000180040700     dsogi_pll_3ph_sfun_registry.obj
 0003:0000a790       $SG29617                   0000000180040790     dsogi_pll_3ph_sfun_registry.obj
 0003:0000a7a0       $SG29618                   00000001800407a0     dsogi_pll_3ph_sfun_registry.obj
 0003:0000a830       $SG29622                   0000000180040830     dsogi_pll_3ph_sfun_registry.obj
 0003:0000a840       $SG29623                   0000000180040840     dsogi_pll_3ph_sfun_registry.obj
 0003:0000a8d0       $SG29628                   00000001800408d0     dsogi_pll_3ph_sfun_registry.obj
 0003:0000a8e0       $SG29629                   00000001800408e0     dsogi_pll_3ph_sfun_registry.obj
 0003:0000a970       $SG29633                   0000000180040970     dsogi_pll_3ph_sfun_registry.obj
 0003:0000a9e8       $SG29676                   00000001800409e8     dsogi_pll_3ph_sfun_registry.obj
 0003:0000a9f8       $SG29757                   00000001800409f8     dsogi_pll_3ph_sfun_registry.obj
 0003:0000aa00       $SG29663                   0000000180040a00     dsogi_pll_3ph_sfun_registry.obj
 0003:0000ab18       $SG29687                   0000000180040b18     dsogi_pll_3ph_sfun_registry.obj
 0003:0000ab28       $SG29700                   0000000180040b28     dsogi_pll_3ph_sfun_registry.obj
 0003:0000ab38       $SG29711                   0000000180040b38     dsogi_pll_3ph_sfun_registry.obj
 0003:0000ab48       $SG29724                   0000000180040b48     dsogi_pll_3ph_sfun_registry.obj
 0003:0000ab58       $SG29735                   0000000180040b58     dsogi_pll_3ph_sfun_registry.obj
 0003:0000ab68       $SG29745                   0000000180040b68     dsogi_pll_3ph_sfun_registry.obj
 0003:0000ab88       $SG29756                   0000000180040b88     dsogi_pll_3ph_sfun_registry.obj
 0003:0000abb8       $SG29758                   0000000180040bb8     dsogi_pll_3ph_sfun_registry.obj
 0003:0000abc0       $SG29769                   0000000180040bc0     dsogi_pll_3ph_sfun_registry.obj
 0003:0000abf8       $SG29770                   0000000180040bf8     dsogi_pll_3ph_sfun_registry.obj
 0003:0000ac00       $SG29771                   0000000180040c00     dsogi_pll_3ph_sfun_registry.obj
 0003:0000ac50       sRtwOptimizationInfoStruct 0000000180040c50     dsogi_pll_3ph_sfun.obj
 0003:0000ac58       sOptimizationInfoFlags     0000000180040c58     dsogi_pll_3ph_sfun.obj
 0003:0000ac60       _sfTime_                   0000000180040c60     c1_dsogi_pll_3ph.obj
 0003:0000ac68       $SG27007                   0000000180040c68     c1_dsogi_pll_3ph.obj
 0003:0000ac69       $SG27024                   0000000180040c69     c1_dsogi_pll_3ph.obj
 0003:0000ac6a       $SG27307                   0000000180040c6a     c1_dsogi_pll_3ph.obj
 0003:0000ac6b       $SG27308                   0000000180040c6b     c1_dsogi_pll_3ph.obj
 0003:0000ac6c       $SG27459                   0000000180040c6c     c1_dsogi_pll_3ph.obj
 0003:0000ac70       ?newstr@?1??sf_c1_dsogi_pll_3ph_get_post_codegen_info@@9@9 0000000180040c70     c1_dsogi_pll_3ph.obj
 0003:0000b290       _sfTime_                   0000000180041290     c2_dsogi_pll_3ph.obj
 0003:0000b298       $SG27007                   0000000180041298     c2_dsogi_pll_3ph.obj
 0003:0000b299       $SG27024                   0000000180041299     c2_dsogi_pll_3ph.obj
 0003:0000b29a       $SG27307                   000000018004129a     c2_dsogi_pll_3ph.obj
 0003:0000b29b       $SG27308                   000000018004129b     c2_dsogi_pll_3ph.obj
 0003:0000b29c       $SG27459                   000000018004129c     c2_dsogi_pll_3ph.obj
 0003:0000b2a0       ?newstr@?1??sf_c2_dsogi_pll_3ph_get_post_codegen_info@@9@9 00000001800412a0     c2_dsogi_pll_3ph.obj
 0003:0000b8c0       _sfTime_                   00000001800418c0     c10_dsogi_pll_3ph.obj
 0003:0000b8c8       $SG27008                   00000001800418c8     c10_dsogi_pll_3ph.obj
 0003:0000b8c9       $SG27025                   00000001800418c9     c10_dsogi_pll_3ph.obj
 0003:0000b8ca       $SG27281                   00000001800418ca     c10_dsogi_pll_3ph.obj
 0003:0000b8cb       $SG27282                   00000001800418cb     c10_dsogi_pll_3ph.obj
 0003:0000b8cc       $SG27433                   00000001800418cc     c10_dsogi_pll_3ph.obj
 0003:0000b8d0       ?newstr@?1??sf_c10_dsogi_pll_3ph_get_post_codegen_info@@9@9 00000001800418d0     c10_dsogi_pll_3ph.obj
 0003:0000bef0       _sfTime_                   0000000180041ef0     c17_dsogi_pll_3ph.obj
 0003:0000bef8       $SG27000                   0000000180041ef8     c17_dsogi_pll_3ph.obj
 0003:0000bef9       $SG27017                   0000000180041ef9     c17_dsogi_pll_3ph.obj
 0003:0000befa       $SG27248                   0000000180041efa     c17_dsogi_pll_3ph.obj
 0003:0000befb       $SG27249                   0000000180041efb     c17_dsogi_pll_3ph.obj
 0003:0000befc       $SG27400                   0000000180041efc     c17_dsogi_pll_3ph.obj
 0003:0000bf00       ?newstr@?1??sf_c17_dsogi_pll_3ph_get_post_codegen_info@@9@9 0000000180041f00     c17_dsogi_pll_3ph.obj
 0003:0000c500       _sfTime_                   0000000180042500     c18_dsogi_pll_3ph.obj
 0003:0000c508       $SG27000                   0000000180042508     c18_dsogi_pll_3ph.obj
 0003:0000c509       $SG27017                   0000000180042509     c18_dsogi_pll_3ph.obj
 0003:0000c50a       $SG27248                   000000018004250a     c18_dsogi_pll_3ph.obj
 0003:0000c50b       $SG27249                   000000018004250b     c18_dsogi_pll_3ph.obj
 0003:0000c50c       $SG27400                   000000018004250c     c18_dsogi_pll_3ph.obj
 0003:0000c510       ?newstr@?1??sf_c18_dsogi_pll_3ph_get_post_codegen_info@@9@9 0000000180042510     c18_dsogi_pll_3ph.obj
 0003:0000cb20       _sfTime_                   0000000180042b20     c19_dsogi_pll_3ph.obj
 0003:0000cb28       $SG27000                   0000000180042b28     c19_dsogi_pll_3ph.obj
 0003:0000cb29       $SG27017                   0000000180042b29     c19_dsogi_pll_3ph.obj
 0003:0000cb2a       $SG27248                   0000000180042b2a     c19_dsogi_pll_3ph.obj
 0003:0000cb2b       $SG27249                   0000000180042b2b     c19_dsogi_pll_3ph.obj
 0003:0000cb2c       $SG27400                   0000000180042b2c     c19_dsogi_pll_3ph.obj
 0003:0000cb30       ?newstr@?1??sf_c19_dsogi_pll_3ph_get_post_codegen_info@@9@9 0000000180042b30     c19_dsogi_pll_3ph.obj
 0003:0000d130       _sfTime_                   0000000180043130     c20_dsogi_pll_3ph.obj
 0003:0000d138       $SG27000                   0000000180043138     c20_dsogi_pll_3ph.obj
 0003:0000d139       $SG27017                   0000000180043139     c20_dsogi_pll_3ph.obj
 0003:0000d13a       $SG27248                   000000018004313a     c20_dsogi_pll_3ph.obj
 0003:0000d13b       $SG27249                   000000018004313b     c20_dsogi_pll_3ph.obj
 0003:0000d13c       $SG27400                   000000018004313c     c20_dsogi_pll_3ph.obj
 0003:0000d140       ?newstr@?1??sf_c20_dsogi_pll_3ph_get_post_codegen_info@@9@9 0000000180043140     c20_dsogi_pll_3ph.obj
 0003:0000d750       _sfTime_                   0000000180043750     c21_dsogi_pll_3ph.obj
 0003:0000d758       $SG27000                   0000000180043758     c21_dsogi_pll_3ph.obj
 0003:0000d759       $SG27017                   0000000180043759     c21_dsogi_pll_3ph.obj
 0003:0000d75a       $SG27248                   000000018004375a     c21_dsogi_pll_3ph.obj
 0003:0000d75b       $SG27249                   000000018004375b     c21_dsogi_pll_3ph.obj
 0003:0000d75c       $SG27400                   000000018004375c     c21_dsogi_pll_3ph.obj
 0003:0000d760       ?newstr@?1??sf_c21_dsogi_pll_3ph_get_post_codegen_info@@9@9 0000000180043760     c21_dsogi_pll_3ph.obj
 0003:0000dd70       _sfTime_                   0000000180043d70     c22_dsogi_pll_3ph.obj
 0003:0000dd78       $SG27000                   0000000180043d78     c22_dsogi_pll_3ph.obj
 0003:0000dd79       $SG27017                   0000000180043d79     c22_dsogi_pll_3ph.obj
 0003:0000dd7a       $SG27248                   0000000180043d7a     c22_dsogi_pll_3ph.obj
 0003:0000dd7b       $SG27249                   0000000180043d7b     c22_dsogi_pll_3ph.obj
 0003:0000dd7c       $SG27400                   0000000180043d7c     c22_dsogi_pll_3ph.obj
 0003:0000dd80       ?newstr@?1??sf_c22_dsogi_pll_3ph_get_post_codegen_info@@9@9 0000000180043d80     c22_dsogi_pll_3ph.obj
 0003:0000e390       _sfTime_                   0000000180044390     c23_dsogi_pll_3ph.obj
 0003:0000e398       $SG27004                   0000000180044398     c23_dsogi_pll_3ph.obj
 0003:0000e399       $SG27027                   0000000180044399     c23_dsogi_pll_3ph.obj
 0003:0000e39a       $SG27321                   000000018004439a     c23_dsogi_pll_3ph.obj
 0003:0000e39b       $SG27322                   000000018004439b     c23_dsogi_pll_3ph.obj
 0003:0000e39c       $SG27475                   000000018004439c     c23_dsogi_pll_3ph.obj
 0003:0000e3a0       ?newstr@?1??sf_c23_dsogi_pll_3ph_get_post_codegen_info@@9@9 00000001800443a0     c23_dsogi_pll_3ph.obj
 0003:0000e9d0       _sfTime_                   00000001800449d0     c24_dsogi_pll_3ph.obj
 0003:0000e9d8       $SG27003                   00000001800449d8     c24_dsogi_pll_3ph.obj
 0003:0000e9d9       $SG27020                   00000001800449d9     c24_dsogi_pll_3ph.obj
 0003:0000e9da       $SG27271                   00000001800449da     c24_dsogi_pll_3ph.obj
 0003:0000e9db       $SG27272                   00000001800449db     c24_dsogi_pll_3ph.obj
 0003:0000e9dc       $SG27423                   00000001800449dc     c24_dsogi_pll_3ph.obj
 0003:0000e9e0       ?newstr@?1??sf_c24_dsogi_pll_3ph_get_post_codegen_info@@9@9 00000001800449e0     c24_dsogi_pll_3ph.obj
 0003:0000f000       _sfTime_                   0000000180045000     c25_dsogi_pll_3ph.obj
 0003:0000f008       $SG27001                   0000000180045008     c25_dsogi_pll_3ph.obj
 0003:0000f009       $SG27018                   0000000180045009     c25_dsogi_pll_3ph.obj
 0003:0000f00a       $SG27262                   000000018004500a     c25_dsogi_pll_3ph.obj
 0003:0000f00b       $SG27263                   000000018004500b     c25_dsogi_pll_3ph.obj
 0003:0000f00c       $SG27414                   000000018004500c     c25_dsogi_pll_3ph.obj
 0003:0000f010       ?newstr@?1??sf_c25_dsogi_pll_3ph_get_post_codegen_info@@9@9 0000000180045010     c25_dsogi_pll_3ph.obj
 0003:0000f620       _sfTime_                   0000000180045620     c26_dsogi_pll_3ph.obj
 0003:0000f628       $SG27000                   0000000180045628     c26_dsogi_pll_3ph.obj
 0003:0000f629       $SG27017                   0000000180045629     c26_dsogi_pll_3ph.obj
 0003:0000f62a       $SG27248                   000000018004562a     c26_dsogi_pll_3ph.obj
 0003:0000f62b       $SG27249                   000000018004562b     c26_dsogi_pll_3ph.obj
 0003:0000f62c       $SG27400                   000000018004562c     c26_dsogi_pll_3ph.obj
 0003:0000f630       ?newstr@?1??sf_c26_dsogi_pll_3ph_get_post_codegen_info@@9@9 0000000180045630     c26_dsogi_pll_3ph.obj
 0003:0000fc38       sfGlobalMdlStartCallCounts 0000000180045c38     dsogi_pll_3ph_sfun_registry.obj
 0003:0000fc3c       $SG29108                   0000000180045c3c     dsogi_pll_3ph_sfun_registry.obj
 0003:0000fc3e       ?warningGuard@?1??ssGetRootSS@@9@9 0000000180045c3e     dsogi_pll_3ph_sfun_registry.obj
 0003:0000fc3f       ?warningGuard@?1??ssGetParentSS@@9@9 0000000180045c3f     dsogi_pll_3ph_sfun_registry.obj
 0003:0000fc40       GS_ExceptionRecord         0000000180045c40     MSVCRT:gs_report.obj
 0003:0000fce0       GS_ContextRecord           0000000180045ce0     MSVCRT:gs_report.obj
 0003:000101b0       ?__proc_attached@@3HA      00000001800461b0     MSVCRT:dll_dllmain.obj
 0003:000101f0       ?is_initialized_as_dll@@3_NA 00000001800461f0     MSVCRT:utility.obj
 0003:000101f1       ?module_local_atexit_table_initialized@@3_NA 00000001800461f1     MSVCRT:utility.obj
 0003:000101f8       ?module_local_atexit_table@@3U_onexit_table_t@@A 00000001800461f8     MSVCRT:utility.obj
 0003:00010210       ?module_local_at_quick_exit_table@@3U_onexit_table_t@@A 0000000180046210     MSVCRT:utility.obj
